Component: ARM Compiler 5.06 update 7 (build 960) Tool: armlink [4d3601]

==============================================================================

Section Cross References

    main.o(.text) refers to rtx_kernel.o(.text) for osKernelGetState
    main.o(.text) refers to stm32f4xx_hal_rcc.o(.text) for HAL_RCC_OscConfig
    main.o(.text) refers to stm32f4xx_hal.o(.text) for HAL_GetREVID
    main.o(.text) refers to system_stm32f4xx.o(.text) for SystemCoreClockUpdate
    main.o(.text) refers to rtx_thread.o(.text) for osThreadNew
    main.o(.text) refers to system_stm32f4xx.o(.data) for SystemCoreClock
    main.o(.text) refers to main.o(.data) for .data
    main.o(.text) refers to http_server.o(.constdata) for app_main_attr
    main.o(.text) refers to http_server.o(.text) for app_main
    http_server.o(.text) refers to adc.o(.text) for ADC_Init_Conversion_Single
    http_server.o(.text) refers to ffixui.o(.text) for __aeabi_f2uiz
    http_server.o(.text) refers to fmul.o(.text) for __aeabi_fmul
    http_server.o(.text) refers to buttons_f429discovery.o(.text) for Buttons_GetState
    http_server.o(.text) refers to rtx_thread.o(.text) for osThreadFlagsSet
    http_server.o(.text) refers to strcpy.o(.text) for strcpy
    http_server.o(.text) refers to rtx_msgqueue.o(.text) for osMessageQueuePut
    http_server.o(.text) refers to leds.o(.text) for LED_SetOut
    http_server.o(.text) refers to rtx_delay.o(.text) for osDelay
    http_server.o(.text) refers to lcd.o(.text) for Init_display
    http_server.o(.text) refers to net_sys.o(i.netInitialize) for netInitialize
    http_server.o(.text) refers to http_server.o(.data) for .data
    http_server.o(.text) refers to http_server.o(.bss) for .bss
    http_server.o(.text) refers to lcd.o(.data) for IdqueueLCD
    http_server.o(.constdata) refers to http_server.o(.bss) for app_main_stk
    http_server_cgi.o(.text) refers to net_http_server.o(i.netCGI_GetEnvVar) for netCGI_GetEnvVar
    http_server_cgi.o(.text) refers to net_addr.o(i.netIP_aton) for netIP_aton
    http_server_cgi.o(.text) refers to net_sys.o(i.netIF_SetOption) for netIF_SetOption
    http_server_cgi.o(.text) refers to strcmp.o(.text) for strcmp
    http_server_cgi.o(.text) refers to strncmp.o(.text) for strncmp
    http_server_cgi.o(.text) refers to leds.o(.text) for LED_SetOut
    http_server_cgi.o(.text) refers to net_http_server.o(i.netHTTPs_LoginActive) for netHTTPs_LoginActive
    http_server_cgi.o(.text) refers to strcpy.o(.text) for strcpy
    http_server_cgi.o(.text) refers to net_http_server.o(i.netHTTPs_SetPassword) for netHTTPs_SetPassword
    http_server_cgi.o(.text) refers to rtx_msgqueue.o(.text) for osMessageQueuePut
    http_server_cgi.o(.text) refers to net_sys.o(i.netIF_GetOption) for netIF_GetOption
    http_server_cgi.o(.text) refers to net_addr.o(i.netIP_ntoa) for netIP_ntoa
    http_server_cgi.o(.text) refers to printfa.o(i.__0sprintf) for __2sprintf
    http_server_cgi.o(.text) refers to net_tcp.o(i.netTCP_GetState) for netTCP_GetState
    http_server_cgi.o(.text) refers to net_tcp.o(i.netTCP_GetPeer) for netTCP_GetPeer
    http_server_cgi.o(.text) refers to net_tcp.o(i.netTCP_GetTimer) for netTCP_GetTimer
    http_server_cgi.o(.text) refers to net_tcp.o(i.netTCP_GetLocalPort) for netTCP_GetLocalPort
    http_server_cgi.o(.text) refers to http_server_cgi.o(.bss) for .bss
    http_server_cgi.o(.text) refers to http_server_cgi.o(.data) for .data
    http_server_cgi.o(.text) refers to http_server.o(.data) for LEDrun
    http_server_cgi.o(.text) refers to http_server.o(.data) for lcd_text
    http_server_cgi.o(.text) refers to lcd.o(.data) for IdqueueLCD
    http_server_cgi.o(.text) refers to http_server_cgi.o(.conststring) for .conststring
    http_server_cgi.o(.text) refers to net_http_server.o(i.netHTTPs_GetPassword) for netHTTPs_GetPassword
    http_server_cgi.o(.text) refers to net_http_server.o(i.netHTTPs_GetLanguage) for netHTTPs_GetLanguage
    http_server_cgi.o(.text) refers to http_server.o(.text) for AD_in
    http_server_cgi.o(.text) refers to ffltui.o(.text) for __aeabi_ui2f
    http_server_cgi.o(.text) refers to fmul.o(.text) for __aeabi_fmul
    http_server_cgi.o(.text) refers to f2d.o(.text) for __aeabi_f2d
    http_server_cgi.o(.text) refers to dscalb.o(.text) for __ARM_scalbn
    web.o(.text) refers to web.o(.constdata) for .constdata
    web.o(.constdata) refers to web.o(.constdata) for imageFileData
    leds.o(.text) refers to stm32f4xx_hal_gpio.o(.text) for HAL_GPIO_Init
    leds.o(.text) refers to leds.o(.constdata) for .constdata
    lcd.o(.text) refers to stm32f4xx_hal_gpio.o(.text) for HAL_GPIO_WritePin
    lcd.o(.text) refers to stm32f4xx_hal_tim.o(.text) for HAL_TIM_Base_Init
    lcd.o(.text) refers to lcd.o(.data) for .data
    lcd.o(.text) refers to lcd.o(.bss) for .bss
    lcd.o(.text) refers to lcd.o(.constdata) for .constdata
    lcd.o(.text) refers to rtx_thread.o(.text) for osThreadFlagsGet
[...]
    scalbnf                                  0x0800d83d   Thumb Code     0  fscalb.o(.text)
    __ARM_scalbn                             0x0800d855   Thumb Code    46  dscalb.o(.text)
    scalbn                                   0x0800d855   Thumb Code     0  dscalb.o(.text)
    __aeabi_ui2f                             0x0800d883   Thumb Code    10  ffltui.o(.text)
    __aeabi_f2uiz                            0x0800d88d   Thumb Code    40  ffixui.o(.text)
    __aeabi_f2d                              0x0800d8b5   Thumb Code    38  f2d.o(.text)
    __aeabi_uidiv                            0x0800d8db   Thumb Code     0  uidiv.o(.text)
    __aeabi_uidivmod                         0x0800d8db   Thumb Code    44  uidiv.o(.text)
    __aeabi_llsl                             0x0800d907   Thumb Code    30  llshl.o(.text)
    _ll_shift_l                              0x0800d907   Thumb Code     0  llshl.o(.text)
    __aeabi_llsr                             0x0800d925   Thumb Code    32  llushr.o(.text)
    _ll_ushift_r                             0x0800d925   Thumb Code     0  llushr.o(.text)
    __I$use$fp                               0x0800d945   Thumb Code     0  iusefp.o(.text)
    _float_round                             0x0800d945   Thumb Code    18  fepilogue.o(.text)
    _float_epilogue                          0x0800d957   Thumb Code    92  fepilogue.o(.text)
    __aeabi_dadd                             0x0800d9b3   Thumb Code   322  dadd.o(.text)
    __aeabi_dsub                             0x0800daf5   Thumb Code     6  dadd.o(.text)
    __aeabi_drsub                            0x0800dafb   Thumb Code     6  dadd.o(.text)
    __aeabi_dmul                             0x0800db01   Thumb Code   228  dmul.o(.text)
    __aeabi_ddiv                             0x0800dbe5   Thumb Code   222  ddiv.o(.text)
    __aeabi_d2ulz                            0x0800dcc3   Thumb Code    48  dfixul.o(.text)
    __aeabi_cdrcmple                         0x0800dcf5   Thumb Code    48  cdrcmple.o(.text)
    __scatterload                            0x0800dd25   Thumb Code    28  init.o(.text)
    __scatterload_rt2                        0x0800dd25   Thumb Code     0  init.o(.text)
    __aeabi_lasr                             0x0800dd49   Thumb Code    36  llsshr.o(.text)
    _ll_sshift_r                             0x0800dd49   Thumb Code     0  llsshr.o(.text)
    _double_round                            0x0800dd6d   Thumb Code    30  depilogue.o(.text)
    _double_epilogue                         0x0800dd8b   Thumb Code   156  depilogue.o(.text)
    __decompress                             0x0800de27   Thumb Code     0  __dczerorl2.o(.text)
    __decompress1                            0x0800de27   Thumb Code    86  __dczerorl2.o(.text)
    __0sprintf                               0x0800de7d   Thumb Code    34  printfa.o(i.__0sprintf)
    __1sprintf                               0x0800de7d   Thumb Code     0  printfa.o(i.__0sprintf)
    __2sprintf                               0x0800de7d   Thumb Code     0  printfa.o(i.__0sprintf)
    __c89sprintf                             0x0800de7d   Thumb Code     0  printfa.o(i.__0sprintf)
    sprintf                                  0x0800de7d   Thumb Code     0  printfa.o(i.__0sprintf)
    __scatterload_copy                       0x0800dea5   Thumb Code    14  handlers.o(i.__scatterload_copy)
    __scatterload_null                       0x0800deb3   Thumb Code     2  handlers.o(i.__scatterload_null)
    __scatterload_zeroinit                   0x0800deb5   Thumb Code    14  handlers.o(i.__scatterload_zeroinit)
    netCGI_Charset                           0x080115f1   Thumb Code     4  net_http_server.o(i.netCGI_Charset)
    netCGI_ContentType                       0x080115f5   Thumb Code     4  net_http_server.o(i.netCGI_ContentType)
    netCGI_CustomHeader                      0x080115f9   Thumb Code     4  net_http_server.o(i.netCGI_CustomHeader)
    netCGI_GetEnvVar                         0x080115fd   Thumb Code   104  net_http_server.o(i.netCGI_GetEnvVar)
    netCGI_Redirect                          0x08011669   Thumb Code     4  net_http_server.o(i.netCGI_Redirect)
    netCGX_ContentType                       0x0801166d   Thumb Code     4  net_http_server.o(i.netCGX_ContentType)
    netCore_Thread                           0x08011671   Thumb Code    90  net_sys.o(i.netCore_Thread)
    netETH_Notify                            0x080116d5   Thumb Code     2  net_eth.o(i.netETH_Notify)
    netETH_ReceiveRaw                        0x080116d7   Thumb Code     2  net_eth.o(i.netETH_ReceiveRaw)
    netETH_Thread                            0x080116d9   Thumb Code   114  net_eth.o(i.netETH_Thread)
    netHTTPs_AcceptClient                    0x0801174b   Thumb Code     4  net_http_server.o(i.netHTTPs_AcceptClient)
    netHTTPs_CheckAccount                    0x0801174f   Thumb Code     4  net_http_server_auth.o(i.netHTTPs_CheckAccount)
    netHTTPs_FileAccess                      0x08011753   Thumb Code     4  net_http_server.o(i.netHTTPs_FileAccess)
    netHTTPs_GetLanguage                     0x08011759   Thumb Code    24  net_http_server.o(i.netHTTPs_GetLanguage)
    netHTTPs_GetPassword                     0x08011779   Thumb Code     6  net_http_server.o(i.netHTTPs_GetPassword)
    netHTTPs_LoginActive                     0x08011785   Thumb Code     6  net_http_server.o(i.netHTTPs_LoginActive)
    netHTTPs_SetPassword                     0x08011791   Thumb Code    78  net_http_server.o(i.netHTTPs_SetPassword)
    netIF_GetOption                          0x080117e9   Thumb Code   128  net_sys.o(i.netIF_GetOption)
    netIF_SetOption                          0x08011871   Thumb Code   124  net_sys.o(i.netIF_SetOption)
    netIP_aton                               0x080118f5   Thumb Code    26  net_addr.o(i.netIP_aton)
    netIP_ntoa                               0x0801190f   Thumb Code    50  net_addr.o(i.netIP_ntoa)
    netInitialize                            0x08011941   Thumb Code   156  net_sys.o(i.netInitialize)
    netMAC_aton                              0x080119ed   Thumb Code   140  net_addr.o(i.netMAC_aton)
    netTCP_GetLocalPort                      0x08011a79   Thumb Code     4  net_tcp.o(i.netTCP_GetLocalPort)
    netTCP_GetPeer                           0x08011a7d   Thumb Code    32  net_tcp.o(i.netTCP_GetPeer)
    netTCP_GetState                          0x08011a9d   Thumb Code     4  net_tcp.o(i.netTCP_GetState)
    netTCP_GetTimer                          0x08011aa1   Thumb Code     4  net_tcp.o(i.netTCP_GetTimer)
    net_addr4_aton                           0x08011aa5   Thumb Code   124  net_addr.o(i.net_addr4_aton)
    net_addr4_to_mac                         0x08011b21   Thumb Code    30  net_addr.o(i.net_addr4_to_mac)
    net_addr6_aton                           0x08011b41   Thumb Code   230  net_addr.o(i.net_addr6_aton)
    net_addr6_comp                           0x08011c27   Thumb Code    40  net_addr.o(i.net_addr6_comp)
    net_addr6_copy                           0x08011c4f   Thumb Code    18  net_addr.o(i.net_addr6_copy)
    net_addr6_create                         0x08011c61   Thumb Code    70  net_addr.o(i.net_addr6_create)
    net_addr6_get_solicited                  0x08011cad   Thumb Code    34  net_addr.o(i.net_addr6_get_solicited)
    net_addr6_is_linklocal                   0x08011cd5   Thumb Code    24  net_addr.o(i.net_addr6_is_linklocal)
    net_addr6_is_onlink                      0x08011ced   Thumb Code   110  net_addr.o(i.net_addr6_is_onlink)
    net_addr6_is_solicited                   0x08011d5b   Thumb Code    72  net_addr.o(i.net_addr6_is_solicited)
    net_addr6_is_unspec                      0x08011da3   Thumb Code    24  net_addr.o(i.net_addr6_is_unspec)
    net_addr6_to_mac                         0x08011dbb   Thumb Code    14  net_addr.o(i.net_addr6_to_mac)
    net_addr_copy                            0x08011dc9   Thumb Code    38  net_addr.o(i.net_addr_copy)
    net_addr_find_route                      0x08011def   Thumb Code    26  net_addr.o(i.net_addr_find_route)
    net_addr_get_local                       0x08011e09   Thumb Code    26  net_addr.o(i.net_addr_get_local)
    net_addr_is_unspec                       0x08011e29   Thumb Code    34  net_addr.o(i.net_addr_is_unspec)
    net_arp_cache_add                        0x08011e4d   Thumb Code   276  net_arp.o(i.net_arp_cache_add)
    net_arp_cache_early                      0x08011f69   Thumb Code   180  net_arp.o(i.net_arp_cache_early)
    net_arp_cache_find                       0x08012025   Thumb Code   224  net_arp.o(i.net_arp_cache_find)
    net_arp_cache_init                       0x08012111   Thumb Code    64  net_arp.o(i.net_arp_cache_init)
    net_arp_cache_run                        0x08012159   Thumb Code    22  net_arp.o(i.net_arp_cache_run)
    net_arp_enqueue                          0x08012175   Thumb Code   114  net_arp.o(i.net_arp_enqueue)
    net_arp_notify                           0x080121ed   Thumb Code    32  net_arp.o(i.net_arp_notify)
    net_arp_process                          0x0801220d   Thumb Code   536  net_arp.o(i.net_arp_process)
    net_atoi                                 0x08012431   Thumb Code    66  net_common.o(i.net_atoi)
    net_base64_decode                        0x08012475   Thumb Code   114  net_base64.o(i.net_base64_decode)
    net_chksum_buf                           0x080124ed   Thumb Code    48  net_common.o(i.net_chksum_buf)
    net_crc_buf                              0x0801251d   Thumb Code    30  net_common.o(i.net_crc_buf)
    net_eth_callback                         0x0801253b   Thumb Code    14  net_eth.o(i.net_eth_callback)
    net_eth_config_mcast                     0x08012549   Thumb Code   104  net_eth.o(i.net_eth_config_mcast)
    net_eth_get_option                       0x080125b1   Thumb Code   234  net_eth.o(i.net_eth_get_option)
    net_eth_iface_init                       0x0801269d   Thumb Code    22  net_eth.o(i.net_eth_iface_init)
    net_eth_iface_run                        0x080126b9   Thumb Code    22  net_eth.o(i.net_eth_iface_run)
    net_eth_output                           0x080126d5   Thumb Code   164  net_eth.o(i.net_eth_output)
    net_eth_send_frame                       0x0801277d   Thumb Code   462  net_eth.o(i.net_eth_send_frame)
    net_eth_set_option                       0x0801295d   Thumb Code   610  net_eth.o(i.net_eth_set_option)
    net_http_server_init                     0x08012bcd   Thumb Code   212  net_http_server.o(i.net_http_server_init)
    net_http_server_run                      0x08012cb5   Thumb Code    30  net_http_server.o(i.net_http_server_run)
    net_icmp6_init                           0x08012cdd   Thumb Code    20  net_icmp6.o(i.net_icmp6_init)
    net_icmp6_process                        0x08012cf5   Thumb Code   542  net_icmp6.o(i.net_icmp6_process)
    net_icmp6_send                           0x08012f2d   Thumb Code   122  net_icmp6.o(i.net_icmp6_send)
    net_icmp6_send_echo                      0x08012fb1   Thumb Code    78  net_icmp6.o(i.net_icmp6_send_echo)
    net_icmp_init                            0x08013009   Thumb Code    20  net_icmp.o(i.net_icmp_init)
    net_icmp_process                         0x08013021   Thumb Code   430  net_icmp.o(i.net_icmp_process)
    net_icmp_send_echo                       0x080131e9   Thumb Code   142  net_icmp.o(i.net_icmp_send_echo)
    net_if_map_all                           0x08013289   Thumb Code     6  net_sys.o(i.net_if_map_all)
    net_igmp_collect_mcast                   0x08013295   Thumb Code   104  net_igmp.o(i.net_igmp_collect_mcast)
    net_igmp_host_init                       0x08013301   Thumb Code    68  net_igmp.o(i.net_igmp_host_init)
    net_igmp_host_run                        0x08013349   Thumb Code    22  net_igmp.o(i.net_igmp_host_run)
    net_igmp_is_member                       0x08013365   Thumb Code    28  net_igmp.o(i.net_igmp_is_member)
    net_igmp_process                         0x08013385   Thumb Code   414  net_igmp.o(i.net_igmp_process)
    net_ip4_chk_frame                        0x08013531   Thumb Code   372  net_ip4.o(i.net_ip4_chk_frame)
    net_ip4_chksum                           0x080136bd   Thumb Code    44  net_ip4.o(i.net_ip4_chksum)
    net_ip4_chksum_buf                       0x080136e9   Thumb Code     6  net_ip4.o(i.net_ip4_chksum_buf)
    net_ip4_find_route                       0x080136f1   Thumb Code   104  net_ip4.o(i.net_ip4_find_route)
    net_ip4_frag_add                         0x08013771   Thumb Code   284  net_ip4_frag.o(i.net_ip4_frag_add)
    net_ip4_frag_get                         0x08013895   Thumb Code   168  net_ip4_frag.o(i.net_ip4_frag_get)
    net_ip4_frag_init                        0x08013941   Thumb Code    12  net_ip4_frag.o(i.net_ip4_frag_init)
    net_ip4_frag_run                         0x08013951   Thumb Code    50  net_ip4_frag.o(i.net_ip4_frag_run)
    net_ip4_get_local                        0x0801398d   Thumb Code    40  net_ip4.o(i.net_ip4_get_local)
    net_ip4_init                             0x080139b9   Thumb Code    22  net_ip4.o(i.net_ip4_init)
    net_ip4_is_onlink                        0x080139dd   Thumb Code    32  net_ip4.o(i.net_ip4_is_onlink)
    net_ip4_is_subcast                       0x080139fd   Thumb Code    38  net_ip4.o(i.net_ip4_is_subcast)
    net_ip4_reass_frame                      0x08013a23   Thumb Code    14  net_ip4.o(i.net_ip4_reass_frame)
    net_ip4_send_frame                       0x08013a31   Thumb Code   340  net_ip4.o(i.net_ip4_send_frame)
    net_ip4_tx_offl_hl                       0x08013b95   Thumb Code    42  net_ip4.o(i.net_ip4_tx_offl_hl)
    net_ip6_chk_frame                        0x08013bc1   Thumb Code   236  net_ip6.o(i.net_ip6_chk_frame)
    net_ip6_chksum                           0x08013cc1   Thumb Code    50  net_ip6.o(i.net_ip6_chksum)
    net_ip6_collect_mcast                    0x08013cf5   Thumb Code   118  net_ip6.o(i.net_ip6_collect_mcast)
    net_ip6_find_route                       0x08013d71   Thumb Code    56  net_ip6.o(i.net_ip6_find_route)
    net_ip6_get_local                        0x08013db9   Thumb Code    74  net_ip6.o(i.net_ip6_get_local)
    net_ip6_init                             0x08013e0d   Thumb Code    20  net_ip6.o(i.net_ip6_init)
    net_ip6_send_frame                       0x08013e29   Thumb Code   192  net_ip6.o(i.net_ip6_send_frame)
    net_ip6_tx_offl_hl                       0x08013ef5   Thumb Code    30  net_ip6.o(i.net_ip6_tx_offl_hl)
    net_itoa                                 0x08013f13   Thumb Code     8  net_common.o(i.net_itoa)
    net_itoa_n0                              0x08013f1b   Thumb Code     6  net_common.o(i.net_itoa_n0)
    net_loop_iface_init                      0x08013f21   Thumb Code    40  net_loopback.o(i.net_loop_iface_init)
    net_loop_iface_run                       0x08013f51   Thumb Code   176  net_loopback.o(i.net_loop_iface_run)
    net_loop_send_frame                      0x0801400d   Thumb Code   104  net_loopback.o(i.net_loop_send_frame)
    net_mem_alloc                            0x0801407d   Thumb Code   178  net_mem.o(i.net_mem_alloc)
    net_mem_avail                            0x0801413d   Thumb Code    22  net_mem.o(i.net_mem_avail)
    net_mem_free                             0x08014159   Thumb Code   152  net_mem.o(i.net_mem_free)
    net_mem_init                             0x080141fd   Thumb Code    98  net_mem.o(i.net_mem_init)
    net_mem_shrink                           0x0801426d   Thumb Code    62  net_mem.o(i.net_mem_shrink)
    net_nbns_client_init                     0x080142b5   Thumb Code    82  net_nbns_client.o(i.net_nbns_client_init)
    net_ndp_cache_find                       0x08014319   Thumb Code   438  net_ndp.o(i.net_ndp_cache_find)
    net_ndp_cache_refresh                    0x080144dd   Thumb Code   112  net_ndp.o(i.net_ndp_cache_refresh)
    net_ndp_enqueue                          0x08014555   Thumb Code   108  net_ndp.o(i.net_ndp_enqueue)
    net_ndp_process                          0x080145c5   Thumb Code   872  net_ndp.o(i.net_ndp_process)
    net_path                                 0x08014939   Thumb Code    52  net_sys.o(i.net_path)
    net_ping_client_init                     0x08014971   Thumb Code    22  net_ping_core.o(i.net_ping_client_init)
    net_ping_client_run                      0x08014991   Thumb Code   110  net_ping_core.o(i.net_ping_client_run)
    net_rand32                               0x08014a11   Thumb Code    18  net_sys.o(i.net_rand32)
    net_strcasecmp                           0x08014a2d   Thumb Code    46  net_common.o(i.net_strcasecmp)
    net_strchr                               0x08014a5b   Thumb Code    22  net_common.o(i.net_strchr)
    net_strcmp                               0x08014a71   Thumb Code    26  net_common.o(i.net_strcmp)
    net_strcpy                               0x08014a8b   Thumb Code    18  net_common.o(i.net_strcpy)
    net_strnchr                              0x08014a9d   Thumb Code    28  net_common.o(i.net_strnchr)
    net_strncpy                              0x08014ab9   Thumb Code    26  net_common.o(i.net_strncpy)
    net_strtoupper                           0x08014ad3   Thumb Code    32  net_common.o(i.net_strtoupper)
    net_sys_lock                             0x08014af5   Thumb Code     8  net_sys.o(i.net_sys_lock)
    net_sys_resume                           0x08014b01   Thumb Code    22  net_sys.o(i.net_sys_resume)
    net_sys_tick                             0x08014b19   Thumb Code    16  net_sys.o(i.net_sys_tick)
    net_sys_unlock                           0x08014b2d   Thumb Code     8  net_sys.o(i.net_sys_unlock)
    net_sys_wakeup                           0x08014b39   Thumb Code    26  net_sys.o(i.net_sys_wakeup)
    net_tcp_abort                            0x08014b59   Thumb Code   122  net_tcp.o(i.net_tcp_abort)
    net_tcp_close                            0x08014bdd   Thumb Code   218  net_tcp.o(i.net_tcp_close)
    net_tcp_get_buf                          0x08014cc1   Thumb Code    46  net_tcp.o(i.net_tcp_get_buf)
    net_tcp_get_local_port                   0x08014cf1   Thumb Code    48  net_tcp.o(i.net_tcp_get_local_port)
    net_tcp_get_mss                          0x08014d25   Thumb Code    34  net_tcp.o(i.net_tcp_get_mss)
    net_tcp_get_peer                         0x08014d4d   Thumb Code    80  net_tcp.o(i.net_tcp_get_peer)
    net_tcp_get_socket                       0x08014da1   Thumb Code   104  net_tcp.o(i.net_tcp_get_socket)
    net_tcp_get_state                        0x08014e11   Thumb Code    40  net_tcp.o(i.net_tcp_get_state)
    net_tcp_get_timer                        0x08014e3d   Thumb Code    48  net_tcp.o(i.net_tcp_get_timer)
    net_tcp_listen                           0x08014e71   Thumb Code   168  net_tcp.o(i.net_tcp_listen)
    net_tcp_process                          0x08014f21   Thumb Code  1956  net_tcp.o(i.net_tcp_process)
    net_tcp_send                             0x080156c9   Thumb Code   336  net_tcp.o(i.net_tcp_send)
    net_tcp_set_option                       0x08015825   Thumb Code   288  net_tcp.o(i.net_tcp_set_option)
    net_tcp_socket_init                      0x08015951   Thumb Code    30  net_tcp.o(i.net_tcp_socket_init)
    net_tcp_socket_run                       0x08015979   Thumb Code   938  net_tcp.o(i.net_tcp_socket_run)
    net_udp_get_buf                          0x08015d39   Thumb Code    46  net_udp.o(i.net_udp_get_buf)
    net_udp_get_socket                       0x08015d69   Thumb Code   102  net_udp.o(i.net_udp_get_socket)
    net_udp_open                             0x08015dd9   Thumb Code   160  net_udp.o(i.net_udp_open)
    net_udp_process                          0x08015e85   Thumb Code   322  net_udp.o(i.net_udp_process)
    net_udp_send_if                          0x08015fdd   Thumb Code   540  net_udp.o(i.net_udp_send_if)
    net_udp_socket_init                      0x08016209   Thumb Code    30  net_udp.o(i.net_udp_socket_init)
    net_ultoa                                0x0801622d   Thumb Code     8  net_common.o(i.net_ultoa)
    net_ultox                                0x08016235   Thumb Code    44  net_common.o(i.net_ultox)
    net_xtoul                                0x08016265   Thumb Code    76  net_common.o(i.net_xtoul)
    app_main_attr                            0x08016dbc   Data          36  http_server.o(.constdata)
    imageLastModified                        0x08016de0   Data           4  web.o(.constdata)
    Arial12x12                               0x0801d2a4   Data        2400  lcd.o(.constdata)
    osRtxUserSVC                             0x0801dc64   Data           4  rtx_lib.o(.constdata)
    Driver_ETH_PHY0                          0x0801dc6c   Data          32  phy_lan8742a.o(.constdata)
    Driver_ETH_MAC0                          0x0801dcdc   Data          68  emac_stm32f4xx.o(.constdata)
    Driver_SPI1                              0x0801dd74   Data          44  spi_stm32f4xx.o(.constdata)
    EventRecorderInfo                        0x0801dda0   Data          24  eventrecorder.o(.constdata)
    AHBPrescTable                            0x0801ddc0   Data          16  system_stm32f4xx.o(.constdata)
    APBPrescTable                            0x0801ddd0   Data           8  system_stm32f4xx.o(.constdata)
    net_sys_config                           0x0801de80   Data          28  net_config.o(.constdata)
    net_eth0_if_config                       0x0801def4   Data          44  net_config.o(.constdata)
    net_eth_list                             0x0801df20   Data           8  net_config.o(.constdata)
    net_if_list_lan                          0x0801df28   Data           8  net_config.o(.constdata)
    net_if_list_all                          0x0801df30   Data           8  net_config.o(.constdata)
    net_if_inet_def                          0x0801df38   Data           8  net_config.o(.constdata)
    net_if_link_def                          0x0801df40   Data           8  net_config.o(.constdata)
    net_arp_list                             0x0801df48   Data           8  net_config.o(.constdata)
    net_icmp_list                            0x0801df50   Data           8  net_config.o(.constdata)
    net_igmp_list                            0x0801df58   Data           8  net_config.o(.constdata)
    net_icmp6_list                           0x0801df60   Data           4  net_config.o(.constdata)
    net_ip4_frag_config                      0x0801df64   Data           8  net_config.o(.constdata)
    net_udp_config                           0x0801df6c   Data          12  net_config.o(.constdata)
    net_tcp_config                           0x0801df78   Data          24  net_config.o(.constdata)
    net_http_config                          0x0801df90   Data          52  net_config.o(.constdata)
    netif_getopt_func                        0x0801e014   Data          16  net_config.o(.constdata)
    netif_setopt_func                        0x0801e024   Data          16  net_config.o(.constdata)
    net_loop_if_config                       0x0801e03c   Data          44  net_loopback.o(.constdata)
    net_http_auth_basic_func                 0x0801e178   Data          24  net_http_server_auth.o(.constdata)
    net_ping_payload                         0x0801e190   Data          18  net_ping_core.o(.constdata)
    net_addr_unspec                          0x0801e1a2   Data          16  net_addr.o(.constdata)
    net_addr_bcast                           0x0801e1b2   Data           6  net_addr.o(.constdata)
    net_addr4_loopback                       0x0801e1b8   Data           4  net_ip4.o(.constdata)
    net_addr6_all_nodes                      0x0801e1bc   Data          16  net_ip6.o(.constdata)
    net_addr6_loopback                       0x0801e1cc   Data          16  net_ip6.o(.constdata)
    net_http_error                           0x0801e1dc   Data          24  net_http_server_err.o(.constdata)
    net_lib_version                          0x0801e294   Data           4  net_version.o(.constdata)
    network_ip4ip6_debug_v7.15.0             0x0801e294   Data           4  net_version.o(.constdata)
    osRtxConfig                              0x0801e664   Data         112  rtx_lib.o(.rodata)
    os_cb_sections                           0x0801e6d4   Data          56  rtx_lib.o(.rodata)
    Region$$Table$$Base                      0x0801e70c   Number         0  anon$$obj.o(Region$$Table)
    Region$$Table$$Limit                     0x0801e72c   Number         0  anon$$obj.o(Region$$Table)
    .bss.os.msgqueue.cb$$Base                0x20008044   Number         0  rtx_lib.o(.bss.os.msgqueue.cb)
    .bss.os.msgqueue.cb$$Limit               0x20008078   Number         0  rtx_lib.o(.bss.os.msgqueue.cb)
    .bss.os.mutex.cb$$Base                   0x200080c8   Number         0  net_config.o(.bss.os.mutex.cb)
    .bss.os.mutex.cb$$Limit                  0x20008100   Number         0  net_config.o(.bss.os.mutex.cb)
    .bss.os.semaphore.cb$$Base               0x20008100   Number         0  net_config.o(.bss.os.semaphore.cb)
    .bss.os.semaphore.cb$$Limit              0x20008110   Number         0  net_config.o(.bss.os.semaphore.cb)
    .bss.os.thread.cb$$Base                  0x20008110   Number         0  rtx_lib.o(.bss.os.thread.cb)
    .bss.os.thread.cb$$Limit                 0x20008220   Number         0  net_config.o(.bss.os.thread.cb)
    .bss.os.timer.cb$$Base                   0x20008620   Number         0  net_config.o(.bss.os.timer.cb)
    .bss.os.timer.cb$$Limit                  0x20008640   Number         0  net_config.o(.bss.os.timer.cb)
    lcd_text                                 0x20008644   Data          42  http_server.o(.data)
    LEDrun                                   0x20008670   Data           1  http_server.o(.data)
    TID_Display                              0x20008678   Data           4  http_server.o(.data)
    TID_Led                                  0x2000867c   Data           4  http_server.o(.data)
    IdqueueLCD                               0x20008690   Data           4  lcd.o(.data)
    tid_thlcd                                0x20008694   Data           4  lcd.o(.data)
    uwTickFreq                               0x2000869c   Data           1  stm32f4xx_hal.o(.data)
    uwTickPrio                               0x200086a0   Data           4  stm32f4xx_hal.o(.data)
    uwTick                                   0x200086a4   Data           4  stm32f4xx_hal.o(.data)
    SystemCoreClock                          0x200086a8   Data           4  system_stm32f4xx.o(.data)
    net_eth0_igmp_control                    0x200086ba   Data           4  net_igmp.o(.data)
    net_eth0_icmp_control                    0x200086c8   Data           1  net_icmp.o(.data)
    osRtxInfo                                0x200086ec   Data         164  rtx_kernel.o(.data.os)
    app_main_stk                             0x20008790   Data        1024  http_server.o(.bss)
    net_eth0_if_control                      0x2000f048   Data         160  net_eth.o(.bss)
    net_eth0_arp_control                     0x2000f0e8   Data          24  net_arp.o(.bss)
    net_http_control                         0x2000f1a0   Data          20  net_http_server.o(.bss)
    net_ping_control                         0x2000f1b4   Data          44  net_ping_core.o(.bss)
    net_sys_control                          0x2000f1f0   Data          28  net_sys.o(.bss)
    net_dbg_buf                              0x2000f218   Data          36  net_sys.o(.bss)
    __initial_sp                             0x2000f6b0   Data           0  startup_stm32f407xx.o(STACK)



==============================================================================

Memory Map of the image

  Image Entry point : 0x08000189

  Load Region LR_IROM1 (Base: 0x08000000, Size: 0x00026ebc, Max: 0x00100000, ABSOLUTE, COMPRESSED[0x0001e864])

    Execution Region ER_IROM1 (Exec base: 0x08000000, Load base: 0x08000000, Size: 0x0001e72c, Max: 0x00100000, ABSOLUTE)

    Exec Addr    Load Addr    Size         Type   Attr      Idx    E Section Name        Object

    0x08000000   0x08000000   0x00000188   Data   RO         1466    RESET               startup_stm32f407xx.o
    0x08000188   0x08000188   0x00000000   Code   RO         2606  * .ARM.Collect$$$$00000000  mc_w.l(entry.o)
    0x08000188   0x08000188   0x00000004   Code   RO         2900    .ARM.Collect$$$$00000001  mc_w.l(entry2.o)
    0x0800018c   0x0800018c   0x00000004   Code   RO         2903    .ARM.Collect$$$$00000004  mc_w.l(entry5.o)
    0x08000190   0x08000190   0x00000000   Code   RO         2905    .ARM.Collect$$$$00000008  mc_w.l(entry7b.o)
    0x08000190   0x08000190   0x00000000   Code   RO         2907    .ARM.Collect$$$$0000000A  mc_w.l(entry8b.o)
    0x08000190   0x08000190   0x00000008   Code   RO         2908    .ARM.Collect$$$$0000000B  mc_w.l(entry9a.o)
    0x08000198   0x08000198   0x00000004   Code   RO         2915    .ARM.Collect$$$$0000000E  mc_w.l(entry12b.o)
    0x0800019c   0x0800019c   0x00000000   Code   RO         2910    .ARM.Collect$$$$0000000F  mc_w.l(entry10a.o)
    0x0800019c   0x0800019c   0x00000000   Code   RO         2912    .ARM.Collect$$$$00000011  mc_w.l(entry11a.o)
    0x0800019c   0x0800019c   0x00000004   Code   RO         2901    .ARM.Collect$$$$00002712  mc_w.l(entry2.o)
    0x080001a0   0x080001a0   0x00000148   Code   RO          655    .emb_text           rtx_mempool.o
    0x080002e8   0x080002e8   0x00000148   Code   RO          686    .emb_text           rtx_msgqueue.o
    0x08000430   0x08000430   0x00000148   Code   RO          751    .emb_text           rtx_semaphore.o
    0x08000578   0x08000578   0x00000148   Code   RO          782    .emb_text           rtx_system.o
    0x080006c0   0x080006c0   0x00000148   Code   RO          816    .emb_text           rtx_thread.o
    0x08000808   0x08000808   0x00000074   Code   RO         1037    .emb_text           eventrecorder.o
    0x0800087c   0x0800087c   0x00000114   Code   RO            4    .text               main.o
    0x08000990   0x08000990   0x00000138   Code   RO          144    .text               http_server.o
    0x08000ac8   0x08000ac8   0x0000075c   Code   RO          219    .text               http_server_cgi.o
    0x08001224   0x08001224   0x00000078   Code   RO          258    .text               web.o
    0x0800129c   0x0800129c   0x000000c8   Code   RO          278    .text               leds.o
    0x08001364   0x08001364   0x00000614   Code   RO          304    .text               lcd.o
    0x08001978   0x08001978   0x000000f8   Code   RO          350    .text               adc.o
    0x08001a70   0x08001a70   0x00000060   Code   RO          375    .text               buttons_f429discovery.o
    0x08001ad0   0x08001ad0   0x00000094   Code   RO          397    .text               irq_armv7m.o
    0x08001b64   0x08001b64   0x00000104   Code   RO          405    .text               rtx_delay.o
    0x08001c68   0x08001c68   0x00000958   Code   RO          503    .text               rtx_evr.o
    0x080025c0   0x080025c0   0x000006cc   Code   RO          528    .text               rtx_kernel.o
    0x08002c8c   0x08002c8c   0x00000018   Code   RO          576    .text               rtx_lib.o
    0x08002ca4   0x08002ca4   0x00000124   Code   RO          625    .text               rtx_memory.o
    0x08002dc8   0x08002dc8   0x00000678   Code   RO          656    .text               rtx_mempool.o
    0x08003440   0x08003440   0x000009bc   Code   RO          687    .text               rtx_msgqueue.o
    0x08003dfc   0x08003dfc   0x00000558   Code   RO          721    .text               rtx_mutex.o
    0x08004354   0x08004354   0x00000450   Code   RO          752    .text               rtx_semaphore.o
    0x080047a4   0x080047a4   0x00000154   Code   RO          783    .text               rtx_system.o
    0x080048f8   0x080048f8   0x000011d4   Code   RO          817    .text               rtx_thread.o
    0x08005acc   0x08005acc   0x00000480   Code   RO          851    .text               rtx_timer.o
    0x08005f4c   0x08005f4c   0x000000c4   Code   RO          881    .text               os_systick.o
    0x08006010   0x08006010   0x00000004   Code   RO          907    .text               rtx_config.o
    0x08006014   0x08006014   0x000001ac   Code   RO          928    .text               phy_lan8742a.o
    0x080061c0   0x080061c0   0x000009ac   Code   RO          956    .text               emac_stm32f4xx.o
    0x08006b6c   0x08006b6c   0x00000b28   Code   RO          998    .text               spi_stm32f4xx.o
    0x08007694   0x08007694   0x00000538   Code   RO         1038    .text               eventrecorder.o
    0x08007bcc   0x08007bcc   0x000001b4   Code   RO         1072    .text               stm32f4xx_hal.o
    0x08007d80   0x08007d80   0x00000aa0   Code   RO         1102    .text               stm32f4xx_hal_adc.o
    0x08008820   0x08008820   0x00000724   Code   RO         1126    .text               stm32f4xx_hal_adc_ex.o
    0x08008f44   0x08008f44   0x00000298   Code   RO         1150    .text               stm32f4xx_hal_cortex.o
    0x080091dc   0x080091dc   0x00000718   Code   RO         1178    .text               stm32f4xx_hal_dma.o
    0x080098f4   0x080098f4   0x00000330   Code   RO         1227    .text               stm32f4xx_hal_gpio.o
    0x08009c24   0x08009c24   0x00000764   Code   RO         1299    .text               stm32f4xx_hal_rcc.o
    0x0800a388   0x0800a388   0x000023d2   Code   RO         1395    .text               stm32f4xx_hal_tim.o
    0x0800c75a   0x0800c75a   0x00000002   PAD
    0x0800c75c   0x0800c75c   0x00000bb0   Code   RO         1419    .text               stm32f4xx_hal_tim_ex.o
    0x0800d30c   0x0800d30c   0x00000024   Code   RO         1467    .text               startup_stm32f407xx.o
    0x0800d330   0x0800d330   0x000000d0   Code   RO         1474    .text               system_stm32f4xx.o
    0x0800d400   0x0800d400   0x00000168   Code   RO         1503    .text               net_config.o
    0x0800d568   0x0800d568   0x00000152   Code   RO         1593    .text               net_debug.o
    0x0800d6ba   0x0800d6ba   0x00000062   Code   RO         2609    .text               mc_w.l(uldiv.o)
    0x0800d71c   0x0800d71c   0x00000024   Code   RO         2611    .text               mc_w.l(memcpya.o)
    0x0800d740   0x0800d740   0x00000024   Code   RO         2613    .text               mc_w.l(memseta.o)
    0x0800d764   0x0800d764   0x0000000e   Code   RO         2615    .text               mc_w.l(strlen.o)
    0x0800d772   0x0800d772   0x0000001c   Code   RO         2617    .text               mc_w.l(strcmp.o)
    0x0800d78e   0x0800d78e   0x0000001a   Code   RO         2619    .text               mc_w.l(memcmp.o)
    0x0800d7a8   0x0800d7a8   0x00000012   Code   RO         2621    .text               mc_w.l(strcpy.o)
    0x0800d7ba   0x0800d7ba   0x0000001e   Code   RO         2623    .text               mc_w.l(strncmp.o)
    0x0800d7d8   0x0800d7d8   0x00000064   Code   RO         2888    .text               mf_w.l(fmul.o)
    0x0800d83c   0x0800d83c   0x00000018   Code   RO         2890    .text               mf_w.l(fscalb.o)
    0x0800d854   0x0800d854   0x0000002e   Code   RO         2892    .text               mf_w.l(dscalb.o)
    0x0800d882   0x0800d882   0x0000000a   Code   RO         2894    .text               mf_w.l(ffltui.o)
    0x0800d88c   0x0800d88c   0x00000028   Code   RO         2896    .text               mf_w.l(ffixui.o)
    0x0800d8b4   0x0800d8b4   0x00000026   Code   RO         2898    .text               mf_w.l(f2d.o)
    0x0800d8da   0x0800d8da   0x0000002c   Code   RO         2919    .text               mc_w.l(uidiv.o)
    0x0800d906   0x0800d906   0x0000001e   Code   RO         2921    .text               mc_w.l(llshl.o)
    0x0800d924   0x0800d924   0x00000020   Code   RO         2923    .text               mc_w.l(llushr.o)
    0x0800d944   0x0800d944   0x00000000   Code   RO         2925    .text               mc_w.l(iusefp.o)
    0x0800d944   0x0800d944   0x0000006e   Code   RO         2926    .text               mf_w.l(fepilogue.o)
    0x0800d9b2   0x0800d9b2   0x0000014e   Code   RO         2928    .text               mf_w.l(dadd.o)
    0x0800db00   0x0800db00   0x000000e4   Code   RO         2930    .text               mf_w.l(dmul.o)
    0x0800dbe4   0x0800dbe4   0x000000de   Code   RO         2932    .text               mf_w.l(ddiv.o)
    0x0800dcc2   0x0800dcc2   0x00000030   Code   RO         2934    .text               mf_w.l(dfixul.o)
    0x0800dcf2   0x0800dcf2   0x00000002   PAD
    0x0800dcf4   0x0800dcf4   0x00000030   Code   RO         2936    .text               mf_w.l(cdrcmple.o)
    0x0800dd24   0x0800dd24   0x00000024   Code   RO         2938    .text               mc_w.l(init.o)
    0x0800dd48   0x0800dd48   0x00000024   Code   RO         2941    .text               mc_w.l(llsshr.o)
    0x0800dd6c   0x0800dd6c   0x000000ba   Code   RO         2944    .text               mf_w.l(depilogue.o)
    0x0800de26   0x0800de26   0x00000056   Code   RO         2953    .text               mc_w.l(__dczerorl2.o)
    0x0800de7c   0x0800de7c   0x00000028   Code   RO         2862    i.__0sprintf        mc_w.l(printfa.o)
    0x0800dea4   0x0800dea4   0x0000000e   Code   RO         2947    i.__scatterload_copy  mc_w.l(handlers.o)
    0x0800deb2   0x0800deb2   0x00000002   Code   RO         2948    i.__scatterload_null  mc_w.l(handlers.o)
    0x0800deb4   0x0800deb4   0x0000000e   Code   RO         2949    i.__scatterload_zeroinit  mc_w.l(handlers.o)
    0x0800dec2   0x0800dec2   0x00000002   PAD
    0x0800dec4   0x0800dec4   0x00000184   Code   RO         2867    i._fp_digits        mc_w.l(printfa.o)
    0x0800e048   0x0800e048   0x000006b4   Code   RO         2868    i._printf_core      mc_w.l(printfa.o)
    0x0800e6fc   0x0800e6fc   0x00000024   Code   RO         2869    i._printf_post_padding  mc_w.l(printfa.o)
    0x0800e720   0x0800e720   0x0000002e   Code   RO         2870    i._printf_pre_padding  mc_w.l(printfa.o)
    0x0800e74e   0x0800e74e   0x0000000a   Code   RO         2872    i._sputc            mc_w.l(printfa.o)
    0x0800e758   0x0800e758   0x00000054   Code   RO         2032    i.add_server_id     Net_Dbg_CM3_L.lib(net_http_server.o)
    0x0800e7ac   0x0800e7ac   0x0000005c   Code   RO         1679    i.arp_cache_alloc   Net_Dbg_CM3_L.lib(net_arp.o)
    0x0800e808   0x0800e808   0x00000170   Code   RO         1680    i.arp_cache_run     Net_Dbg_CM3_L.lib(net_arp.o)
    0x0800e978   0x0800e978   0x00000038   Code   RO         1681    i.arp_is_cacheable  Net_Dbg_CM3_L.lib(net_arp.o)
    0x0800e9b0   0x0800e9b0   0x00000088   Code   RO         1682    i.arp_probe_run     Net_Dbg_CM3_L.lib(net_arp.o)
    0x0800ea38   0x0800ea38   0x000000d8   Code   RO         1684    i.arp_proc_response  Net_Dbg_CM3_L.lib(net_arp.o)
    0x0800eb10   0x0800eb10   0x0000001a   Code   RO         1685    i.arp_que_free      Net_Dbg_CM3_L.lib(net_arp.o)
    0x0800eb2a   0x0800eb2a   0x00000002   PAD
    0x0800eb2c   0x0800eb2c   0x000000a0   Code   RO         1686    i.arp_send_reply    Net_Dbg_CM3_L.lib(net_arp.o)
    0x0800ebcc   0x0800ebcc   0x000000d0   Code   RO         1687    i.arp_send_request  Net_Dbg_CM3_L.lib(net_arp.o)
    0x0800ec9c   0x0800ec9c   0x00000068   Code   RO         1688    i.arp_sender_valid  Net_Dbg_CM3_L.lib(net_arp.o)
    0x0800ed04   0x0800ed04   0x0000018c   Code   RO         2033    i.chk_post_req      Net_Dbg_CM3_L.lib(net_http_server.o)
    0x0800ee90   0x0800ee90   0x00000028   Code   RO         2520    i.crc32_8bit        Net_Dbg_CM3_L.lib(net_common.o)
    0x0800eeb8   0x0800eeb8   0x0000009a   Code   RO         1623    i.eth_check_link    Net_Dbg_CM3_L.lib(net_eth.o)
    0x0800ef52   0x0800ef52   0x00000002   PAD
    0x0800ef54   0x0800ef54   0x00000020   Code   RO         1624    i.eth_if_map        Net_Dbg_CM3_L.lib(net_eth.o)
    0x0800ef74   0x0800ef74   0x00000304   Code   RO         1625    i.eth_iface_init    Net_Dbg_CM3_L.lib(net_eth.o)
    0x0800f278   0x0800f278   0x00000290   Code   RO         1626    i.eth_iface_run     Net_Dbg_CM3_L.lib(net_eth.o)
    0x0800f508   0x0800f508   0x00000008   Code   RO         1628    i.eth_lock          Net_Dbg_CM3_L.lib(net_eth.o)
    0x0800f510   0x0800f510   0x0000001c   Code   RO         1629    i.eth_mtu_limit     Net_Dbg_CM3_L.lib(net_eth.o)
    0x0800f52c   0x0800f52c   0x00000048   Code   RO         1630    i.eth_opt_len       Net_Dbg_CM3_L.lib(net_eth.o)
    0x0800f574   0x0800f574   0x00000088   Code   RO         1631    i.eth_receive       Net_Dbg_CM3_L.lib(net_eth.o)
    0x0800f5fc   0x0800f5fc   0x00000008   Code   RO         1632    i.eth_unlock        Net_Dbg_CM3_L.lib(net_eth.o)
    0x0800f604   0x0800f604   0x0000007c   Code   RO         1796    i.frag_map_session  Net_Dbg_CM3_L.lib(net_ip4_frag.o)
    0x0800f680   0x0800f680   0x00000028   Code   RO         2034    i.get_next_field    Net_Dbg_CM3_L.lib(net_http_server.o)
    0x0800f6a8   0x0800f6a8   0x00000032   Code   RO         2035    i.get_next_par      Net_Dbg_CM3_L.lib(net_http_server.o)
    0x0800f6da   0x0800f6da   0x00000022   Code   RO         2036    i.hex2byte          Net_Dbg_CM3_L.lib(net_http_server.o)
    0x0800f6fc   0x0800f6fc   0x0000036c   Code   RO         2037    i.http_add_header   Net_Dbg_CM3_L.lib(net_http_server.o)
    0x0800fa68   0x0800fa68   0x00000050   Code   RO         2157    i.http_auth_basic_add  Net_Dbg_CM3_L.lib(net_http_server_auth.o)
    0x0800fab8   0x0800fab8   0x00000090   Code   RO         2158    i.http_auth_basic_parse  Net_Dbg_CM3_L.lib(net_http_server_auth.o)
    0x0800fb48   0x0800fb48   0x00000002   Code   RO         2164    i.http_auth_dummy   Net_Dbg_CM3_L.lib(net_http_server_auth.o)
    0x0800fb4a   0x0800fb4a   0x00000002   PAD
    0x0800fb4c   0x0800fb4c   0x00000024   Code   RO         2165    i.http_auth_init    Net_Dbg_CM3_L.lib(net_http_server_auth.o)
    0x0800fb70   0x0800fb70   0x000001cc   Code   RO         2038    i.http_error_msg    Net_Dbg_CM3_L.lib(net_http_server.o)
    0x0800fd3c   0x0800fd3c   0x00000078   Code   RO         2039    i.http_get_ftype    Net_Dbg_CM3_L.lib(net_http_server.o)
    0x0800fdb4   0x0800fdb4   0x0000005e   Code   RO         2040    i.http_kill_session  Net_Dbg_CM3_L.lib(net_http_server.o)
    0x0800fe12   0x0800fe12   0x00000002   PAD
    0x0800fe14   0x0800fe14   0x000002a8   Code   RO         2041    i.http_listener     Net_Dbg_CM3_L.lib(net_http_server.o)
    0x080100bc   0x080100bc   0x00000184   Code   RO         2042    i.http_open_file    Net_Dbg_CM3_L.lib(net_http_server.o)
    0x08010240   0x08010240   0x0000011c   Code   RO         2043    i.http_parse_header  Net_Dbg_CM3_L.lib(net_http_server.o)
    0x0801035c   0x0801035c   0x000001a8   Code   RO         2044    i.http_proc_multipart  Net_Dbg_CM3_L.lib(net_http_server.o)
    0x08010504   0x08010504   0x00000138   Code   RO         2045    i.http_proc_post    Net_Dbg_CM3_L.lib(net_http_server.o)
    0x0801063c   0x0801063c   0x00000468   Code   RO         2046    i.http_server_run   Net_Dbg_CM3_L.lib(net_http_server.o)
    0x08010aa4   0x08010aa4   0x00000060   Code   RO         2047    i.http_server_start  Net_Dbg_CM3_L.lib(net_http_server.o)
    0x08010b04   0x08010b04   0x00000020   Code   RO         2049    i.http_strcpy       Net_Dbg_CM3_L.lib(net_http_server.o)
    0x08010b24   0x08010b24   0x000000ac   Code   RO         2050    i.http_to_utc       Net_Dbg_CM3_L.lib(net_http_server.o)
    0x08010bd0   0x08010bd0   0x0000001a   Code   RO         2521    i.i2str             Net_Dbg_CM3_L.lib(net_common.o)
    0x08010bea   0x08010bea   0x00000002   PAD
    0x08010bec   0x08010bec   0x0000009c   Code   RO         1746    i.igmp_host_run     Net_Dbg_CM3_L.lib(net_igmp.o)
    0x08010c88   0x08010c88   0x00000024   Code   RO         1747    i.igmp_map_group    Net_Dbg_CM3_L.lib(net_igmp.o)
    0x08010cac   0x08010cac   0x00000070   Code   RO         1748    i.igmp_send_report  Net_Dbg_CM3_L.lib(net_igmp.o)
    0x08010d1c   0x08010d1c   0x0000000c   Code   RO         2398    i.ip4_get_chksum    Net_Dbg_CM3_L.lib(net_ip4.o)
    0x08010d28   0x08010d28   0x00000028   Code   RO         2399    i.ip4_get_mtu       Net_Dbg_CM3_L.lib(net_ip4.o)
    0x08010d50   0x08010d50   0x00000040   Code   RO         2261    i.ip4_ntoa          Net_Dbg_CM3_L.lib(net_addr.o)
    0x08010d90   0x08010d90   0x000000ca   Code   RO         2262    i.ip6_ntoa          Net_Dbg_CM3_L.lib(net_addr.o)
    0x08010e5a   0x08010e5a   0x00000002   PAD
    0x08010e5c   0x08010e5c   0x0000000c   Code   RO         2497    i.mem_lock          Net_Dbg_CM3_L.lib(net_mem.o)
    0x08010e68   0x08010e68   0x0000000c   Code   RO         2498    i.mem_unlock        Net_Dbg_CM3_L.lib(net_mem.o)
    0x08010e74   0x08010e74   0x000001a4   Code   RO         2018    i.nbns_listener     Net_Dbg_CM3_L.lib(net_nbns_client.o)
    0x08011018   0x08011018   0x00000120   Code   RO         2328    i.ndp_cache_add     Net_Dbg_CM3_L.lib(net_ndp.o)
    0x08011138   0x08011138   0x00000072   Code   RO         2329    i.ndp_cache_alloc   Net_Dbg_CM3_L.lib(net_ndp.o)
    0x080111aa   0x080111aa   0x00000002   PAD
    0x080111ac   0x080111ac   0x00000078   Code   RO         2330    i.ndp_cache_delete  Net_Dbg_CM3_L.lib(net_ndp.o)
    0x08011224   0x08011224   0x0000002c   Code   RO         2332    i.ndp_check_frame   Net_Dbg_CM3_L.lib(net_ndp.o)
    0x08011250   0x08011250   0x00000012   Code   RO         2333    i.ndp_next_opt      Net_Dbg_CM3_L.lib(net_ndp.o)
    0x08011262   0x08011262   0x00000002   PAD
    0x08011264   0x08011264   0x000000e4   Code   RO         2334    i.ndp_prefix_add    Net_Dbg_CM3_L.lib(net_ndp.o)
    0x08011348   0x08011348   0x000000fc   Code   RO         2337    i.ndp_proc_response  Net_Dbg_CM3_L.lib(net_ndp.o)
    0x08011444   0x08011444   0x0000001a   Code   RO         2338    i.ndp_que_free      Net_Dbg_CM3_L.lib(net_ndp.o)
    0x0801145e   0x0801145e   0x00000002   PAD
    0x08011460   0x08011460   0x00000038   Code   RO         2339    i.ndp_router_remove  Net_Dbg_CM3_L.lib(net_ndp.o)
    0x08011498   0x08011498   0x0000009c   Code   RO         2340    i.ndp_send_reply    Net_Dbg_CM3_L.lib(net_ndp.o)
    0x08011534   0x08011534   0x000000bc   Code   RO         2341    i.ndp_send_request  Net_Dbg_CM3_L.lib(net_ndp.o)
    0x080115f0   0x080115f0   0x00000004   Code   RO         2051    i.netCGI_Charset    Net_Dbg_CM3_L.lib(net_http_server.o)
    0x080115f4   0x080115f4   0x00000004   Code   RO         2052    i.netCGI_ContentType  Net_Dbg_CM3_L.lib(net_http_server.o)
    0x080115f8   0x080115f8   0x00000004   Code   RO         2053    i.netCGI_CustomHeader  Net_Dbg_CM3_L.lib(net_http_server.o)
    0x080115fc   0x080115fc   0x0000006c   Code   RO         2054    i.netCGI_GetEnvVar  Net_Dbg_CM3_L.lib(net_http_server.o)
    0x08011668   0x08011668   0x00000004   Code   RO         2057    i.netCGI_Redirect   Net_Dbg_CM3_L.lib(net_http_server.o)
    0x0801166c   0x0801166c   0x00000004   Code   RO         2059    i.netCGX_ContentType  Net_Dbg_CM3_L.lib(net_http_server.o)
    0x08011670   0x08011670   0x00000064   Code   RO         2211    i.netCore_Thread    Net_Dbg_CM3_L.lib(net_sys.o)
    0x080116d4   0x080116d4   0x00000002   Code   RO         1633    i.netETH_Notify     Net_Dbg_CM3_L.lib(net_eth.o)
    0x080116d6   0x080116d6   0x00000002   Code   RO         1634    i.netETH_ReceiveRaw  Net_Dbg_CM3_L.lib(net_eth.o)
    0x080116d8   0x080116d8   0x00000072   Code   RO         1636    i.netETH_Thread     Net_Dbg_CM3_L.lib(net_eth.o)
    0x0801174a   0x0801174a   0x00000004   Code   RO         2060    i.netHTTPs_AcceptClient  Net_Dbg_CM3_L.lib(net_http_server.o)
    0x0801174e   0x0801174e   0x00000004   Code   RO         2166    i.netHTTPs_CheckAccount  Net_Dbg_CM3_L.lib(net_http_server_auth.o)
    0x08011752   0x08011752   0x00000004   Code   RO         2062    i.netHTTPs_FileAccess  Net_Dbg_CM3_L.lib(net_http_server.o)
    0x08011756   0x08011756   0x00000002   PAD
    0x08011758   0x08011758   0x00000020   Code   RO         2065    i.netHTTPs_GetLanguage  Net_Dbg_CM3_L.lib(net_http_server.o)
    0x08011778   0x08011778   0x0000000c   Code   RO         2066    i.netHTTPs_GetPassword  Net_Dbg_CM3_L.lib(net_http_server.o)
    0x08011784   0x08011784   0x0000000c   Code   RO         2072    i.netHTTPs_LoginActive  Net_Dbg_CM3_L.lib(net_http_server.o)
    0x08011790   0x08011790   0x00000058   Code   RO         2075    i.netHTTPs_SetPassword  Net_Dbg_CM3_L.lib(net_http_server.o)
    0x080117e8   0x080117e8   0x00000088   Code   RO         2212    i.netIF_GetOption   Net_Dbg_CM3_L.lib(net_sys.o)
    0x08011870   0x08011870   0x00000084   Code   RO         2214    i.netIF_SetOption   Net_Dbg_CM3_L.lib(net_sys.o)
    0x080118f4   0x080118f4   0x0000001a   Code   RO         2264    i.netIP_aton        Net_Dbg_CM3_L.lib(net_addr.o)
    0x0801190e   0x0801190e   0x00000032   Code   RO         2265    i.netIP_ntoa        Net_Dbg_CM3_L.lib(net_addr.o)
    0x08011940   0x08011940   0x000000ac   Code   RO         2215    i.netInitialize     Net_Dbg_CM3_L.lib(net_sys.o)
    0x080119ec   0x080119ec   0x0000008c   Code   RO         2266    i.netMAC_aton       Net_Dbg_CM3_L.lib(net_addr.o)
    0x08011a78   0x08011a78   0x00000004   Code   RO         1899    i.netTCP_GetLocalPort  Net_Dbg_CM3_L.lib(net_tcp.o)
    0x08011a7c   0x08011a7c   0x00000020   Code   RO         1901    i.netTCP_GetPeer    Net_Dbg_CM3_L.lib(net_tcp.o)
    0x08011a9c   0x08011a9c   0x00000004   Code   RO         1903    i.netTCP_GetState   Net_Dbg_CM3_L.lib(net_tcp.o)
    0x08011aa0   0x08011aa0   0x00000004   Code   RO         1904    i.netTCP_GetTimer   Net_Dbg_CM3_L.lib(net_tcp.o)
    0x08011aa4   0x08011aa4   0x0000007c   Code   RO         2268    i.net_addr4_aton    Net_Dbg_CM3_L.lib(net_addr.o)
    0x08011b20   0x08011b20   0x0000001e   Code   RO         2270    i.net_addr4_to_mac  Net_Dbg_CM3_L.lib(net_addr.o)
    0x08011b3e   0x08011b3e   0x00000002   PAD
    0x08011b40   0x08011b40   0x000000e6   Code   RO         2271    i.net_addr6_aton    Net_Dbg_CM3_L.lib(net_addr.o)
    0x08011c26   0x08011c26   0x00000028   Code   RO         2272    i.net_addr6_comp    Net_Dbg_CM3_L.lib(net_addr.o)
    0x08011c4e   0x08011c4e   0x00000012   Code   RO         2273    i.net_addr6_copy    Net_Dbg_CM3_L.lib(net_addr.o)
    0x08011c60   0x08011c60   0x0000004c   Code   RO         2274    i.net_addr6_create  Net_Dbg_CM3_L.lib(net_addr.o)
    0x08011cac   0x08011cac   0x00000028   Code   RO         2275    i.net_addr6_get_solicited  Net_Dbg_CM3_L.lib(net_addr.o)
    0x08011cd4   0x08011cd4   0x00000018   Code   RO         2276    i.net_addr6_is_linklocal  Net_Dbg_CM3_L.lib(net_addr.o)
    0x08011cec   0x08011cec   0x0000006e   Code   RO         2277    i.net_addr6_is_onlink  Net_Dbg_CM3_L.lib(net_addr.o)
    0x08011d5a   0x08011d5a   0x00000048   Code   RO         2278    i.net_addr6_is_solicited  Net_Dbg_CM3_L.lib(net_addr.o)
    0x08011da2   0x08011da2   0x00000018   Code   RO         2279    i.net_addr6_is_unspec  Net_Dbg_CM3_L.lib(net_addr.o)
    0x08011dba   0x08011dba   0x0000000e   Code   RO         2281    i.net_addr6_to_mac  Net_Dbg_CM3_L.lib(net_addr.o)
    0x08011dc8   0x08011dc8   0x00000026   Code   RO         2283    i.net_addr_copy     Net_Dbg_CM3_L.lib(net_addr.o)
    0x08011dee   0x08011dee   0x0000001a   Code   RO         2284    i.net_addr_find_route  Net_Dbg_CM3_L.lib(net_addr.o)
    0x08011e08   0x08011e08   0x00000020   Code   RO         2286    i.net_addr_get_local  Net_Dbg_CM3_L.lib(net_addr.o)
    0x08011e28   0x08011e28   0x00000022   Code   RO         2287    i.net_addr_is_unspec  Net_Dbg_CM3_L.lib(net_addr.o)
    0x08011e4a   0x08011e4a   0x00000002   PAD
    0x08011e4c   0x08011e4c   0x0000011c   Code   RO         1696    i.net_arp_cache_add  Net_Dbg_CM3_L.lib(net_arp.o)
    0x08011f68   0x08011f68   0x000000bc   Code   RO         1697    i.net_arp_cache_early  Net_Dbg_CM3_L.lib(net_arp.o)
    0x08012024   0x08012024   0x000000ec   Code   RO         1698    i.net_arp_cache_find  Net_Dbg_CM3_L.lib(net_arp.o)
    0x08012110   0x08012110   0x00000048   Code   RO         1699    i.net_arp_cache_init  Net_Dbg_CM3_L.lib(net_arp.o)
    0x08012158   0x08012158   0x0000001c   Code   RO         1700    i.net_arp_cache_run  Net_Dbg_CM3_L.lib(net_arp.o)
    0x08012174   0x08012174   0x00000078   Code   RO         1702    i.net_arp_enqueue   Net_Dbg_CM3_L.lib(net_arp.o)
    0x080121ec   0x080121ec   0x00000020   Code   RO         1704    i.net_arp_notify    Net_Dbg_CM3_L.lib(net_arp.o)
    0x0801220c   0x0801220c   0x00000224   Code   RO         1706    i.net_arp_process   Net_Dbg_CM3_L.lib(net_arp.o)
    0x08012430   0x08012430   0x00000042   Code   RO         2522    i.net_atoi          Net_Dbg_CM3_L.lib(net_common.o)
    0x08012472   0x08012472   0x00000002   PAD
    0x08012474   0x08012474   0x00000078   Code   RO         2588    i.net_base64_decode  Net_Dbg_CM3_L.lib(net_base64.o)
    0x080124ec   0x080124ec   0x00000030   Code   RO         2524    i.net_chksum_buf    Net_Dbg_CM3_L.lib(net_common.o)
    0x0801251c   0x0801251c   0x0000001e   Code   RO         2525    i.net_crc_buf       Net_Dbg_CM3_L.lib(net_common.o)
    0x0801253a   0x0801253a   0x0000000e   Code   RO         1637    i.net_eth_callback  Net_Dbg_CM3_L.lib(net_eth.o)
    0x08012548   0x08012548   0x00000068   Code   RO         1638    i.net_eth_config_mcast  Net_Dbg_CM3_L.lib(net_eth.o)
    0x080125b0   0x080125b0   0x000000ea   Code   RO         1640    i.net_eth_get_option  Net_Dbg_CM3_L.lib(net_eth.o)
    0x0801269a   0x0801269a   0x00000002   PAD
    0x0801269c   0x0801269c   0x0000001c   Code   RO         1641    i.net_eth_iface_init  Net_Dbg_CM3_L.lib(net_eth.o)
    0x080126b8   0x080126b8   0x0000001c   Code   RO         1642    i.net_eth_iface_run  Net_Dbg_CM3_L.lib(net_eth.o)
    0x080126d4   0x080126d4   0x000000a8   Code   RO         1644    i.net_eth_output    Net_Dbg_CM3_L.lib(net_eth.o)
    0x0801277c   0x0801277c   0x000001e0   Code   RO         1645    i.net_eth_send_frame  Net_Dbg_CM3_L.lib(net_eth.o)
    0x0801295c   0x0801295c   0x00000270   Code   RO         1646    i.net_eth_set_option  Net_Dbg_CM3_L.lib(net_eth.o)
    0x08012bcc   0x08012bcc   0x000000e8   Code   RO         2081    i.net_http_server_init  Net_Dbg_CM3_L.lib(net_http_server.o)
    0x08012cb4   0x08012cb4   0x00000028   Code   RO         2082    i.net_http_server_run  Net_Dbg_CM3_L.lib(net_http_server.o)
    0x08012cdc   0x08012cdc   0x00000018   Code   RO         2470    i.net_icmp6_init    Net_Dbg_CM3_L.lib(net_icmp6.o)
    0x08012cf4   0x08012cf4   0x00000238   Code   RO         2471    i.net_icmp6_process  Net_Dbg_CM3_L.lib(net_icmp6.o)
    0x08012f2c   0x08012f2c   0x00000084   Code   RO         2472    i.net_icmp6_send    Net_Dbg_CM3_L.lib(net_icmp6.o)
    0x08012fb0   0x08012fb0   0x00000058   Code   RO         2473    i.net_icmp6_send_echo  Net_Dbg_CM3_L.lib(net_icmp6.o)
    0x08013008   0x08013008   0x00000018   Code   RO         1818    i.net_icmp_init     Net_Dbg_CM3_L.lib(net_icmp.o)
    0x08013020   0x08013020   0x000001c8   Code   RO         1819    i.net_icmp_process  Net_Dbg_CM3_L.lib(net_icmp.o)
    0x080131e8   0x080131e8   0x000000a0   Code   RO         1820    i.net_icmp_send_echo  Net_Dbg_CM3_L.lib(net_icmp.o)
    0x08013288   0x08013288   0x0000000c   Code   RO         2219    i.net_if_map_all    Net_Dbg_CM3_L.lib(net_sys.o)
    0x08013294   0x08013294   0x0000006c   Code   RO         1751    i.net_igmp_collect_mcast  Net_Dbg_CM3_L.lib(net_igmp.o)
    0x08013300   0x08013300   0x00000048   Code   RO         1752    i.net_igmp_host_init  Net_Dbg_CM3_L.lib(net_igmp.o)
    0x08013348   0x08013348   0x0000001c   Code   RO         1753    i.net_igmp_host_run  Net_Dbg_CM3_L.lib(net_igmp.o)
    0x08013364   0x08013364   0x00000020   Code   RO         1755    i.net_igmp_is_member  Net_Dbg_CM3_L.lib(net_igmp.o)
    0x08013384   0x08013384   0x000001ac   Code   RO         1756    i.net_igmp_process  Net_Dbg_CM3_L.lib(net_igmp.o)
    0x08013530   0x08013530   0x0000018c   Code   RO         2400    i.net_ip4_chk_frame  Net_Dbg_CM3_L.lib(net_ip4.o)
    0x080136bc   0x080136bc   0x0000002c   Code   RO         2401    i.net_ip4_chksum    Net_Dbg_CM3_L.lib(net_ip4.o)
    0x080136e8   0x080136e8   0x00000006   Code   RO         2402    i.net_ip4_chksum_buf  Net_Dbg_CM3_L.lib(net_ip4.o)
    0x080136ee   0x080136ee   0x00000002   PAD
    0x080136f0   0x080136f0   0x00000080   Code   RO         2404    i.net_ip4_find_route  Net_Dbg_CM3_L.lib(net_ip4.o)
    0x08013770   0x08013770   0x00000124   Code   RO         1797    i.net_ip4_frag_add  Net_Dbg_CM3_L.lib(net_ip4_frag.o)
    0x08013894   0x08013894   0x000000ac   Code   RO         1798    i.net_ip4_frag_get  Net_Dbg_CM3_L.lib(net_ip4_frag.o)
    0x08013940   0x08013940   0x00000010   Code   RO         1799    i.net_ip4_frag_init  Net_Dbg_CM3_L.lib(net_ip4_frag.o)
    0x08013950   0x08013950   0x0000003c   Code   RO         1800    i.net_ip4_frag_run  Net_Dbg_CM3_L.lib(net_ip4_frag.o)
    0x0801398c   0x0801398c   0x0000002c   Code   RO         2405    i.net_ip4_get_local  Net_Dbg_CM3_L.lib(net_ip4.o)
    0x080139b8   0x080139b8   0x00000024   Code   RO         2406    i.net_ip4_init      Net_Dbg_CM3_L.lib(net_ip4.o)
    0x080139dc   0x080139dc   0x00000020   Code   RO         2407    i.net_ip4_is_onlink  Net_Dbg_CM3_L.lib(net_ip4.o)
    0x080139fc   0x080139fc   0x00000026   Code   RO         2408    i.net_ip4_is_subcast  Net_Dbg_CM3_L.lib(net_ip4.o)
    0x08013a22   0x08013a22   0x0000000e   Code   RO         2409    i.net_ip4_reass_frame  Net_Dbg_CM3_L.lib(net_ip4.o)
    0x08013a30   0x08013a30   0x00000164   Code   RO         2410    i.net_ip4_send_frame  Net_Dbg_CM3_L.lib(net_ip4.o)
    0x08013b94   0x08013b94   0x0000002a   Code   RO         2412    i.net_ip4_tx_offl_hl  Net_Dbg_CM3_L.lib(net_ip4.o)
    0x08013bbe   0x08013bbe   0x00000002   PAD
    0x08013bc0   0x08013bc0   0x00000100   Code   RO         2438    i.net_ip6_chk_frame  Net_Dbg_CM3_L.lib(net_ip6.o)
    0x08013cc0   0x08013cc0   0x00000032   Code   RO         2439    i.net_ip6_chksum    Net_Dbg_CM3_L.lib(net_ip6.o)
    0x08013cf2   0x08013cf2   0x00000002   PAD
    0x08013cf4   0x08013cf4   0x0000007c   Code   RO         2440    i.net_ip6_collect_mcast  Net_Dbg_CM3_L.lib(net_ip6.o)
    0x08013d70   0x08013d70   0x00000048   Code   RO         2442    i.net_ip6_find_route  Net_Dbg_CM3_L.lib(net_ip6.o)
    0x08013db8   0x08013db8   0x00000054   Code   RO         2443    i.net_ip6_get_local  Net_Dbg_CM3_L.lib(net_ip6.o)
    0x08013e0c   0x08013e0c   0x0000001c   Code   RO         2444    i.net_ip6_init      Net_Dbg_CM3_L.lib(net_ip6.o)
    0x08013e28   0x08013e28   0x000000cc   Code   RO         2445    i.net_ip6_send_frame  Net_Dbg_CM3_L.lib(net_ip6.o)
    0x08013ef4   0x08013ef4   0x0000001e   Code   RO         2447    i.net_ip6_tx_offl_hl  Net_Dbg_CM3_L.lib(net_ip6.o)
    0x08013f12   0x08013f12   0x00000008   Code   RO         2526    i.net_itoa          Net_Dbg_CM3_L.lib(net_common.o)
    0x08013f1a   0x08013f1a   0x00000006   Code   RO         2528    i.net_itoa_n0       Net_Dbg_CM3_L.lib(net_common.o)
    0x08013f20   0x08013f20   0x00000030   Code   RO         1779    i.net_loop_iface_init  Net_Dbg_CM3_L.lib(net_loopback.o)
    0x08013f50   0x08013f50   0x000000bc   Code   RO         1780    i.net_loop_iface_run  Net_Dbg_CM3_L.lib(net_loopback.o)
    0x0801400c   0x0801400c   0x00000070   Code   RO         1782    i.net_loop_send_frame  Net_Dbg_CM3_L.lib(net_loopback.o)
    0x0801407c   0x0801407c   0x000000c0   Code   RO         2499    i.net_mem_alloc     Net_Dbg_CM3_L.lib(net_mem.o)
    0x0801413c   0x0801413c   0x0000001c   Code   RO         2500    i.net_mem_avail     Net_Dbg_CM3_L.lib(net_mem.o)
    0x08014158   0x08014158   0x000000a4   Code   RO         2501    i.net_mem_free      Net_Dbg_CM3_L.lib(net_mem.o)
    0x080141fc   0x080141fc   0x00000070   Code   RO         2502    i.net_mem_init      Net_Dbg_CM3_L.lib(net_mem.o)
    0x0801426c   0x0801426c   0x00000048   Code   RO         2503    i.net_mem_shrink    Net_Dbg_CM3_L.lib(net_mem.o)
    0x080142b4   0x080142b4   0x00000064   Code   RO         2019    i.net_nbns_client_init  Net_Dbg_CM3_L.lib(net_nbns_client.o)
    0x08014318   0x08014318   0x000001c4   Code   RO         2349    i.net_ndp_cache_find  Net_Dbg_CM3_L.lib(net_ndp.o)
    0x080144dc   0x080144dc   0x00000078   Code   RO         2352    i.net_ndp_cache_refresh  Net_Dbg_CM3_L.lib(net_ndp.o)
    0x08014554   0x08014554   0x00000070   Code   RO         2355    i.net_ndp_enqueue   Net_Dbg_CM3_L.lib(net_ndp.o)
    0x080145c4   0x080145c4   0x00000374   Code   RO         2357    i.net_ndp_process   Net_Dbg_CM3_L.lib(net_ndp.o)
    0x08014938   0x08014938   0x00000038   Code   RO         2221    i.net_path          Net_Dbg_CM3_L.lib(net_sys.o)
    0x08014970   0x08014970   0x00000020   Code   RO         2192    i.net_ping_client_init  Net_Dbg_CM3_L.lib(net_ping_core.o)
    0x08014990   0x08014990   0x00000080   Code   RO         2193    i.net_ping_client_run  Net_Dbg_CM3_L.lib(net_ping_core.o)
    0x08014a10   0x08014a10   0x0000001c   Code   RO         2222    i.net_rand32        Net_Dbg_CM3_L.lib(net_sys.o)
    0x08014a2c   0x08014a2c   0x0000002e   Code   RO         2529    i.net_strcasecmp    Net_Dbg_CM3_L.lib(net_common.o)
    0x08014a5a   0x08014a5a   0x00000016   Code   RO         2530    i.net_strchr        Net_Dbg_CM3_L.lib(net_common.o)
    0x08014a70   0x08014a70   0x0000001a   Code   RO         2531    i.net_strcmp        Net_Dbg_CM3_L.lib(net_common.o)
    0x08014a8a   0x08014a8a   0x00000012   Code   RO         2532    i.net_strcpy        Net_Dbg_CM3_L.lib(net_common.o)
    0x08014a9c   0x08014a9c   0x0000001c   Code   RO         2534    i.net_strnchr       Net_Dbg_CM3_L.lib(net_common.o)
    0x08014ab8   0x08014ab8   0x0000001a   Code   RO         2535    i.net_strncpy       Net_Dbg_CM3_L.lib(net_common.o)
    0x08014ad2   0x08014ad2   0x00000020   Code   RO         2536    i.net_strtoupper    Net_Dbg_CM3_L.lib(net_common.o)
    0x08014af2   0x08014af2   0x00000002   PAD
    0x08014af4   0x08014af4   0x0000000c   Code   RO         2223    i.net_sys_lock      Net_Dbg_CM3_L.lib(net_sys.o)
    0x08014b00   0x08014b00   0x00000016   Code   RO         2224    i.net_sys_resume    Net_Dbg_CM3_L.lib(net_sys.o)
    0x08014b16   0x08014b16   0x00000002   PAD
    0x08014b18   0x08014b18   0x00000014   Code   RO         2226    i.net_sys_tick      Net_Dbg_CM3_L.lib(net_sys.o)
    0x08014b2c   0x08014b2c   0x0000000c   Code   RO         2227    i.net_sys_unlock    Net_Dbg_CM3_L.lib(net_sys.o)
    0x08014b38   0x08014b38   0x00000020   Code   RO         2229    i.net_sys_wakeup    Net_Dbg_CM3_L.lib(net_sys.o)
    0x08014b58   0x08014b58   0x00000084   Code   RO         1911    i.net_tcp_abort     Net_Dbg_CM3_L.lib(net_tcp.o)
    0x08014bdc   0x08014bdc   0x000000e4   Code   RO         1914    i.net_tcp_close     Net_Dbg_CM3_L.lib(net_tcp.o)
    0x08014cc0   0x08014cc0   0x0000002e   Code   RO         1917    i.net_tcp_get_buf   Net_Dbg_CM3_L.lib(net_tcp.o)
    0x08014cee   0x08014cee   0x00000002   PAD
    0x08014cf0   0x08014cf0   0x00000034   Code   RO         1919    i.net_tcp_get_local_port  Net_Dbg_CM3_L.lib(net_tcp.o)
    0x08014d24   0x08014d24   0x00000028   Code   RO         1920    i.net_tcp_get_mss   Net_Dbg_CM3_L.lib(net_tcp.o)
    0x08014d4c   0x08014d4c   0x00000054   Code   RO         1922    i.net_tcp_get_peer  Net_Dbg_CM3_L.lib(net_tcp.o)
    0x08014da0   0x08014da0   0x00000070   Code   RO         1924    i.net_tcp_get_socket  Net_Dbg_CM3_L.lib(net_tcp.o)
    0x08014e10   0x08014e10   0x0000002c   Code   RO         1925    i.net_tcp_get_state  Net_Dbg_CM3_L.lib(net_tcp.o)
    0x08014e3c   0x08014e3c   0x00000034   Code   RO         1926    i.net_tcp_get_timer  Net_Dbg_CM3_L.lib(net_tcp.o)
    0x08014e70   0x08014e70   0x000000b0   Code   RO         1927    i.net_tcp_listen    Net_Dbg_CM3_L.lib(net_tcp.o)
    0x08014f20   0x08014f20   0x000007a8   Code   RO         1929    i.net_tcp_process   Net_Dbg_CM3_L.lib(net_tcp.o)
    0x080156c8   0x080156c8   0x0000015c   Code   RO         1933    i.net_tcp_send      Net_Dbg_CM3_L.lib(net_tcp.o)
    0x08015824   0x08015824   0x0000012c   Code   RO         1935    i.net_tcp_set_option  Net_Dbg_CM3_L.lib(net_tcp.o)
    0x08015950   0x08015950   0x00000028   Code   RO         1936    i.net_tcp_socket_init  Net_Dbg_CM3_L.lib(net_tcp.o)
    0x08015978   0x08015978   0x000003c0   Code   RO         1937    i.net_tcp_socket_run  Net_Dbg_CM3_L.lib(net_tcp.o)
    0x08015d38   0x08015d38   0x0000002e   Code   RO         1848    i.net_udp_get_buf   Net_Dbg_CM3_L.lib(net_udp.o)
    0x08015d66   0x08015d66   0x00000002   PAD
    0x08015d68   0x08015d68   0x00000070   Code   RO         1851    i.net_udp_get_socket  Net_Dbg_CM3_L.lib(net_udp.o)
    0x08015dd8   0x08015dd8   0x000000ac   Code   RO         1853    i.net_udp_open      Net_Dbg_CM3_L.lib(net_udp.o)
    0x08015e84   0x08015e84   0x00000158   Code   RO         1854    i.net_udp_process   Net_Dbg_CM3_L.lib(net_udp.o)
    0x08015fdc   0x08015fdc   0x0000022c   Code   RO         1857    i.net_udp_send_if   Net_Dbg_CM3_L.lib(net_udp.o)
    0x08016208   0x08016208   0x00000024   Code   RO         1859    i.net_udp_socket_init  Net_Dbg_CM3_L.lib(net_udp.o)
    0x0801622c   0x0801622c   0x00000008   Code   RO         2537    i.net_ultoa         Net_Dbg_CM3_L.lib(net_common.o)
    0x08016234   0x08016234   0x00000030   Code   RO         2540    i.net_ultox         Net_Dbg_CM3_L.lib(net_common.o)
    0x08016264   0x08016264   0x0000004c   Code   RO         2541    i.net_xtoul         Net_Dbg_CM3_L.lib(net_common.o)
    0x080162b0   0x080162b0   0x0000001c   Code   RO         2196    i.ping_send_req     Net_Dbg_CM3_L.lib(net_ping_core.o)
    0x080162cc   0x080162cc   0x00000058   Code   RO         2085    i.proc_req_line     Net_Dbg_CM3_L.lib(net_http_server.o)
    0x08016324   0x08016324   0x0000001a   Code   RO         1802    i.que_free_list     Net_Dbg_CM3_L.lib(net_ip4_frag.o)
    0x0801633e   0x0801633e   0x000000a0   Code   RO         2086    i.read_script_line  Net_Dbg_CM3_L.lib(net_http_server.o)
    0x080163de   0x080163de   0x00000048   Code   RO         2087    i.search_delim      Net_Dbg_CM3_L.lib(net_http_server.o)
    0x08016426   0x08016426   0x00000018   Code   RO         2230    i.sys_map_if        Net_Dbg_CM3_L.lib(net_sys.o)
    0x0801643e   0x0801643e   0x00000002   PAD
    0x08016440   0x08016440   0x0000004c   Code   RO         2231    i.sys_proc_tick     Net_Dbg_CM3_L.lib(net_sys.o)
    0x0801648c   0x0801648c   0x00000110   Code   RO         1939    i.tcp_map_socket    Net_Dbg_CM3_L.lib(net_tcp.o)
    0x0801659c   0x0801659c   0x00000084   Code   RO         1940    i.tcp_parse_opt     Net_Dbg_CM3_L.lib(net_tcp.o)
    0x08016620   0x08016620   0x0000011c   Code   RO         1941    i.tcp_proc_acknr    Net_Dbg_CM3_L.lib(net_tcp.o)
    0x0801673c   0x0801673c   0x000000ac   Code   RO         1942    i.tcp_proc_dupack   Net_Dbg_CM3_L.lib(net_tcp.o)
    0x080167e8   0x080167e8   0x0000001a   Code   RO         1943    i.tcp_que_free      Net_Dbg_CM3_L.lib(net_tcp.o)
    0x08016802   0x08016802   0x0000001a   Code   RO         1944    i.tcp_que_init      Net_Dbg_CM3_L.lib(net_tcp.o)
    0x0801681c   0x0801681c   0x000000ac   Code   RO         1945    i.tcp_que_resend    Net_Dbg_CM3_L.lib(net_tcp.o)
    0x080168c8   0x080168c8   0x00000090   Code   RO         1946    i.tcp_send_ctrl     Net_Dbg_CM3_L.lib(net_tcp.o)
    0x08016958   0x08016958   0x0000007c   Code   RO         1947    i.tcp_send_data     Net_Dbg_CM3_L.lib(net_tcp.o)
    0x080169d4   0x080169d4   0x00000090   Code   RO         1948    i.tcp_send_reset    Net_Dbg_CM3_L.lib(net_tcp.o)
    0x08016a64   0x08016a64   0x00000044   Code   RO         1949    i.tcp_set_cwnd      Net_Dbg_CM3_L.lib(net_tcp.o)
    0x08016aa8   0x08016aa8   0x00000074   Code   RO         1950    i.tcp_transit       Net_Dbg_CM3_L.lib(net_tcp.o)
    0x08016b1c   0x08016b1c   0x0000010c   Code   RO         1951    i.tcp_write         Net_Dbg_CM3_L.lib(net_tcp.o)
    0x08016c28   0x08016c28   0x0000002c   Code   RO         1861    i.udp_port_in_use   Net_Dbg_CM3_L.lib(net_udp.o)
    0x08016c54   0x08016c54   0x00000044   Code   RO         2542    i.ul2str            Net_Dbg_CM3_L.lib(net_common.o)
    0x08016c98   0x08016c98   0x00000124   Code   RO         2088    i.utc_to_http       Net_Dbg_CM3_L.lib(net_http_server.o)
    0x08016dbc   0x08016dbc   0x00000024   Data   RO          148    .constdata          http_server.o
    0x08016de0   0x08016de0   0x00000004   Data   RO          259    .constdata          web.o
    0x08016de4   0x08016de4   0x00006407   Data   RO          260    .constdata          web.o
    0x0801d1eb   0x0801d1eb   0x00000001   PAD
    0x0801d1ec   0x0801d1ec   0x000000a0   Data   RO          261    .constdata          web.o
    0x0801d28c   0x0801d28c   0x00000018   Data   RO          279    .constdata          leds.o
    0x0801d2a4   0x0801d2a4   0x00000960   Data   RO          307    .constdata          lcd.o
    0x0801dc04   0x0801dc04   0x00000024   Data   RO          585    .constdata          rtx_lib.o
    0x0801dc28   0x0801dc28   0x00000024   Data   RO          586    .constdata          rtx_lib.o
    0x0801dc4c   0x0801dc4c   0x00000018   Data   RO          587    .constdata          rtx_lib.o
    0x0801dc64   0x0801dc64   0x00000004   Data   RO          589    .constdata          rtx_lib.o
    0x0801dc68   0x0801dc68   0x00000004   Data   RO          930    .constdata          phy_lan8742a.o
    0x0801dc6c   0x0801dc6c   0x00000020   Data   RO          931    .constdata          phy_lan8742a.o
    0x0801dc8c   0x0801dc8c   0x00000050   Data   RO          958    .constdata          emac_stm32f4xx.o
    0x0801dcdc   0x0801dcdc   0x00000044   Data   RO          959    .constdata          emac_stm32f4xx.o
    0x0801dd20   0x0801dd20   0x00000034   Data   RO         1001    .constdata          spi_stm32f4xx.o
    0x0801dd54   0x0801dd54   0x00000010   Data   RO         1002    .constdata          spi_stm32f4xx.o
    0x0801dd64   0x0801dd64   0x00000010   Data   RO         1003    .constdata          spi_stm32f4xx.o
    0x0801dd74   0x0801dd74   0x0000002c   Data   RO         1004    .constdata          spi_stm32f4xx.o
    0x0801dda0   0x0801dda0   0x00000018   Data   RO         1040    .constdata          eventrecorder.o
    0x0801ddb8   0x0801ddb8   0x00000008   Data   RO         1179    .constdata          stm32f4xx_hal_dma.o
    0x0801ddc0   0x0801ddc0   0x00000010   Data   RO         1475    .constdata          system_stm32f4xx.o
    0x0801ddd0   0x0801ddd0   0x00000008   Data   RO         1476    .constdata          system_stm32f4xx.o
    0x0801ddd8   0x0801ddd8   0x000000a8   Data   RO         1520    .constdata          net_config.o
    0x0801de80   0x0801de80   0x0000001c   Data   RO         1521    .constdata          net_config.o
    0x0801de9c   0x0801de9c   0x00000014   Data   RO         1522    .constdata          net_config.o
    0x0801deb0   0x0801deb0   0x0000000c   Data   RO         1523    .constdata          net_config.o
    0x0801debc   0x0801debc   0x00000010   Data   RO         1524    .constdata          net_config.o
    0x0801decc   0x0801decc   0x00000028   Data   RO         1525    .constdata          net_config.o
    0x0801def4   0x0801def4   0x0000002c   Data   RO         1526    .constdata          net_config.o
    0x0801df20   0x0801df20   0x00000008   Data   RO         1527    .constdata          net_config.o
    0x0801df28   0x0801df28   0x00000008   Data   RO         1528    .constdata          net_config.o
    0x0801df30   0x0801df30   0x00000008   Data   RO         1529    .constdata          net_config.o
    0x0801df38   0x0801df38   0x00000008   Data   RO         1530    .constdata          net_config.o
    0x0801df40   0x0801df40   0x00000008   Data   RO         1531    .constdata          net_config.o
    0x0801df48   0x0801df48   0x00000008   Data   RO         1532    .constdata          net_config.o
    0x0801df50   0x0801df50   0x00000008   Data   RO         1533    .constdata          net_config.o
    0x0801df58   0x0801df58   0x00000008   Data   RO         1534    .constdata          net_config.o
    0x0801df60   0x0801df60   0x00000004   Data   RO         1536    .constdata          net_config.o
    0x0801df64   0x0801df64   0x00000008   Data   RO         1537    .constdata          net_config.o
    0x0801df6c   0x0801df6c   0x0000000c   Data   RO         1538    .constdata          net_config.o
    0x0801df78   0x0801df78   0x00000018   Data   RO         1539    .constdata          net_config.o
    0x0801df90   0x0801df90   0x00000034   Data   RO         1540    .constdata          net_config.o
    0x0801dfc4   0x0801dfc4   0x0000002c   Data   RO         1541    .constdata          net_config.o
    0x0801dff0   0x0801dff0   0x00000024   Data   RO         1542    .constdata          net_config.o
    0x0801e014   0x0801e014   0x00000010   Data   RO         1544    .constdata          net_config.o
    0x0801e024   0x0801e024   0x00000010   Data   RO         1545    .constdata          net_config.o
    0x0801e034   0x0801e034   0x00000008   Data   RO         1757    .constdata          Net_Dbg_CM3_L.lib(net_igmp.o)
    0x0801e03c   0x0801e03c   0x0000002c   Data   RO         1783    .constdata          Net_Dbg_CM3_L.lib(net_loopback.o)
    0x0801e068   0x0801e068   0x0000000c   Data   RO         1784    .constdata          Net_Dbg_CM3_L.lib(net_loopback.o)
    0x0801e074   0x0801e074   0x00000008   Data   RO         2021    .constdata          Net_Dbg_CM3_L.lib(net_nbns_client.o)
    0x0801e07c   0x0801e07c   0x000000fa   Data   RO         2090    .constdata          Net_Dbg_CM3_L.lib(net_http_server.o)
    0x0801e176   0x0801e176   0x00000002   PAD
    0x0801e178   0x0801e178   0x00000018   Data   RO         2169    .constdata          Net_Dbg_CM3_L.lib(net_http_server_auth.o)
    0x0801e190   0x0801e190   0x00000012   Data   RO         2198    .constdata          Net_Dbg_CM3_L.lib(net_ping_core.o)
    0x0801e1a2   0x0801e1a2   0x00000010   Data   RO         2291    .constdata          Net_Dbg_CM3_L.lib(net_addr.o)
    0x0801e1b2   0x0801e1b2   0x00000006   Data   RO         2292    .constdata          Net_Dbg_CM3_L.lib(net_addr.o)
    0x0801e1b8   0x0801e1b8   0x00000004   Data   RO         2414    .constdata          Net_Dbg_CM3_L.lib(net_ip4.o)
    0x0801e1bc   0x0801e1bc   0x00000020   Data   RO         2449    .constdata          Net_Dbg_CM3_L.lib(net_ip6.o)
    0x0801e1dc   0x0801e1dc   0x00000018   Data   RO         2489    .constdata          Net_Dbg_CM3_L.lib(net_http_server_err.o)
    0x0801e1f4   0x0801e1f4   0x00000010   Data   RO         2543    .constdata          Net_Dbg_CM3_L.lib(net_common.o)
    0x0801e204   0x0801e204   0x00000090   Data   RO         2590    .constdata          Net_Dbg_CM3_L.lib(net_base64.o)
    0x0801e294   0x0801e294   0x00000004   Data   RO         2599    .constdata          Net_Dbg_CM3_L.lib(net_version.o)
    0x0801e298   0x0801e298   0x000000da   Data   RO          221    .conststring        http_server_cgi.o
    0x0801e372   0x0801e372   0x00000002   PAD
    0x0801e374   0x0801e374   0x00000078   Data   RO         1546    .conststring        net_config.o
    0x0801e3ec   0x0801e3ec   0x0000000d   Data   RO         1547    .conststring        net_config.o
    0x0801e3f9   0x0801e3f9   0x00000003   PAD
    0x0801e3fc   0x0801e3fc   0x00000038   Data   RO         1548    .conststring        net_config.o
    0x0801e434   0x0801e434   0x0000001d   Data   RO         1549    .conststring        net_config.o
    0x0801e451   0x0801e451   0x00000003   PAD
    0x0801e454   0x0801e454   0x00000203   Data   RO         2490    .conststring        Net_Dbg_CM3_L.lib(net_http_server_err.o)
    0x0801e657   0x0801e657   0x00000001   PAD
    0x0801e658   0x0801e658   0x0000000b   Data   RO          529    .conststrlit        rtx_kernel.o
    0x0801e663   0x0801e663   0x00000001   PAD
    0x0801e664   0x0801e664   0x000000a8   Data   RO          590    .rodata             rtx_lib.o
    0x0801e70c   0x0801e70c   0x00000020   Data   RO         2946    Region$$Table       anon$$obj.o


    Execution Region RW_IRAM2 (Exec base: 0x10000000, Load base: 0x0801e864, Size: 0x000004a4, Max: 0x00010000, ABSOLUTE, UNINIT)

    Exec Addr    Load Addr    Size         Type   Attr      Idx    E Section Name        Object

    0x10000000        -       0x000004a4   Zero   RW         1039    .bss.noinit         eventrecorder.o


    Execution Region RW_IRAM1 (Exec base: 0x20000000, Load base: 0x0801e72c, Size: 0x0000f6b0, Max: 0x00020000, ABSOLUTE, COMPRESSED[0x00000138])

    Exec Addr    Load Addr    Size         Type   Attr      Idx    E Section Name        Object

    0x20000000   COMPRESSED   0x00008000   Data   RW          577    .bss.os             rtx_lib.o
    0x20008000   COMPRESSED   0x00000040   Data   RW          578    .bss.os             rtx_lib.o
    0x20008040   COMPRESSED   0x00000001   Data   RW          882    .bss.os             os_systick.o
    0x20008041   COMPRESSED   0x00000003   PAD
    0x20008044   COMPRESSED   0x00000034   Data   RW          579    .bss.os.msgqueue.cb  rtx_lib.o
    0x20008078   COMPRESSED   0x00000050   Data   RW          580    .bss.os.msgqueue.mem  rtx_lib.o
    0x200080c8   COMPRESSED   0x0000001c   Data   RW         1514    .bss.os.mutex.cb    net_config.o
    0x200080e4   COMPRESSED   0x0000001c   Data   RW         1515    .bss.os.mutex.cb    net_config.o
    0x20008100   COMPRESSED   0x00000010   Data   RW         1516    .bss.os.semaphore.cb  net_config.o
    0x20008110   COMPRESSED   0x00000044   Data   RW          581    .bss.os.thread.cb   rtx_lib.o
    0x20008154   COMPRESSED   0x00000044   Data   RW          582    .bss.os.thread.cb   rtx_lib.o
    0x20008198   COMPRESSED   0x00000044   Data   RW         1517    .bss.os.thread.cb   net_config.o
    0x200081dc   COMPRESSED   0x00000044   Data   RW         1518    .bss.os.thread.cb   net_config.o
    0x20008220   COMPRESSED   0x00000200   Data   RW          583    .bss.os.thread.idle.stack  rtx_lib.o
    0x20008420   COMPRESSED   0x00000200   Data   RW          584    .bss.os.thread.timer.stack  rtx_lib.o
    0x20008620   COMPRESSED   0x00000020   Data   RW         1519    .bss.os.timer.cb    net_config.o
    0x20008640   COMPRESSED   0x00000004   Data   RW            5    .data               main.o
    0x20008644   COMPRESSED   0x0000002a   Data   RW          149    .data               http_server.o
    0x2000866e   COMPRESSED   0x00000002   PAD
    0x20008670   COMPRESSED   0x00000010   Data   RW          150    .data               http_server.o
    0x20008680   COMPRESSED   0x00000008   Data   RW          222    .data               http_server_cgi.o
    0x20008688   COMPRESSED   0x00000010   Data   RW          308    .data               lcd.o
    0x20008698   COMPRESSED   0x00000004   Data   RW          351    .data               adc.o
    0x2000869c   COMPRESSED   0x0000000c   Data   RW         1073    .data               stm32f4xx_hal.o
    0x200086a8   COMPRESSED   0x00000004   Data   RW         1477    .data               system_stm32f4xx.o
    0x200086ac   COMPRESSED   0x00000004   Data   RW         1550    .data               net_config.o
    0x200086b0   COMPRESSED   0x00000006   Data   RW         1551    .data               net_config.o
    0x200086b6   COMPRESSED   0x00000004   Data   RW         1552    .data               net_config.o
    0x200086ba   COMPRESSED   0x00000004   Data   RW         1758    .data               Net_Dbg_CM3_L.lib(net_igmp.o)
    0x200086be   COMPRESSED   0x00000002   PAD
    0x200086c0   COMPRESSED   0x00000004   Data   RW         1785    .data               Net_Dbg_CM3_L.lib(net_loopback.o)
    0x200086c4   COMPRESSED   0x00000004   Data   RW         1803    .data               Net_Dbg_CM3_L.lib(net_ip4_frag.o)
    0x200086c8   COMPRESSED   0x00000001   Data   RW         1821    .data               Net_Dbg_CM3_L.lib(net_icmp.o)
    0x200086c9   COMPRESSED   0x00000001   PAD
    0x200086ca   COMPRESSED   0x00000002   Data   RW         1863    .data               Net_Dbg_CM3_L.lib(net_udp.o)
    0x200086cc   COMPRESSED   0x00000004   Data   RW         1954    .data               Net_Dbg_CM3_L.lib(net_tcp.o)
    0x200086d0   COMPRESSED   0x00000001   Data   RW         2022    .data               Net_Dbg_CM3_L.lib(net_nbns_client.o)
    0x200086d1   COMPRESSED   0x00000003   PAD
    0x200086d4   COMPRESSED   0x0000000c   Data   RW         2091    .data               Net_Dbg_CM3_L.lib(net_http_server.o)
    0x200086e0   COMPRESSED   0x00000008   Data   RW         2415    .data               Net_Dbg_CM3_L.lib(net_ip4.o)
    0x200086e8   COMPRESSED   0x00000004   Data   RW         2451    .data               Net_Dbg_CM3_L.lib(net_ip6.o)
    0x200086ec   COMPRESSED   0x000000a4   Data   RW          530    .data.os            rtx_kernel.o
    0x20008790        -       0x00000400   Zero   RW          145    .bss                http_server.o
    0x20008b90        -       0x00000018   Zero   RW          147    .bss                http_server.o
    0x20008ba8        -       0x00000050   Zero   RW          220    .bss                http_server_cgi.o
    0x20008bf8        -       0x00000374   Zero   RW          305    .bss                lcd.o
    0x20008f6c        -       0x0000000c   Zero   RW          929    .bss                phy_lan8742a.o
    0x20008f78        -       0x000024cc   Zero   RW          957    .bss                emac_stm32f4xx.o
    0x2000b444        -       0x00000010   Zero   RW          999    .bss                spi_stm32f4xx.o
    0x2000b454        -       0x0000001c   Zero   RW         1000    .bss                spi_stm32f4xx.o
    0x2000b470        -       0x00000400   Zero   RW         1504    .bss                net_config.o
    0x2000b870        -       0x00000400   Zero   RW         1505    .bss                net_config.o
    0x2000bc70        -       0x00002ee0   Zero   RW         1506    .bss                net_config.o
    0x2000eb50        -       0x000000c8   Zero   RW         1507    .bss                net_config.o
    0x2000ec18        -       0x00000028   Zero   RW         1508    .bss                net_config.o
    0x2000ec40        -       0x00000018   Zero   RW         1509    .bss                net_config.o
    0x2000ec58        -       0x00000028   Zero   RW         1510    .bss                net_config.o
    0x2000ec80        -       0x00000050   Zero   RW         1511    .bss                net_config.o
    0x2000ecd0        -       0x00000228   Zero   RW         1512    .bss                net_config.o
    0x2000eef8        -       0x00000150   Zero   RW         1513    .bss                net_config.o
    0x2000f048        -       0x000000a0   Zero   RW         1647    .bss                Net_Dbg_CM3_L.lib(net_eth.o)
    0x2000f0e8        -       0x00000018   Zero   RW         1707    .bss                Net_Dbg_CM3_L.lib(net_arp.o)
    0x2000f100        -       0x0000001c   Zero   RW         1862    .bss                Net_Dbg_CM3_L.lib(net_udp.o)
    0x2000f11c        -       0x00000098   Zero   RW         2089    .bss                Net_Dbg_CM3_L.lib(net_http_server.o)
    0x2000f1b4        -       0x0000002c   Zero   RW         2197    .bss                Net_Dbg_CM3_L.lib(net_ping_core.o)
    0x2000f1e0        -       0x00000038   Zero   RW         2232    .bss                Net_Dbg_CM3_L.lib(net_sys.o)
    0x2000f218        -       0x00000024   Zero   RW         2233    .bss                Net_Dbg_CM3_L.lib(net_sys.o)
    0x2000f23c        -       0x0000005c   Zero   RW         2290    .bss                Net_Dbg_CM3_L.lib(net_addr.o)
    0x2000f298        -       0x00000014   Zero   RW         2505    .bss                Net_Dbg_CM3_L.lib(net_mem.o)
    0x2000f2ac   COMPRESSED   0x00000004   PAD
    0x2000f2b0        -       0x00000400   Zero   RW         1464    STACK               startup_stm32f407xx.o


==============================================================================

Image component sizes


      Code (inc. data)   RO Data    RW Data    ZI Data      Debug   Object Name

       248         24          0          4          0       1745   adc.o
        96         10          0          0          0       1868   buttons_f429discovery.o
      2476        148        148          0       9420      47254   emac_stm32f4xx.o
      1452         40         24          0       1188      17220   eventrecorder.o
       312         68         36         58       1048      17020   http_server.o
      1884        338        218          8         80       8438   http_server_cgi.o
       148          8          0          0          0        580   irq_armv7m.o
      1556         52       2400         16        884       7573   lcd.o
       200         14         24          0          0       2165   leds.o
       276         30          0          4          0     707851   main.o
       360         26        822        254      15320      31870   net_config.o
       338          0          0          0          0        814   net_debug.o
       196         12          0          1          0       1932   os_systick.o
       428         10         36          0         12       6718   phy_lan8742a.o
         4          0          0          0          0        579   rtx_config.o
       260         14          0          0          0      17646   rtx_delay.o
      2392         88          0          0          0      45101   rtx_evr.o
      1740         96         11        164          0      27736   rtx_kernel.o
        24          0        268      34124          0       9667   rtx_lib.o
       292          0          0          0          0       3759   rtx_memory.o
      1984         48          0          0          0      14988   rtx_mempool.o
      2820         58          0          0          0      23476   rtx_msgqueue.o
      1368         30          0          0          0       9994   rtx_mutex.o
      1432         34          0          0          0      11716   rtx_semaphore.o
       668         18          0          0          0       8281   rtx_system.o
      4892        124          0          0          0      33413   rtx_thread.o
      1152         34          0          0          0      10097   rtx_timer.o
      2856         76        128          0         44      44135   spi_stm32f4xx.o
        36          8        392          0       1024        816   startup_stm32f407xx.o
       436         34          0         12          0      10900   stm32f4xx_hal.o
      2720         86          0          0          0       8755   stm32f4xx_hal_adc.o
      1828         44          0          0          0       6474   stm32f4xx_hal_adc_ex.o
       664         10          0          0          0      36014   stm32f4xx_hal_cortex.o
      1816         28          8          0          0       7577   stm32f4xx_hal_dma.o
       816         46          0          0          0       3911   stm32f4xx_hal_gpio.o
      1892         70          0          0          0       6083   stm32f4xx_hal_rcc.o
      9170        166          0          0          0      37580   stm32f4xx_hal_tim.o
      2992         62          0          0          0      13596   stm32f4xx_hal_tim_ex.o
       208         34         24          4          0       1693   system_stm32f4xx.o
       120         10      25771          0          0       1676   web.o

    ----------------------------------------------------------------------
     54554       1998      30352      34654      29020    1248711   Object Totals
         0          0         32          0          0          0   (incl. Generated)
         2          0         10          5          0          0   (incl. Padding)

    ----------------------------------------------------------------------

      Code (inc. data)   RO Data    RW Data    ZI Data      Debug   Library Member Name

      1414         18         22          0         92       1556   net_addr.o
      2874        144          0          0         24       1548   net_arp.o
       120          6        144          0          0         84   net_base64.o
       622         10         16          0          0       1340   net_common.o
      3664        138          0          0        160       1600   net_eth.o
      6834       1268        250         12        152       2852   net_http_server.o
       266         66         24          0          0        368   net_http_server_auth.o
         0          0        539          0          0          0   net_http_server_err.o
       640         48          0          1          0        236   net_icmp.o
       812         60          0          0          0        332   net_icmp6.o
       972         46          8          4          0        680   net_igmp.o
      1188         82          4          8          0        956   net_ip4.o
       690         30          0          4          0        476   net_ip4_frag.o
       848         72         32          4          0        644   net_ip6.o
       348         28         56          4          0        256   net_loopback.o
       592         64          0          0         20        564   net_mem.o
       520         44          8          1          0        188   net_nbns_client.o
      3058        106          0          0          0       1404   net_ndp.o
       188         32         18          0         44        220   net_ping_core.o
       834         84          0          0         92       1012   net_sys.o
      6566        282          0          4          0       2728   net_tcp.o
      1310         70          0          2         28        620   net_udp.o
         0          0          4          0          0          0   net_version.o
        86          0          0          0          0          0   __dczerorl2.o
         0          0          0          0          0          0   entry.o
         0          0          0          0          0          0   entry10a.o
         0          0          0          0          0          0   entry11a.o
         4          0          0          0          0          0   entry12b.o
         8          4          0          0          0          0   entry2.o
         4          0          0          0          0          0   entry5.o
         0          0          0          0          0          0   entry7b.o
         0          0          0          0          0          0   entry8b.o
         8          4          0          0          0          0   entry9a.o
        30          0          0          0          0          0   handlers.o
        36          8          0          0          0         68   init.o
         0          0          0          0          0          0   iusefp.o
        30          0          0          0          0         68   llshl.o
        36          0          0          0          0         68   llsshr.o
        32          0          0          0          0         68   llushr.o
        26          0          0          0          0         80   memcmp.o
        36          0          0          0          0         68   memcpya.o
        36          0          0          0          0        108   memseta.o
      2236         86          0          0          0        532   printfa.o
        28          0          0          0          0         76   strcmp.o
        18          0          0          0          0         68   strcpy.o
        14          0          0          0          0         68   strlen.o
        30          0          0          0          0         80   strncmp.o
        44          0          0          0          0         80   uidiv.o
        98          0          0          0          0         92   uldiv.o
        48          0          0          0          0         68   cdrcmple.o
       334          0          0          0          0        148   dadd.o
       222          0          0          0          0        100   ddiv.o
       186          0          0          0          0        176   depilogue.o
        48          0          0          0          0         68   dfixul.o
       228          0          0          0          0         96   dmul.o
        46          0          0          0          0         80   dscalb.o
        38          0          0          0          0         68   f2d.o
       110          0          0          0          0        168   fepilogue.o
        40          0          0          0          0         68   ffixui.o
        10          0          0          0          0         68   ffltui.o
       100          0          0          0          0         76   fmul.o
        24          0          0          0          0         68   fscalb.o

    ----------------------------------------------------------------------
     38682       2800       1128         50        616      22440   Library Totals
        48          0          3          6          4          0   (incl. Padding)

    ----------------------------------------------------------------------

      Code (inc. data)   RO Data    RW Data    ZI Data      Debug   Library Name

     34360       2698       1125         44        612      19664   Net_Dbg_CM3_L.lib
      2840        102          0          0          0       1524   mc_w.l
      1434          0          0          0          0       1252   mf_w.l

    ----------------------------------------------------------------------
     38682       2800       1128         50        616      22440   Library Totals

    ----------------------------------------------------------------------

==============================================================================


      Code (inc. data)   RO Data    RW Data    ZI Data      Debug   

     93236       4798      31480      34704      29636    1253651   Grand Totals
     93236       4798      31480        312      29636    1253651   ELF Image Totals (compressed)
     93236       4798      31480        312          0          0   ROM Totals

==============================================================================

    Total RO  Size (Code + RO Data)               124716 ( 121.79kB)
    Total RW  Size (RW Data + ZI Data)             64340 (  62.83kB)
    Total ROM Size (Code + RO Data + RW Data)     125028 ( 122.10kB)

==============================================================================

