Component: ARM Compiler 5.06 update 7 (build 960) Tool: armlink [4d3601]

==============================================================================

Section Cross References

    main.o(.text) refers to rtx_kernel.o(.text) for osKernelGetState
    main.o(.text) refers to stm32f4xx_hal_rcc.o(.text) for HAL_RCC_OscConfig
    main.o(.text) refers to stm32f4xx_hal.o(.text) for HAL_GetREVID
    main.o(.text) refers to system_stm32f4xx.o(.text) for SystemCoreClockUpdate
    main.o(.text) refers to rtx_thread.o(.text) for osThreadNew
    main.o(.text) refers to system_stm32f4xx.o(.data) for SystemCoreClock
    main.o(.text) refers to main.o(.data) for .data
    main.o(.text) refers to http_server.o(.constdata) for app_main_attr
    main.o(.text) refers to http_server.o(.text) for app_main
    http_server.o(.text) refers to adc.o(.text) for ADC_Init_Conversion_Single
    http_server.o(.text) refers to ffixui.o(.text) for __aeabi_f2uiz
    http_server.o(.text) refers to fmul.o(.text) for __aeabi_fmul
    http_server.o(.text) refers to buttons_f429discovery.o(.text) for Buttons_GetState
    http_server.o(.text) refers to rtx_thread.o(.text) for osThreadFlagsSet
    http_server.o(.text) refers to strcpy.o(.text) for strcpy
    http_server.o(.text) refers to rtx_msgqueue.o(.text) for osMessageQueuePut
    http_server.o(.text) refers to leds.o(.text) for LED_SetOut
    http_server.o(.text) refers to rtx_delay.o(.text) for osDelay
    http_server.o(.text) refers to lcd.o(.text) for Init_display
    http_server.o(.text) refers to net_sys.o(i.netInitialize) for netInitialize
    http_server.o(.text) refers to http_server.o(.data) for .data
    http_server.o(.text) refers to http_server.o(.bss) for .bss
    http_server.o(.text) refers to lcd.o(.data) for IdqueueLCD
    http_server.o(.constdata) refers to http_server.o(.bss) for app_main_stk
    http_server_cgi.o(.text) refers to net_http_server.o(i.netCGI_GetEnvVar) for netCGI_GetEnvVar
    http_server_cgi.o(.text) refers to net_addr.o(i.netIP_aton) for netIP_aton
    http_server_cgi.o(.text) refers to net_sys.o(i.netIF_SetOption) for netIF_SetOption
    http_server_cgi.o(.text) refers to strcmp.o(.text) for strcmp
    http_server_cgi.o(.text) refers to strncmp.o(.text) for strncmp
    http_server_cgi.o(.text) refers to leds.o(.text) for LED_SetOut
    http_server_cgi.o(.text) refers to net_http_server.o(i.netHTTPs_LoginActive) for netHTTPs_LoginActive
    http_server_cgi.o(.text) refers to strcpy.o(.text) for strcpy
    http_server_cgi.o(.text) refers to net_http_server.o(i.netHTTPs_SetPassword) for netHTTPs_SetPassword
    http_server_cgi.o(.text) refers to rtx_msgqueue.o(.text) for osMessageQueuePut
    http_server_cgi.o(.text) refers to net_sys.o(i.netIF_GetOption) for netIF_GetOption
    http_server_cgi.o(.text) refers to net_addr.o(i.netIP_ntoa) for netIP_ntoa
    http_server_cgi.o(.text) refers to printfa.o(i.__0sprintf) for __2sprintf
    http_server_cgi.o(.text) refers to net_tcp.o(i.netTCP_GetState) for netTCP_GetState
    http_server_cgi.o(.text) refers to net_tcp.o(i.netTCP_GetPeer) for netTCP_GetPeer
    http_server_cgi.o(.text) refers to net_tcp.o(i.netTCP_GetTimer) for netTCP_GetTimer
    http_server_cgi.o(.text) refers to net_tcp.o(i.netTCP_GetLocalPort) for netTCP_GetLocalPort
    http_server_cgi.o(.text) refers to http_server_cgi.o(.bss) for .bss
    http_server_cgi.o(.text) refers to http_server_cgi.o(.data) for .data
    http_server_cgi.o(.text) refers to http_server.o(.data) for LEDrun
    http_server_cgi.o(.text) refers to http_server.o(.data) for lcd_text
    http_server_cgi.o(.text) refers to lcd.o(.data) for IdqueueLCD
    http_server_cgi.o(.text) refers to http_server_cgi.o(.conststring) for .conststring
    http_server_cgi.o(.text) refers to net_http_server.o(i.netHTTPs_GetPassword) for netHTTPs_GetPassword
    http_server_cgi.o(.text) refers to net_http_server.o(i.netHTTPs_GetLanguage) for netHTTPs_GetLanguage
    http_server_cgi.o(.text) refers to http_server.o(.text) for AD_in
    http_server_cgi.o(.text) refers to ffltui.o(.text) for __aeabi_ui2f
    http_server_cgi.o(.text) refers to fmul.o(.text) for __aeabi_fmul
    http_server_cgi.o(.text) refers to f2d.o(.text) for __aeabi_f2d
    http_server_cgi.o(.text) refers to dscalb.o(.text) for __ARM_scalbn
    web.o(.text) refers to web.o(.constdata) for .constdata
    web.o(.constdata) refers to web.o(.constdata) for imageFileData
    leds.o(.text) refers to stm32f4xx_hal_gpio.o(.text) for HAL_GPIO_Init
    leds.o(.text) refers to leds.o(.constdata) for .constdata
    lcd.o(.text) refers to stm32f4xx_hal_gpio.o(.text) for HAL_GPIO_WritePin
    lcd.o(.text) refers to stm32f4xx_hal_tim.o(.text) for HAL_TIM_Base_Init
    lcd.o(.text) refers to lcd.o(.data) for .data
    lcd.o(.text) refers to lcd.o(.bss) for .bss
    lcd.o(.text) refers to lcd.o(.constdata) for .constdata
    lcd.o(.text) refers to rtx_thread.o(.text) for osThreadFlagsGet
[...]
    _double_epilogue                         0x0800dd93   Thumb Code   156  depilogue.o(.text)
    __decompress                             0x0800de2f   Thumb Code     0  __dczerorl2.o(.text)
    __decompress1                            0x0800de2f   Thumb Code    86  __dczerorl2.o(.text)
    __0sprintf                               0x0800de85   Thumb Code    34  printfa.o(i.__0sprintf)
    __1sprintf                               0x0800de85   Thumb Code     0  printfa.o(i.__0sprintf)
    __2sprintf                               0x0800de85   Thumb Code     0  printfa.o(i.__0sprintf)
    __c89sprintf                             0x0800de85   Thumb Code     0  printfa.o(i.__0sprintf)
    sprintf                                  0x0800de85   Thumb Code     0  printfa.o(i.__0sprintf)
    __scatterload_copy                       0x0800dead   Thumb Code    14  handlers.o(i.__scatterload_copy)
    __scatterload_null                       0x0800debb   Thumb Code     2  handlers.o(i.__scatterload_null)
    __scatterload_zeroinit                   0x0800debd   Thumb Code    14  handlers.o(i.__scatterload_zeroinit)
    netCGI_Charset                           0x080115f9   Thumb Code     4  net_http_server.o(i.netCGI_Charset)
    netCGI_ContentType                       0x080115fd   Thumb Code     4  net_http_server.o(i.netCGI_ContentType)
    netCGI_CustomHeader                      0x08011601   Thumb Code     4  net_http_server.o(i.netCGI_CustomHeader)
    netCGI_GetEnvVar                         0x08011605   Thumb Code   104  net_http_server.o(i.netCGI_GetEnvVar)
    netCGI_Redirect                          0x08011671   Thumb Code     4  net_http_server.o(i.netCGI_Redirect)
    netCGX_ContentType                       0x08011675   Thumb Code     4  net_http_server.o(i.netCGX_ContentType)
    netCore_Thread                           0x08011679   Thumb Code    90  net_sys.o(i.netCore_Thread)
    netETH_Notify                            0x080116dd   Thumb Code     2  net_eth.o(i.netETH_Notify)
    netETH_ReceiveRaw                        0x080116df   Thumb Code     2  net_eth.o(i.netETH_ReceiveRaw)
    netETH_Thread                            0x080116e1   Thumb Code   114  net_eth.o(i.netETH_Thread)
    netHTTPs_AcceptClient                    0x08011753   Thumb Code     4  net_http_server.o(i.netHTTPs_AcceptClient)
    netHTTPs_CheckAccount                    0x08011757   Thumb Code     4  net_http_server_auth.o(i.netHTTPs_CheckAccount)
    netHTTPs_FileAccess                      0x0801175b   Thumb Code     4  net_http_server.o(i.netHTTPs_FileAccess)
    netHTTPs_GetLanguage                     0x08011761   Thumb Code    24  net_http_server.o(i.netHTTPs_GetLanguage)
    netHTTPs_GetPassword                     0x08011781   Thumb Code     6  net_http_server.o(i.netHTTPs_GetPassword)
    netHTTPs_LoginActive                     0x0801178d   Thumb Code     6  net_http_server.o(i.netHTTPs_LoginActive)
    netHTTPs_SetPassword                     0x08011799   Thumb Code    78  net_http_server.o(i.netHTTPs_SetPassword)
    netIF_GetOption                          0x080117f1   Thumb Code   128  net_sys.o(i.netIF_GetOption)
    netIF_SetOption                          0x08011879   Thumb Code   124  net_sys.o(i.netIF_SetOption)
    netIP_aton                               0x080118fd   Thumb Code    26  net_addr.o(i.netIP_aton)
    netIP_ntoa                               0x08011917   Thumb Code    50  net_addr.o(i.netIP_ntoa)
    netInitialize                            0x08011949   Thumb Code   156  net_sys.o(i.netInitialize)
    netMAC_aton                              0x080119f5   Thumb Code   140  net_addr.o(i.netMAC_aton)
    netTCP_GetLocalPort                      0x08011a81   Thumb Code     4  net_tcp.o(i.netTCP_GetLocalPort)
    netTCP_GetPeer                           0x08011a85   Thumb Code    32  net_tcp.o(i.netTCP_GetPeer)
    netTCP_GetState                          0x08011aa5   Thumb Code     4  net_tcp.o(i.netTCP_GetState)
    netTCP_GetTimer                          0x08011aa9   Thumb Code     4  net_tcp.o(i.netTCP_GetTimer)
    net_addr4_aton                           0x08011aad   Thumb Code   124  net_addr.o(i.net_addr4_aton)
    net_addr4_to_mac                         0x08011b29   Thumb Code    30  net_addr.o(i.net_addr4_to_mac)
    net_addr6_aton                           0x08011b49   Thumb Code   230  net_addr.o(i.net_addr6_aton)
    net_addr6_comp                           0x08011c2f   Thumb Code    40  net_addr.o(i.net_addr6_comp)
    net_addr6_copy                           0x08011c57   Thumb Code    18  net_addr.o(i.net_addr6_copy)
    net_addr6_create                         0x08011c69   Thumb Code    70  net_addr.o(i.net_addr6_create)
    net_addr6_get_solicited                  0x08011cb5   Thumb Code    34  net_addr.o(i.net_addr6_get_solicited)
    net_addr6_is_linklocal                   0x08011cdd   Thumb Code    24  net_addr.o(i.net_addr6_is_linklocal)
    net_addr6_is_onlink                      0x08011cf5   Thumb Code   110  net_addr.o(i.net_addr6_is_onlink)
    net_addr6_is_solicited                   0x08011d63   Thumb Code    72  net_addr.o(i.net_addr6_is_solicited)
    net_addr6_is_unspec                      0x08011dab   Thumb Code    24  net_addr.o(i.net_addr6_is_unspec)
    net_addr6_to_mac                         0x08011dc3   Thumb Code    14  net_addr.o(i.net_addr6_to_mac)
    net_addr_comp                            0x08011dd1   Thumb Code    44  net_addr.o(i.net_addr_comp)
    net_addr_copy                            0x08011dfd   Thumb Code    38  net_addr.o(i.net_addr_copy)
    net_addr_find_route                      0x08011e23   Thumb Code    26  net_addr.o(i.net_addr_find_route)
    net_addr_get_local                       0x08011e3d   Thumb Code    26  net_addr.o(i.net_addr_get_local)
    net_addr_is_unspec                       0x08011e5d   Thumb Code    34  net_addr.o(i.net_addr_is_unspec)
    net_arp_cache_add                        0x08011e81   Thumb Code   276  net_arp.o(i.net_arp_cache_add)
    net_arp_cache_early                      0x08011f9d   Thumb Code   180  net_arp.o(i.net_arp_cache_early)
    net_arp_cache_find                       0x08012059   Thumb Code   224  net_arp.o(i.net_arp_cache_find)
    net_arp_cache_init                       0x08012145   Thumb Code    64  net_arp.o(i.net_arp_cache_init)
    net_arp_cache_run                        0x0801218d   Thumb Code    22  net_arp.o(i.net_arp_cache_run)
    net_arp_enqueue                          0x080121a9   Thumb Code   114  net_arp.o(i.net_arp_enqueue)
    net_arp_notify                           0x08012221   Thumb Code    32  net_arp.o(i.net_arp_notify)
    net_arp_process                          0x08012241   Thumb Code   536  net_arp.o(i.net_arp_process)
    net_atoi                                 0x08012465   Thumb Code    66  net_common.o(i.net_atoi)
    net_base64_decode                        0x080124a9   Thumb Code   114  net_base64.o(i.net_base64_decode)
    net_chksum_buf                           0x08012521   Thumb Code    48  net_common.o(i.net_chksum_buf)
    net_crc_buf                              0x08012551   Thumb Code    30  net_common.o(i.net_crc_buf)
    net_eth_callback                         0x0801256f   Thumb Code    14  net_eth.o(i.net_eth_callback)
    net_eth_config_mcast                     0x0801257d   Thumb Code   104  net_eth.o(i.net_eth_config_mcast)
    net_eth_get_option                       0x080125e5   Thumb Code   234  net_eth.o(i.net_eth_get_option)
    net_eth_iface_init                       0x080126d1   Thumb Code    22  net_eth.o(i.net_eth_iface_init)
    net_eth_iface_run                        0x080126ed   Thumb Code    22  net_eth.o(i.net_eth_iface_run)
    net_eth_output                           0x08012709   Thumb Code   164  net_eth.o(i.net_eth_output)
    net_eth_send_frame                       0x080127b1   Thumb Code   462  net_eth.o(i.net_eth_send_frame)
    net_eth_set_option                       0x08012991   Thumb Code   610  net_eth.o(i.net_eth_set_option)
    net_http_server_init                     0x08012c01   Thumb Code   212  net_http_server.o(i.net_http_server_init)
    net_http_server_run                      0x08012ce9   Thumb Code    30  net_http_server.o(i.net_http_server_run)
    net_icmp6_init                           0x08012d11   Thumb Code    20  net_icmp6.o(i.net_icmp6_init)
    net_icmp6_process                        0x08012d29   Thumb Code   542  net_icmp6.o(i.net_icmp6_process)
    net_icmp6_send                           0x08012f61   Thumb Code   122  net_icmp6.o(i.net_icmp6_send)
    net_icmp6_send_echo                      0x08012fe5   Thumb Code    78  net_icmp6.o(i.net_icmp6_send_echo)
    net_icmp_init                            0x0801303d   Thumb Code    20  net_icmp.o(i.net_icmp_init)
    net_icmp_process                         0x08013055   Thumb Code   430  net_icmp.o(i.net_icmp_process)
    net_icmp_send_echo                       0x0801321d   Thumb Code   142  net_icmp.o(i.net_icmp_send_echo)
    net_if_map_all                           0x080132bd   Thumb Code     6  net_sys.o(i.net_if_map_all)
    net_igmp_collect_mcast                   0x080132c9   Thumb Code   104  net_igmp.o(i.net_igmp_collect_mcast)
    net_igmp_host_init                       0x08013335   Thumb Code    68  net_igmp.o(i.net_igmp_host_init)
    net_igmp_host_run                        0x0801337d   Thumb Code    22  net_igmp.o(i.net_igmp_host_run)
    net_igmp_is_member                       0x08013399   Thumb Code    28  net_igmp.o(i.net_igmp_is_member)
    net_igmp_process                         0x080133b9   Thumb Code   414  net_igmp.o(i.net_igmp_process)
    net_ip4_chk_frame                        0x08013565   Thumb Code   372  net_ip4.o(i.net_ip4_chk_frame)
    net_ip4_chksum                           0x080136f1   Thumb Code    44  net_ip4.o(i.net_ip4_chksum)
    net_ip4_chksum_buf                       0x0801371d   Thumb Code     6  net_ip4.o(i.net_ip4_chksum_buf)
    net_ip4_find_route                       0x08013725   Thumb Code   104  net_ip4.o(i.net_ip4_find_route)
    net_ip4_frag_add                         0x080137a5   Thumb Code   284  net_ip4_frag.o(i.net_ip4_frag_add)
    net_ip4_frag_get                         0x080138c9   Thumb Code   168  net_ip4_frag.o(i.net_ip4_frag_get)
    net_ip4_frag_init                        0x08013975   Thumb Code    12  net_ip4_frag.o(i.net_ip4_frag_init)
    net_ip4_frag_run                         0x08013985   Thumb Code    50  net_ip4_frag.o(i.net_ip4_frag_run)
    net_ip4_get_local                        0x080139c1   Thumb Code    40  net_ip4.o(i.net_ip4_get_local)
    net_ip4_init                             0x080139ed   Thumb Code    22  net_ip4.o(i.net_ip4_init)
    net_ip4_is_onlink                        0x08013a11   Thumb Code    32  net_ip4.o(i.net_ip4_is_onlink)
    net_ip4_is_subcast                       0x08013a31   Thumb Code    38  net_ip4.o(i.net_ip4_is_subcast)
    net_ip4_reass_frame                      0x08013a57   Thumb Code    14  net_ip4.o(i.net_ip4_reass_frame)
    net_ip4_send_frame                       0x08013a65   Thumb Code   340  net_ip4.o(i.net_ip4_send_frame)
    net_ip4_tx_offl_hl                       0x08013bc9   Thumb Code    42  net_ip4.o(i.net_ip4_tx_offl_hl)
    net_ip6_chk_frame                        0x08013bf5   Thumb Code   236  net_ip6.o(i.net_ip6_chk_frame)
    net_ip6_chksum                           0x08013cf5   Thumb Code    50  net_ip6.o(i.net_ip6_chksum)
    net_ip6_collect_mcast                    0x08013d29   Thumb Code   118  net_ip6.o(i.net_ip6_collect_mcast)
    net_ip6_find_route                       0x08013da5   Thumb Code    56  net_ip6.o(i.net_ip6_find_route)
    net_ip6_get_local                        0x08013ded   Thumb Code    74  net_ip6.o(i.net_ip6_get_local)
    net_ip6_init                             0x08013e41   Thumb Code    20  net_ip6.o(i.net_ip6_init)
    net_ip6_send_frame                       0x08013e5d   Thumb Code   192  net_ip6.o(i.net_ip6_send_frame)
    net_ip6_tx_offl_hl                       0x08013f29   Thumb Code    30  net_ip6.o(i.net_ip6_tx_offl_hl)
    net_itoa                                 0x08013f47   Thumb Code     8  net_common.o(i.net_itoa)
    net_itoa_n0                              0x08013f4f   Thumb Code     6  net_common.o(i.net_itoa_n0)
    net_loop_iface_init                      0x08013f55   Thumb Code    40  net_loopback.o(i.net_loop_iface_init)
    net_loop_iface_run                       0x08013f85   Thumb Code   176  net_loopback.o(i.net_loop_iface_run)
    net_loop_send_frame                      0x08014041   Thumb Code   104  net_loopback.o(i.net_loop_send_frame)
    net_mem_alloc                            0x080140b1   Thumb Code   178  net_mem.o(i.net_mem_alloc)
    net_mem_avail                            0x08014171   Thumb Code    22  net_mem.o(i.net_mem_avail)
    net_mem_free                             0x0801418d   Thumb Code   152  net_mem.o(i.net_mem_free)
    net_mem_init                             0x08014231   Thumb Code    98  net_mem.o(i.net_mem_init)
    net_mem_shrink                           0x080142a1   Thumb Code    62  net_mem.o(i.net_mem_shrink)
    net_nbns_client_init                     0x080142e9   Thumb Code    82  net_nbns_client.o(i.net_nbns_client_init)
    net_ndp_cache_find                       0x0801434d   Thumb Code   438  net_ndp.o(i.net_ndp_cache_find)
    net_ndp_cache_refresh                    0x08014511   Thumb Code   112  net_ndp.o(i.net_ndp_cache_refresh)
    net_ndp_enqueue                          0x08014589   Thumb Code   108  net_ndp.o(i.net_ndp_enqueue)
    net_ndp_process                          0x080145f9   Thumb Code   872  net_ndp.o(i.net_ndp_process)
    net_path                                 0x0801496d   Thumb Code    52  net_sys.o(i.net_path)
    net_ping_client_init                     0x080149a5   Thumb Code    22  net_ping_core.o(i.net_ping_client_init)
    net_ping_client_run                      0x080149c5   Thumb Code   110  net_ping_core.o(i.net_ping_client_run)
    net_rand32                               0x08014a45   Thumb Code    18  net_sys.o(i.net_rand32)
    net_sntp_client_init                     0x08014a61   Thumb Code    80  net_sntp_client_core.o(i.net_sntp_client_init)
    net_sntp_client_run                      0x08014abd   Thumb Code    76  net_sntp_client_core.o(i.net_sntp_client_run)
    net_strcasecmp                           0x08014b15   Thumb Code    46  net_common.o(i.net_strcasecmp)
    net_strchr                               0x08014b43   Thumb Code    22  net_common.o(i.net_strchr)
    net_strcmp                               0x08014b59   Thumb Code    26  net_common.o(i.net_strcmp)
    net_strcpy                               0x08014b73   Thumb Code    18  net_common.o(i.net_strcpy)
    net_strnchr                              0x08014b85   Thumb Code    28  net_common.o(i.net_strnchr)
    net_strncpy                              0x08014ba1   Thumb Code    26  net_common.o(i.net_strncpy)
    net_strtoupper                           0x08014bbb   Thumb Code    32  net_common.o(i.net_strtoupper)
    net_sys_lock                             0x08014bdd   Thumb Code     8  net_sys.o(i.net_sys_lock)
    net_sys_resume                           0x08014be9   Thumb Code    22  net_sys.o(i.net_sys_resume)
    net_sys_tick                             0x08014c01   Thumb Code    16  net_sys.o(i.net_sys_tick)
    net_sys_unlock                           0x08014c15   Thumb Code     8  net_sys.o(i.net_sys_unlock)
    net_sys_wakeup                           0x08014c21   Thumb Code    26  net_sys.o(i.net_sys_wakeup)
    net_tcp_abort                            0x08014c41   Thumb Code   122  net_tcp.o(i.net_tcp_abort)
    net_tcp_close                            0x08014cc5   Thumb Code   218  net_tcp.o(i.net_tcp_close)
    net_tcp_get_buf                          0x08014da9   Thumb Code    46  net_tcp.o(i.net_tcp_get_buf)
    net_tcp_get_local_port                   0x08014dd9   Thumb Code    48  net_tcp.o(i.net_tcp_get_local_port)
    net_tcp_get_mss                          0x08014e0d   Thumb Code    34  net_tcp.o(i.net_tcp_get_mss)
    net_tcp_get_peer                         0x08014e35   Thumb Code    80  net_tcp.o(i.net_tcp_get_peer)
    net_tcp_get_socket                       0x08014e89   Thumb Code   104  net_tcp.o(i.net_tcp_get_socket)
    net_tcp_get_state                        0x08014ef9   Thumb Code    40  net_tcp.o(i.net_tcp_get_state)
    net_tcp_get_timer                        0x08014f25   Thumb Code    48  net_tcp.o(i.net_tcp_get_timer)
    net_tcp_listen                           0x08014f59   Thumb Code   168  net_tcp.o(i.net_tcp_listen)
    net_tcp_process                          0x08015009   Thumb Code  1956  net_tcp.o(i.net_tcp_process)
    net_tcp_send                             0x080157b1   Thumb Code   336  net_tcp.o(i.net_tcp_send)
    net_tcp_set_option                       0x0801590d   Thumb Code   288  net_tcp.o(i.net_tcp_set_option)
    net_tcp_socket_init                      0x08015a39   Thumb Code    30  net_tcp.o(i.net_tcp_socket_init)
    net_tcp_socket_run                       0x08015a61   Thumb Code   938  net_tcp.o(i.net_tcp_socket_run)
    net_udp_close                            0x08015e21   Thumb Code    62  net_udp.o(i.net_udp_close)
    net_udp_get_buf                          0x08015e69   Thumb Code    46  net_udp.o(i.net_udp_get_buf)
    net_udp_get_socket                       0x08015e99   Thumb Code   102  net_udp.o(i.net_udp_get_socket)
    net_udp_open                             0x08015f09   Thumb Code   160  net_udp.o(i.net_udp_open)
    net_udp_process                          0x08015fb5   Thumb Code   322  net_udp.o(i.net_udp_process)
    net_udp_send                             0x0801610d   Thumb Code    18  net_udp.o(i.net_udp_send)
    net_udp_send_if                          0x08016121   Thumb Code   540  net_udp.o(i.net_udp_send_if)
    net_udp_socket_init                      0x0801634d   Thumb Code    30  net_udp.o(i.net_udp_socket_init)
    net_ultoa                                0x08016371   Thumb Code     8  net_common.o(i.net_ultoa)
    net_ultox                                0x08016379   Thumb Code    44  net_common.o(i.net_ultox)
    net_xtoul                                0x080163a9   Thumb Code    76  net_common.o(i.net_xtoul)
    app_main_attr                            0x08017050   Data          36  http_server.o(.constdata)
    imageLastModified                        0x08017074   Data           4  web.o(.constdata)
    Arial12x12                               0x0801dc24   Data        2400  lcd.o(.constdata)
    osRtxUserSVC                             0x0801e5e4   Data           4  rtx_lib.o(.constdata)
    Driver_ETH_PHY0                          0x0801e5ec   Data          32  phy_lan8742a.o(.constdata)
    Driver_ETH_MAC0                          0x0801e65c   Data          68  emac_stm32f4xx.o(.constdata)
    Driver_SPI1                              0x0801e6f4   Data          44  spi_stm32f4xx.o(.constdata)
    EventRecorderInfo                        0x0801e720   Data          24  eventrecorder.o(.constdata)
    AHBPrescTable                            0x0801e740   Data          16  system_stm32f4xx.o(.constdata)
    APBPrescTable                            0x0801e750   Data           8  system_stm32f4xx.o(.constdata)
    net_sys_config                           0x0801e800   Data          28  net_config.o(.constdata)
    net_eth0_if_config                       0x0801e874   Data          44  net_config.o(.constdata)
    net_eth_list                             0x0801e8a0   Data           8  net_config.o(.constdata)
    net_if_list_lan                          0x0801e8a8   Data           8  net_config.o(.constdata)
    net_if_list_all                          0x0801e8b0   Data           8  net_config.o(.constdata)
    net_if_inet_def                          0x0801e8b8   Data           8  net_config.o(.constdata)
    net_if_link_def                          0x0801e8c0   Data           8  net_config.o(.constdata)
    net_arp_list                             0x0801e8c8   Data           8  net_config.o(.constdata)
    net_icmp_list                            0x0801e8d0   Data           8  net_config.o(.constdata)
    net_igmp_list                            0x0801e8d8   Data           8  net_config.o(.constdata)
    net_icmp6_list                           0x0801e8e0   Data           4  net_config.o(.constdata)
    net_ip4_frag_config                      0x0801e8e4   Data           8  net_config.o(.constdata)
    net_udp_config                           0x0801e8ec   Data          12  net_config.o(.constdata)
    net_tcp_config                           0x0801e8f8   Data          24  net_config.o(.constdata)
    net_http_config                          0x0801e910   Data          52  net_config.o(.constdata)
    net_sntp_config                          0x0801e944   Data           8  net_config.o(.constdata)
    netif_getopt_func                        0x0801e9a4   Data          16  net_config.o(.constdata)
    netif_setopt_func                        0x0801e9b4   Data          16  net_config.o(.constdata)
    net_loop_if_config                       0x0801e9cc   Data          44  net_loopback.o(.constdata)
    net_http_auth_basic_func                 0x0801eb08   Data          24  net_http_server_auth.o(.constdata)
    net_ping_payload                         0x0801eb20   Data          18  net_ping_core.o(.constdata)
    net_addr_unspec                          0x0801eb32   Data          16  net_addr.o(.constdata)
    net_addr_bcast                           0x0801eb42   Data           6  net_addr.o(.constdata)
    net_addr4_loopback                       0x0801eb48   Data           4  net_ip4.o(.constdata)
    net_addr6_all_nodes                      0x0801eb4c   Data          16  net_ip6.o(.constdata)
    net_addr6_loopback                       0x0801eb5c   Data          16  net_ip6.o(.constdata)
    net_http_error                           0x0801eb6c   Data          24  net_http_server_err.o(.constdata)
    net_lib_version                          0x0801ec24   Data           4  net_version.o(.constdata)
    network_ip4ip6_debug_v7.15.0             0x0801ec24   Data           4  net_version.o(.constdata)
    osRtxConfig                              0x0801f004   Data         112  rtx_lib.o(.rodata)
    os_cb_sections                           0x0801f074   Data          56  rtx_lib.o(.rodata)
    Region$$Table$$Base                      0x0801f0ac   Number         0  anon$$obj.o(Region$$Table)
    Region$$Table$$Limit                     0x0801f0cc   Number         0  anon$$obj.o(Region$$Table)
    .bss.os.msgqueue.cb$$Base                0x20008044   Number         0  rtx_lib.o(.bss.os.msgqueue.cb)
    .bss.os.msgqueue.cb$$Limit               0x20008078   Number         0  rtx_lib.o(.bss.os.msgqueue.cb)
    .bss.os.mutex.cb$$Base                   0x200080c8   Number         0  net_config.o(.bss.os.mutex.cb)
    .bss.os.mutex.cb$$Limit                  0x20008100   Number         0  net_config.o(.bss.os.mutex.cb)
    .bss.os.semaphore.cb$$Base               0x20008100   Number         0  net_config.o(.bss.os.semaphore.cb)
    .bss.os.semaphore.cb$$Limit              0x20008110   Number         0  net_config.o(.bss.os.semaphore.cb)
    .bss.os.thread.cb$$Base                  0x20008110   Number         0  rtx_lib.o(.bss.os.thread.cb)
    .bss.os.thread.cb$$Limit                 0x20008220   Number         0  net_config.o(.bss.os.thread.cb)
    .bss.os.timer.cb$$Base                   0x20008620   Number         0  net_config.o(.bss.os.timer.cb)
    .bss.os.timer.cb$$Limit                  0x20008640   Number         0  net_config.o(.bss.os.timer.cb)
    lcd_text                                 0x20008644   Data          42  http_server.o(.data)
    LEDrun                                   0x20008670   Data           1  http_server.o(.data)
    TID_Display                              0x20008678   Data           4  http_server.o(.data)
    TID_Led                                  0x2000867c   Data           4  http_server.o(.data)
    IdqueueLCD                               0x20008690   Data           4  lcd.o(.data)
    tid_thlcd                                0x20008694   Data           4  lcd.o(.data)
    uwTickFreq                               0x2000869c   Data           1  stm32f4xx_hal.o(.data)
    uwTickPrio                               0x200086a0   Data           4  stm32f4xx_hal.o(.data)
    uwTick                                   0x200086a4   Data           4  stm32f4xx_hal.o(.data)
    SystemCoreClock                          0x200086a8   Data           4  system_stm32f4xx.o(.data)
    net_eth0_igmp_control                    0x200086ba   Data           4  net_igmp.o(.data)
    net_eth0_icmp_control                    0x200086c8   Data           1  net_icmp.o(.data)
    osRtxInfo                                0x200086ec   Data         164  rtx_kernel.o(.data.os)
    app_main_stk                             0x20008790   Data        1024  http_server.o(.bss)
    net_eth0_if_control                      0x2000f048   Data         160  net_eth.o(.bss)
    net_eth0_arp_control                     0x2000f0e8   Data          24  net_arp.o(.bss)
    net_http_control                         0x2000f1a0   Data          20  net_http_server.o(.bss)
    net_sntp_control                         0x2000f1b4   Data          44  net_sntp_client_core.o(.bss)
    net_ping_control                         0x2000f1e0   Data          44  net_ping_core.o(.bss)
    net_sys_control                          0x2000f21c   Data          28  net_sys.o(.bss)
    net_dbg_buf                              0x2000f244   Data          36  net_sys.o(.bss)
    __initial_sp                             0x2000f6d8   Data           0  startup_stm32f407xx.o(STACK)



==============================================================================

Memory Map of the image

  Image Entry point : 0x08000189

  Load Region LR_IROM1 (Base: 0x08000000, Size: 0x0002785c, Max: 0x00100000, ABSOLUTE, COMPRESSED[0x0001f204])

    Execution Region ER_IROM1 (Exec base: 0x08000000, Load base: 0x08000000, Size: 0x0001f0cc, Max: 0x00100000, ABSOLUTE)

    Exec Addr    Load Addr    Size         Type   Attr      Idx    E Section Name        Object

    0x08000000   0x08000000   0x00000188   Data   RO         1637    RESET               startup_stm32f407xx.o
    0x08000188   0x08000188   0x00000000   Code   RO         2805  * .ARM.Collect$$$$00000000  mc_w.l(entry.o)
    0x08000188   0x08000188   0x00000004   Code   RO         3103    .ARM.Collect$$$$00000001  mc_w.l(entry2.o)
    0x0800018c   0x0800018c   0x00000004   Code   RO         3106    .ARM.Collect$$$$00000004  mc_w.l(entry5.o)
    0x08000190   0x08000190   0x00000000   Code   RO         3108    .ARM.Collect$$$$00000008  mc_w.l(entry7b.o)
    0x08000190   0x08000190   0x00000000   Code   RO         3110    .ARM.Collect$$$$0000000A  mc_w.l(entry8b.o)
    0x08000190   0x08000190   0x00000008   Code   RO         3111    .ARM.Collect$$$$0000000B  mc_w.l(entry9a.o)
    0x08000198   0x08000198   0x00000004   Code   RO         3118    .ARM.Collect$$$$0000000E  mc_w.l(entry12b.o)
    0x0800019c   0x0800019c   0x00000000   Code   RO         3113    .ARM.Collect$$$$0000000F  mc_w.l(entry10a.o)
    0x0800019c   0x0800019c   0x00000000   Code   RO         3115    .ARM.Collect$$$$00000011  mc_w.l(entry11a.o)
    0x0800019c   0x0800019c   0x00000004   Code   RO         3104    .ARM.Collect$$$$00002712  mc_w.l(entry2.o)
    0x080001a0   0x080001a0   0x00000148   Code   RO          778    .emb_text           rtx_mempool.o
    0x080002e8   0x080002e8   0x00000148   Code   RO          809    .emb_text           rtx_msgqueue.o
    0x08000430   0x08000430   0x00000148   Code   RO          874    .emb_text           rtx_semaphore.o
    0x08000578   0x08000578   0x00000148   Code   RO          905    .emb_text           rtx_system.o
    0x080006c0   0x080006c0   0x00000148   Code   RO          939    .emb_text           rtx_thread.o
    0x08000808   0x08000808   0x00000074   Code   RO         1160    .emb_text           eventrecorder.o
    0x0800087c   0x0800087c   0x00000114   Code   RO            4    .text               main.o
    0x08000990   0x08000990   0x00000138   Code   RO          150    .text               http_server.o
    0x08000ac8   0x08000ac8   0x0000075c   Code   RO          225    .text               http_server_cgi.o
    0x08001224   0x08001224   0x00000078   Code   RO          264    .text               web.o
    0x0800129c   0x0800129c   0x000000c8   Code   RO          284    .text               leds.o
    0x08001364   0x08001364   0x00000614   Code   RO          310    .text               lcd.o
    0x08001978   0x08001978   0x000000f8   Code   RO          356    .text               adc.o
    0x08001a70   0x08001a70   0x0000000c   Code   RO          471    .text               stm32f4xx_it.o
    0x08001a7c   0x08001a7c   0x00000060   Code   RO          498    .text               buttons_f429discovery.o
    0x08001adc   0x08001adc   0x00000094   Code   RO          520    .text               irq_armv7m.o
    0x08001b70   0x08001b70   0x00000104   Code   RO          528    .text               rtx_delay.o
    0x08001c74   0x08001c74   0x00000958   Code   RO          626    .text               rtx_evr.o
    0x080025cc   0x080025cc   0x000006cc   Code   RO          651    .text               rtx_kernel.o
    0x08002c98   0x08002c98   0x00000018   Code   RO          699    .text               rtx_lib.o
    0x08002cb0   0x08002cb0   0x00000124   Code   RO          748    .text               rtx_memory.o
    0x08002dd4   0x08002dd4   0x00000678   Code   RO          779    .text               rtx_mempool.o
    0x0800344c   0x0800344c   0x000009bc   Code   RO          810    .text               rtx_msgqueue.o
    0x08003e08   0x08003e08   0x00000558   Code   RO          844    .text               rtx_mutex.o
    0x08004360   0x08004360   0x00000450   Code   RO          875    .text               rtx_semaphore.o
    0x080047b0   0x080047b0   0x00000154   Code   RO          906    .text               rtx_system.o
    0x08004904   0x08004904   0x000011d4   Code   RO          940    .text               rtx_thread.o
    0x08005ad8   0x08005ad8   0x00000480   Code   RO          974    .text               rtx_timer.o
    0x08005f58   0x08005f58   0x000000c4   Code   RO         1004    .text               os_systick.o
    0x0800601c   0x0800601c   0x00000004   Code   RO         1030    .text               rtx_config.o
    0x08006020   0x08006020   0x000001ac   Code   RO         1051    .text               phy_lan8742a.o
    0x080061cc   0x080061cc   0x000009ac   Code   RO         1079    .text               emac_stm32f4xx.o
    0x08006b78   0x08006b78   0x00000b28   Code   RO         1121    .text               spi_stm32f4xx.o
    0x080076a0   0x080076a0   0x00000538   Code   RO         1161    .text               eventrecorder.o
    0x08007bd8   0x08007bd8   0x000001b4   Code   RO         1195    .text               stm32f4xx_hal.o
    0x08007d8c   0x08007d8c   0x00000aa0   Code   RO         1225    .text               stm32f4xx_hal_adc.o
    0x0800882c   0x0800882c   0x00000724   Code   RO         1249    .text               stm32f4xx_hal_adc_ex.o
    0x08008f50   0x08008f50   0x00000298   Code   RO         1273    .text               stm32f4xx_hal_cortex.o
    0x080091e8   0x080091e8   0x00000718   Code   RO         1301    .text               stm32f4xx_hal_dma.o
    0x08009900   0x08009900   0x00000330   Code   RO         1350    .text               stm32f4xx_hal_gpio.o
    0x08009c30   0x08009c30   0x00000764   Code   RO         1422    .text               stm32f4xx_hal_rcc.o
    0x0800a394   0x0800a394   0x000023d2   Code   RO         1566    .text               stm32f4xx_hal_tim.o
    0x0800c766   0x0800c766   0x00000002   PAD
    0x0800c768   0x0800c768   0x00000bb0   Code   RO         1590    .text               stm32f4xx_hal_tim_ex.o
    0x0800d318   0x0800d318   0x00000024   Code   RO         1638    .text               startup_stm32f407xx.o
    0x0800d33c   0x0800d33c   0x000000d0   Code   RO         1645    .text               system_stm32f4xx.o
    0x0800d40c   0x0800d40c   0x00000164   Code   RO         1674    .text               net_config.o
    0x0800d570   0x0800d570   0x00000152   Code   RO         1769    .text               net_debug.o
    0x0800d6c2   0x0800d6c2   0x00000062   Code   RO         2808    .text               mc_w.l(uldiv.o)
    0x0800d724   0x0800d724   0x00000024   Code   RO         2814    .text               mc_w.l(memcpya.o)
    0x0800d748   0x0800d748   0x00000024   Code   RO         2816    .text               mc_w.l(memseta.o)
    0x0800d76c   0x0800d76c   0x0000000e   Code   RO         2818    .text               mc_w.l(strlen.o)
    0x0800d77a   0x0800d77a   0x0000001c   Code   RO         2820    .text               mc_w.l(strcmp.o)
    0x0800d796   0x0800d796   0x0000001a   Code   RO         2822    .text               mc_w.l(memcmp.o)
    0x0800d7b0   0x0800d7b0   0x00000012   Code   RO         2824    .text               mc_w.l(strcpy.o)
    0x0800d7c2   0x0800d7c2   0x0000001e   Code   RO         2826    .text               mc_w.l(strncmp.o)
    0x0800d7e0   0x0800d7e0   0x00000064   Code   RO         3091    .text               mf_w.l(fmul.o)
    0x0800d844   0x0800d844   0x00000018   Code   RO         3093    .text               mf_w.l(fscalb.o)
    0x0800d85c   0x0800d85c   0x0000002e   Code   RO         3095    .text               mf_w.l(dscalb.o)
    0x0800d88a   0x0800d88a   0x0000000a   Code   RO         3097    .text               mf_w.l(ffltui.o)
    0x0800d894   0x0800d894   0x00000028   Code   RO         3099    .text               mf_w.l(ffixui.o)
    0x0800d8bc   0x0800d8bc   0x00000026   Code   RO         3101    .text               mf_w.l(f2d.o)
    0x0800d8e2   0x0800d8e2   0x0000002c   Code   RO         3122    .text               mc_w.l(uidiv.o)
    0x0800d90e   0x0800d90e   0x0000001e   Code   RO         3124    .text               mc_w.l(llshl.o)
    0x0800d92c   0x0800d92c   0x00000020   Code   RO         3126    .text               mc_w.l(llushr.o)
    0x0800d94c   0x0800d94c   0x00000000   Code   RO         3128    .text               mc_w.l(iusefp.o)
    0x0800d94c   0x0800d94c   0x0000006e   Code   RO         3129    .text               mf_w.l(fepilogue.o)
    0x0800d9ba   0x0800d9ba   0x0000014e   Code   RO         3131    .text               mf_w.l(dadd.o)
    0x0800db08   0x0800db08   0x000000e4   Code   RO         3133    .text               mf_w.l(dmul.o)
    0x0800dbec   0x0800dbec   0x000000de   Code   RO         3135    .text               mf_w.l(ddiv.o)
    0x0800dcca   0x0800dcca   0x00000030   Code   RO         3137    .text               mf_w.l(dfixul.o)
    0x0800dcfa   0x0800dcfa   0x00000002   PAD
    0x0800dcfc   0x0800dcfc   0x00000030   Code   RO         3139    .text               mf_w.l(cdrcmple.o)
    0x0800dd2c   0x0800dd2c   0x00000024   Code   RO         3141    .text               mc_w.l(init.o)
    0x0800dd50   0x0800dd50   0x00000024   Code   RO         3144    .text               mc_w.l(llsshr.o)
    0x0800dd74   0x0800dd74   0x000000ba   Code   RO         3147    .text               mf_w.l(depilogue.o)
    0x0800de2e   0x0800de2e   0x00000056   Code   RO         3156    .text               mc_w.l(__dczerorl2.o)
    0x0800de84   0x0800de84   0x00000028   Code   RO         3065    i.__0sprintf        mc_w.l(printfa.o)
    0x0800deac   0x0800deac   0x0000000e   Code   RO         3150    i.__scatterload_copy  mc_w.l(handlers.o)
    0x0800deba   0x0800deba   0x00000002   Code   RO         3151    i.__scatterload_null  mc_w.l(handlers.o)
    0x0800debc   0x0800debc   0x0000000e   Code   RO         3152    i.__scatterload_zeroinit  mc_w.l(handlers.o)
    0x0800deca   0x0800deca   0x00000002   PAD
    0x0800decc   0x0800decc   0x00000184   Code   RO         3070    i._fp_digits        mc_w.l(printfa.o)
    0x0800e050   0x0800e050   0x000006b4   Code   RO         3071    i._printf_core      mc_w.l(printfa.o)
    0x0800e704   0x0800e704   0x00000024   Code   RO         3072    i._printf_post_padding  mc_w.l(printfa.o)
    0x0800e728   0x0800e728   0x0000002e   Code   RO         3073    i._printf_pre_padding  mc_w.l(printfa.o)
    0x0800e756   0x0800e756   0x0000000a   Code   RO         3075    i._sputc            mc_w.l(printfa.o)
    0x0800e760   0x0800e760   0x00000054   Code   RO         2204    i.add_server_id     Net_Dbg_CM3_L.lib(net_http_server.o)
    0x0800e7b4   0x0800e7b4   0x0000005c   Code   RO         1851    i.arp_cache_alloc   Net_Dbg_CM3_L.lib(net_arp.o)
    0x0800e810   0x0800e810   0x00000170   Code   RO         1852    i.arp_cache_run     Net_Dbg_CM3_L.lib(net_arp.o)
    0x0800e980   0x0800e980   0x00000038   Code   RO         1853    i.arp_is_cacheable  Net_Dbg_CM3_L.lib(net_arp.o)
    0x0800e9b8   0x0800e9b8   0x00000088   Code   RO         1854    i.arp_probe_run     Net_Dbg_CM3_L.lib(net_arp.o)
    0x0800ea40   0x0800ea40   0x000000d8   Code   RO         1856    i.arp_proc_response  Net_Dbg_CM3_L.lib(net_arp.o)
    0x0800eb18   0x0800eb18   0x0000001a   Code   RO         1857    i.arp_que_free      Net_Dbg_CM3_L.lib(net_arp.o)
    0x0800eb32   0x0800eb32   0x00000002   PAD
    0x0800eb34   0x0800eb34   0x000000a0   Code   RO         1858    i.arp_send_reply    Net_Dbg_CM3_L.lib(net_arp.o)
    0x0800ebd4   0x0800ebd4   0x000000d0   Code   RO         1859    i.arp_send_request  Net_Dbg_CM3_L.lib(net_arp.o)
    0x0800eca4   0x0800eca4   0x00000068   Code   RO         1860    i.arp_sender_valid  Net_Dbg_CM3_L.lib(net_arp.o)
    0x0800ed0c   0x0800ed0c   0x0000018c   Code   RO         2205    i.chk_post_req      Net_Dbg_CM3_L.lib(net_http_server.o)
    0x0800ee98   0x0800ee98   0x00000028   Code   RO         2719    i.crc32_8bit        Net_Dbg_CM3_L.lib(net_common.o)
    0x0800eec0   0x0800eec0   0x0000009a   Code   RO         1795    i.eth_check_link    Net_Dbg_CM3_L.lib(net_eth.o)
    0x0800ef5a   0x0800ef5a   0x00000002   PAD
    0x0800ef5c   0x0800ef5c   0x00000020   Code   RO         1796    i.eth_if_map        Net_Dbg_CM3_L.lib(net_eth.o)
    0x0800ef7c   0x0800ef7c   0x00000304   Code   RO         1797    i.eth_iface_init    Net_Dbg_CM3_L.lib(net_eth.o)
    0x0800f280   0x0800f280   0x00000290   Code   RO         1798    i.eth_iface_run     Net_Dbg_CM3_L.lib(net_eth.o)
    0x0800f510   0x0800f510   0x00000008   Code   RO         1800    i.eth_lock          Net_Dbg_CM3_L.lib(net_eth.o)
    0x0800f518   0x0800f518   0x0000001c   Code   RO         1801    i.eth_mtu_limit     Net_Dbg_CM3_L.lib(net_eth.o)
    0x0800f534   0x0800f534   0x00000048   Code   RO         1802    i.eth_opt_len       Net_Dbg_CM3_L.lib(net_eth.o)
    0x0800f57c   0x0800f57c   0x00000088   Code   RO         1803    i.eth_receive       Net_Dbg_CM3_L.lib(net_eth.o)
    0x0800f604   0x0800f604   0x00000008   Code   RO         1804    i.eth_unlock        Net_Dbg_CM3_L.lib(net_eth.o)
    0x0800f60c   0x0800f60c   0x0000007c   Code   RO         1968    i.frag_map_session  Net_Dbg_CM3_L.lib(net_ip4_frag.o)
    0x0800f688   0x0800f688   0x00000028   Code   RO         2206    i.get_next_field    Net_Dbg_CM3_L.lib(net_http_server.o)
    0x0800f6b0   0x0800f6b0   0x00000032   Code   RO         2207    i.get_next_par      Net_Dbg_CM3_L.lib(net_http_server.o)
    0x0800f6e2   0x0800f6e2   0x00000022   Code   RO         2208    i.hex2byte          Net_Dbg_CM3_L.lib(net_http_server.o)
    0x0800f704   0x0800f704   0x0000036c   Code   RO         2209    i.http_add_header   Net_Dbg_CM3_L.lib(net_http_server.o)
    0x0800fa70   0x0800fa70   0x00000050   Code   RO         2329    i.http_auth_basic_add  Net_Dbg_CM3_L.lib(net_http_server_auth.o)
    0x0800fac0   0x0800fac0   0x00000090   Code   RO         2330    i.http_auth_basic_parse  Net_Dbg_CM3_L.lib(net_http_server_auth.o)
    0x0800fb50   0x0800fb50   0x00000002   Code   RO         2336    i.http_auth_dummy   Net_Dbg_CM3_L.lib(net_http_server_auth.o)
    0x0800fb52   0x0800fb52   0x00000002   PAD
    0x0800fb54   0x0800fb54   0x00000024   Code   RO         2337    i.http_auth_init    Net_Dbg_CM3_L.lib(net_http_server_auth.o)
    0x0800fb78   0x0800fb78   0x000001cc   Code   RO         2210    i.http_error_msg    Net_Dbg_CM3_L.lib(net_http_server.o)
    0x0800fd44   0x0800fd44   0x00000078   Code   RO         2211    i.http_get_ftype    Net_Dbg_CM3_L.lib(net_http_server.o)
    0x0800fdbc   0x0800fdbc   0x0000005e   Code   RO         2212    i.http_kill_session  Net_Dbg_CM3_L.lib(net_http_server.o)
    0x0800fe1a   0x0800fe1a   0x00000002   PAD
    0x0800fe1c   0x0800fe1c   0x000002a8   Code   RO         2213    i.http_listener     Net_Dbg_CM3_L.lib(net_http_server.o)
    0x080100c4   0x080100c4   0x00000184   Code   RO         2214    i.http_open_file    Net_Dbg_CM3_L.lib(net_http_server.o)
    0x08010248   0x08010248   0x0000011c   Code   RO         2215    i.http_parse_header  Net_Dbg_CM3_L.lib(net_http_server.o)
    0x08010364   0x08010364   0x000001a8   Code   RO         2216    i.http_proc_multipart  Net_Dbg_CM3_L.lib(net_http_server.o)
    0x0801050c   0x0801050c   0x00000138   Code   RO         2217    i.http_proc_post    Net_Dbg_CM3_L.lib(net_http_server.o)
    0x08010644   0x08010644   0x00000468   Code   RO         2218    i.http_server_run   Net_Dbg_CM3_L.lib(net_http_server.o)
    0x08010aac   0x08010aac   0x00000060   Code   RO         2219    i.http_server_start  Net_Dbg_CM3_L.lib(net_http_server.o)
    0x08010b0c   0x08010b0c   0x00000020   Code   RO         2221    i.http_strcpy       Net_Dbg_CM3_L.lib(net_http_server.o)
    0x08010b2c   0x08010b2c   0x000000ac   Code   RO         2222    i.http_to_utc       Net_Dbg_CM3_L.lib(net_http_server.o)
    0x08010bd8   0x08010bd8   0x0000001a   Code   RO         2720    i.i2str             Net_Dbg_CM3_L.lib(net_common.o)
    0x08010bf2   0x08010bf2   0x00000002   PAD
    0x08010bf4   0x08010bf4   0x0000009c   Code   RO         1918    i.igmp_host_run     Net_Dbg_CM3_L.lib(net_igmp.o)
    0x08010c90   0x08010c90   0x00000024   Code   RO         1919    i.igmp_map_group    Net_Dbg_CM3_L.lib(net_igmp.o)
    0x08010cb4   0x08010cb4   0x00000070   Code   RO         1920    i.igmp_send_report  Net_Dbg_CM3_L.lib(net_igmp.o)
    0x08010d24   0x08010d24   0x0000000c   Code   RO         2597    i.ip4_get_chksum    Net_Dbg_CM3_L.lib(net_ip4.o)
    0x08010d30   0x08010d30   0x00000028   Code   RO         2598    i.ip4_get_mtu       Net_Dbg_CM3_L.lib(net_ip4.o)
    0x08010d58   0x08010d58   0x00000040   Code   RO         2460    i.ip4_ntoa          Net_Dbg_CM3_L.lib(net_addr.o)
    0x08010d98   0x08010d98   0x000000ca   Code   RO         2461    i.ip6_ntoa          Net_Dbg_CM3_L.lib(net_addr.o)
    0x08010e62   0x08010e62   0x00000002   PAD
    0x08010e64   0x08010e64   0x0000000c   Code   RO         2696    i.mem_lock          Net_Dbg_CM3_L.lib(net_mem.o)
    0x08010e70   0x08010e70   0x0000000c   Code   RO         2697    i.mem_unlock        Net_Dbg_CM3_L.lib(net_mem.o)
    0x08010e7c   0x08010e7c   0x000001a4   Code   RO         2190    i.nbns_listener     Net_Dbg_CM3_L.lib(net_nbns_client.o)
    0x08011020   0x08011020   0x00000120   Code   RO         2527    i.ndp_cache_add     Net_Dbg_CM3_L.lib(net_ndp.o)
    0x08011140   0x08011140   0x00000072   Code   RO         2528    i.ndp_cache_alloc   Net_Dbg_CM3_L.lib(net_ndp.o)
    0x080111b2   0x080111b2   0x00000002   PAD
    0x080111b4   0x080111b4   0x00000078   Code   RO         2529    i.ndp_cache_delete  Net_Dbg_CM3_L.lib(net_ndp.o)
    0x0801122c   0x0801122c   0x0000002c   Code   RO         2531    i.ndp_check_frame   Net_Dbg_CM3_L.lib(net_ndp.o)
    0x08011258   0x08011258   0x00000012   Code   RO         2532    i.ndp_next_opt      Net_Dbg_CM3_L.lib(net_ndp.o)
    0x0801126a   0x0801126a   0x00000002   PAD
    0x0801126c   0x0801126c   0x000000e4   Code   RO         2533    i.ndp_prefix_add    Net_Dbg_CM3_L.lib(net_ndp.o)
    0x08011350   0x08011350   0x000000fc   Code   RO         2536    i.ndp_proc_response  Net_Dbg_CM3_L.lib(net_ndp.o)
    0x0801144c   0x0801144c   0x0000001a   Code   RO         2537    i.ndp_que_free      Net_Dbg_CM3_L.lib(net_ndp.o)
    0x08011466   0x08011466   0x00000002   PAD
    0x08011468   0x08011468   0x00000038   Code   RO         2538    i.ndp_router_remove  Net_Dbg_CM3_L.lib(net_ndp.o)
    0x080114a0   0x080114a0   0x0000009c   Code   RO         2539    i.ndp_send_reply    Net_Dbg_CM3_L.lib(net_ndp.o)
    0x0801153c   0x0801153c   0x000000bc   Code   RO         2540    i.ndp_send_request  Net_Dbg_CM3_L.lib(net_ndp.o)
    0x080115f8   0x080115f8   0x00000004   Code   RO         2223    i.netCGI_Charset    Net_Dbg_CM3_L.lib(net_http_server.o)
    0x080115fc   0x080115fc   0x00000004   Code   RO         2224    i.netCGI_ContentType  Net_Dbg_CM3_L.lib(net_http_server.o)
    0x08011600   0x08011600   0x00000004   Code   RO         2225    i.netCGI_CustomHeader  Net_Dbg_CM3_L.lib(net_http_server.o)
    0x08011604   0x08011604   0x0000006c   Code   RO         2226    i.netCGI_GetEnvVar  Net_Dbg_CM3_L.lib(net_http_server.o)
    0x08011670   0x08011670   0x00000004   Code   RO         2229    i.netCGI_Redirect   Net_Dbg_CM3_L.lib(net_http_server.o)
    0x08011674   0x08011674   0x00000004   Code   RO         2231    i.netCGX_ContentType  Net_Dbg_CM3_L.lib(net_http_server.o)
    0x08011678   0x08011678   0x00000064   Code   RO         2410    i.netCore_Thread    Net_Dbg_CM3_L.lib(net_sys.o)
    0x080116dc   0x080116dc   0x00000002   Code   RO         1805    i.netETH_Notify     Net_Dbg_CM3_L.lib(net_eth.o)
    0x080116de   0x080116de   0x00000002   Code   RO         1806    i.netETH_ReceiveRaw  Net_Dbg_CM3_L.lib(net_eth.o)
    0x080116e0   0x080116e0   0x00000072   Code   RO         1808    i.netETH_Thread     Net_Dbg_CM3_L.lib(net_eth.o)
    0x08011752   0x08011752   0x00000004   Code   RO         2232    i.netHTTPs_AcceptClient  Net_Dbg_CM3_L.lib(net_http_server.o)
    0x08011756   0x08011756   0x00000004   Code   RO         2338    i.netHTTPs_CheckAccount  Net_Dbg_CM3_L.lib(net_http_server_auth.o)
    0x0801175a   0x0801175a   0x00000004   Code   RO         2234    i.netHTTPs_FileAccess  Net_Dbg_CM3_L.lib(net_http_server.o)
    0x0801175e   0x0801175e   0x00000002   PAD
    0x08011760   0x08011760   0x00000020   Code   RO         2237    i.netHTTPs_GetLanguage  Net_Dbg_CM3_L.lib(net_http_server.o)
    0x08011780   0x08011780   0x0000000c   Code   RO         2238    i.netHTTPs_GetPassword  Net_Dbg_CM3_L.lib(net_http_server.o)
    0x0801178c   0x0801178c   0x0000000c   Code   RO         2244    i.netHTTPs_LoginActive  Net_Dbg_CM3_L.lib(net_http_server.o)
    0x08011798   0x08011798   0x00000058   Code   RO         2247    i.netHTTPs_SetPassword  Net_Dbg_CM3_L.lib(net_http_server.o)
    0x080117f0   0x080117f0   0x00000088   Code   RO         2411    i.netIF_GetOption   Net_Dbg_CM3_L.lib(net_sys.o)
    0x08011878   0x08011878   0x00000084   Code   RO         2413    i.netIF_SetOption   Net_Dbg_CM3_L.lib(net_sys.o)
    0x080118fc   0x080118fc   0x0000001a   Code   RO         2463    i.netIP_aton        Net_Dbg_CM3_L.lib(net_addr.o)
    0x08011916   0x08011916   0x00000032   Code   RO         2464    i.netIP_ntoa        Net_Dbg_CM3_L.lib(net_addr.o)
    0x08011948   0x08011948   0x000000ac   Code   RO         2414    i.netInitialize     Net_Dbg_CM3_L.lib(net_sys.o)
    0x080119f4   0x080119f4   0x0000008c   Code   RO         2465    i.netMAC_aton       Net_Dbg_CM3_L.lib(net_addr.o)
    0x08011a80   0x08011a80   0x00000004   Code   RO         2071    i.netTCP_GetLocalPort  Net_Dbg_CM3_L.lib(net_tcp.o)
    0x08011a84   0x08011a84   0x00000020   Code   RO         2073    i.netTCP_GetPeer    Net_Dbg_CM3_L.lib(net_tcp.o)
    0x08011aa4   0x08011aa4   0x00000004   Code   RO         2075    i.netTCP_GetState   Net_Dbg_CM3_L.lib(net_tcp.o)
    0x08011aa8   0x08011aa8   0x00000004   Code   RO         2076    i.netTCP_GetTimer   Net_Dbg_CM3_L.lib(net_tcp.o)
    0x08011aac   0x08011aac   0x0000007c   Code   RO         2467    i.net_addr4_aton    Net_Dbg_CM3_L.lib(net_addr.o)
    0x08011b28   0x08011b28   0x0000001e   Code   RO         2469    i.net_addr4_to_mac  Net_Dbg_CM3_L.lib(net_addr.o)
    0x08011b46   0x08011b46   0x00000002   PAD
    0x08011b48   0x08011b48   0x000000e6   Code   RO         2470    i.net_addr6_aton    Net_Dbg_CM3_L.lib(net_addr.o)
    0x08011c2e   0x08011c2e   0x00000028   Code   RO         2471    i.net_addr6_comp    Net_Dbg_CM3_L.lib(net_addr.o)
    0x08011c56   0x08011c56   0x00000012   Code   RO         2472    i.net_addr6_copy    Net_Dbg_CM3_L.lib(net_addr.o)
    0x08011c68   0x08011c68   0x0000004c   Code   RO         2473    i.net_addr6_create  Net_Dbg_CM3_L.lib(net_addr.o)
    0x08011cb4   0x08011cb4   0x00000028   Code   RO         2474    i.net_addr6_get_solicited  Net_Dbg_CM3_L.lib(net_addr.o)
    0x08011cdc   0x08011cdc   0x00000018   Code   RO         2475    i.net_addr6_is_linklocal  Net_Dbg_CM3_L.lib(net_addr.o)
    0x08011cf4   0x08011cf4   0x0000006e   Code   RO         2476    i.net_addr6_is_onlink  Net_Dbg_CM3_L.lib(net_addr.o)
    0x08011d62   0x08011d62   0x00000048   Code   RO         2477    i.net_addr6_is_solicited  Net_Dbg_CM3_L.lib(net_addr.o)
    0x08011daa   0x08011daa   0x00000018   Code   RO         2478    i.net_addr6_is_unspec  Net_Dbg_CM3_L.lib(net_addr.o)
    0x08011dc2   0x08011dc2   0x0000000e   Code   RO         2480    i.net_addr6_to_mac  Net_Dbg_CM3_L.lib(net_addr.o)
    0x08011dd0   0x08011dd0   0x0000002c   Code   RO         2481    i.net_addr_comp     Net_Dbg_CM3_L.lib(net_addr.o)
    0x08011dfc   0x08011dfc   0x00000026   Code   RO         2482    i.net_addr_copy     Net_Dbg_CM3_L.lib(net_addr.o)
    0x08011e22   0x08011e22   0x0000001a   Code   RO         2483    i.net_addr_find_route  Net_Dbg_CM3_L.lib(net_addr.o)
    0x08011e3c   0x08011e3c   0x00000020   Code   RO         2485    i.net_addr_get_local  Net_Dbg_CM3_L.lib(net_addr.o)
    0x08011e5c   0x08011e5c   0x00000022   Code   RO         2486    i.net_addr_is_unspec  Net_Dbg_CM3_L.lib(net_addr.o)
    0x08011e7e   0x08011e7e   0x00000002   PAD
    0x08011e80   0x08011e80   0x0000011c   Code   RO         1868    i.net_arp_cache_add  Net_Dbg_CM3_L.lib(net_arp.o)
    0x08011f9c   0x08011f9c   0x000000bc   Code   RO         1869    i.net_arp_cache_early  Net_Dbg_CM3_L.lib(net_arp.o)
    0x08012058   0x08012058   0x000000ec   Code   RO         1870    i.net_arp_cache_find  Net_Dbg_CM3_L.lib(net_arp.o)
    0x08012144   0x08012144   0x00000048   Code   RO         1871    i.net_arp_cache_init  Net_Dbg_CM3_L.lib(net_arp.o)
    0x0801218c   0x0801218c   0x0000001c   Code   RO         1872    i.net_arp_cache_run  Net_Dbg_CM3_L.lib(net_arp.o)
    0x080121a8   0x080121a8   0x00000078   Code   RO         1874    i.net_arp_enqueue   Net_Dbg_CM3_L.lib(net_arp.o)
    0x08012220   0x08012220   0x00000020   Code   RO         1876    i.net_arp_notify    Net_Dbg_CM3_L.lib(net_arp.o)
    0x08012240   0x08012240   0x00000224   Code   RO         1878    i.net_arp_process   Net_Dbg_CM3_L.lib(net_arp.o)
    0x08012464   0x08012464   0x00000042   Code   RO         2721    i.net_atoi          Net_Dbg_CM3_L.lib(net_common.o)
    0x080124a6   0x080124a6   0x00000002   PAD
    0x080124a8   0x080124a8   0x00000078   Code   RO         2787    i.net_base64_decode  Net_Dbg_CM3_L.lib(net_base64.o)
    0x08012520   0x08012520   0x00000030   Code   RO         2723    i.net_chksum_buf    Net_Dbg_CM3_L.lib(net_common.o)
    0x08012550   0x08012550   0x0000001e   Code   RO         2724    i.net_crc_buf       Net_Dbg_CM3_L.lib(net_common.o)
    0x0801256e   0x0801256e   0x0000000e   Code   RO         1809    i.net_eth_callback  Net_Dbg_CM3_L.lib(net_eth.o)
    0x0801257c   0x0801257c   0x00000068   Code   RO         1810    i.net_eth_config_mcast  Net_Dbg_CM3_L.lib(net_eth.o)
    0x080125e4   0x080125e4   0x000000ea   Code   RO         1812    i.net_eth_get_option  Net_Dbg_CM3_L.lib(net_eth.o)
    0x080126ce   0x080126ce   0x00000002   PAD
    0x080126d0   0x080126d0   0x0000001c   Code   RO         1813    i.net_eth_iface_init  Net_Dbg_CM3_L.lib(net_eth.o)
    0x080126ec   0x080126ec   0x0000001c   Code   RO         1814    i.net_eth_iface_run  Net_Dbg_CM3_L.lib(net_eth.o)
    0x08012708   0x08012708   0x000000a8   Code   RO         1816    i.net_eth_output    Net_Dbg_CM3_L.lib(net_eth.o)
    0x080127b0   0x080127b0   0x000001e0   Code   RO         1817    i.net_eth_send_frame  Net_Dbg_CM3_L.lib(net_eth.o)
    0x08012990   0x08012990   0x00000270   Code   RO         1818    i.net_eth_set_option  Net_Dbg_CM3_L.lib(net_eth.o)
    0x08012c00   0x08012c00   0x000000e8   Code   RO         2253    i.net_http_server_init  Net_Dbg_CM3_L.lib(net_http_server.o)
    0x08012ce8   0x08012ce8   0x00000028   Code   RO         2254    i.net_http_server_run  Net_Dbg_CM3_L.lib(net_http_server.o)
    0x08012d10   0x08012d10   0x00000018   Code   RO         2669    i.net_icmp6_init    Net_Dbg_CM3_L.lib(net_icmp6.o)
    0x08012d28   0x08012d28   0x00000238   Code   RO         2670    i.net_icmp6_process  Net_Dbg_CM3_L.lib(net_icmp6.o)
    0x08012f60   0x08012f60   0x00000084   Code   RO         2671    i.net_icmp6_send    Net_Dbg_CM3_L.lib(net_icmp6.o)
    0x08012fe4   0x08012fe4   0x00000058   Code   RO         2672    i.net_icmp6_send_echo  Net_Dbg_CM3_L.lib(net_icmp6.o)
    0x0801303c   0x0801303c   0x00000018   Code   RO         1990    i.net_icmp_init     Net_Dbg_CM3_L.lib(net_icmp.o)
    0x08013054   0x08013054   0x000001c8   Code   RO         1991    i.net_icmp_process  Net_Dbg_CM3_L.lib(net_icmp.o)
    0x0801321c   0x0801321c   0x000000a0   Code   RO         1992    i.net_icmp_send_echo  Net_Dbg_CM3_L.lib(net_icmp.o)
    0x080132bc   0x080132bc   0x0000000c   Code   RO         2418    i.net_if_map_all    Net_Dbg_CM3_L.lib(net_sys.o)
    0x080132c8   0x080132c8   0x0000006c   Code   RO         1923    i.net_igmp_collect_mcast  Net_Dbg_CM3_L.lib(net_igmp.o)
    0x08013334   0x08013334   0x00000048   Code   RO         1924    i.net_igmp_host_init  Net_Dbg_CM3_L.lib(net_igmp.o)
    0x0801337c   0x0801337c   0x0000001c   Code   RO         1925    i.net_igmp_host_run  Net_Dbg_CM3_L.lib(net_igmp.o)
    0x08013398   0x08013398   0x00000020   Code   RO         1927    i.net_igmp_is_member  Net_Dbg_CM3_L.lib(net_igmp.o)
    0x080133b8   0x080133b8   0x000001ac   Code   RO         1928    i.net_igmp_process  Net_Dbg_CM3_L.lib(net_igmp.o)
    0x08013564   0x08013564   0x0000018c   Code   RO         2599    i.net_ip4_chk_frame  Net_Dbg_CM3_L.lib(net_ip4.o)
    0x080136f0   0x080136f0   0x0000002c   Code   RO         2600    i.net_ip4_chksum    Net_Dbg_CM3_L.lib(net_ip4.o)
    0x0801371c   0x0801371c   0x00000006   Code   RO         2601    i.net_ip4_chksum_buf  Net_Dbg_CM3_L.lib(net_ip4.o)
    0x08013722   0x08013722   0x00000002   PAD
    0x08013724   0x08013724   0x00000080   Code   RO         2603    i.net_ip4_find_route  Net_Dbg_CM3_L.lib(net_ip4.o)
    0x080137a4   0x080137a4   0x00000124   Code   RO         1969    i.net_ip4_frag_add  Net_Dbg_CM3_L.lib(net_ip4_frag.o)
    0x080138c8   0x080138c8   0x000000ac   Code   RO         1970    i.net_ip4_frag_get  Net_Dbg_CM3_L.lib(net_ip4_frag.o)
    0x08013974   0x08013974   0x00000010   Code   RO         1971    i.net_ip4_frag_init  Net_Dbg_CM3_L.lib(net_ip4_frag.o)
    0x08013984   0x08013984   0x0000003c   Code   RO         1972    i.net_ip4_frag_run  Net_Dbg_CM3_L.lib(net_ip4_frag.o)
    0x080139c0   0x080139c0   0x0000002c   Code   RO         2604    i.net_ip4_get_local  Net_Dbg_CM3_L.lib(net_ip4.o)
    0x080139ec   0x080139ec   0x00000024   Code   RO         2605    i.net_ip4_init      Net_Dbg_CM3_L.lib(net_ip4.o)
    0x08013a10   0x08013a10   0x00000020   Code   RO         2606    i.net_ip4_is_onlink  Net_Dbg_CM3_L.lib(net_ip4.o)
    0x08013a30   0x08013a30   0x00000026   Code   RO         2607    i.net_ip4_is_subcast  Net_Dbg_CM3_L.lib(net_ip4.o)
    0x08013a56   0x08013a56   0x0000000e   Code   RO         2608    i.net_ip4_reass_frame  Net_Dbg_CM3_L.lib(net_ip4.o)
    0x08013a64   0x08013a64   0x00000164   Code   RO         2609    i.net_ip4_send_frame  Net_Dbg_CM3_L.lib(net_ip4.o)
    0x08013bc8   0x08013bc8   0x0000002a   Code   RO         2611    i.net_ip4_tx_offl_hl  Net_Dbg_CM3_L.lib(net_ip4.o)
    0x08013bf2   0x08013bf2   0x00000002   PAD
    0x08013bf4   0x08013bf4   0x00000100   Code   RO         2637    i.net_ip6_chk_frame  Net_Dbg_CM3_L.lib(net_ip6.o)
    0x08013cf4   0x08013cf4   0x00000032   Code   RO         2638    i.net_ip6_chksum    Net_Dbg_CM3_L.lib(net_ip6.o)
    0x08013d26   0x08013d26   0x00000002   PAD
    0x08013d28   0x08013d28   0x0000007c   Code   RO         2639    i.net_ip6_collect_mcast  Net_Dbg_CM3_L.lib(net_ip6.o)
    0x08013da4   0x08013da4   0x00000048   Code   RO         2641    i.net_ip6_find_route  Net_Dbg_CM3_L.lib(net_ip6.o)
    0x08013dec   0x08013dec   0x00000054   Code   RO         2642    i.net_ip6_get_local  Net_Dbg_CM3_L.lib(net_ip6.o)
    0x08013e40   0x08013e40   0x0000001c   Code   RO         2643    i.net_ip6_init      Net_Dbg_CM3_L.lib(net_ip6.o)
    0x08013e5c   0x08013e5c   0x000000cc   Code   RO         2644    i.net_ip6_send_frame  Net_Dbg_CM3_L.lib(net_ip6.o)
    0x08013f28   0x08013f28   0x0000001e   Code   RO         2646    i.net_ip6_tx_offl_hl  Net_Dbg_CM3_L.lib(net_ip6.o)
    0x08013f46   0x08013f46   0x00000008   Code   RO         2725    i.net_itoa          Net_Dbg_CM3_L.lib(net_common.o)
    0x08013f4e   0x08013f4e   0x00000006   Code   RO         2727    i.net_itoa_n0       Net_Dbg_CM3_L.lib(net_common.o)
    0x08013f54   0x08013f54   0x00000030   Code   RO         1951    i.net_loop_iface_init  Net_Dbg_CM3_L.lib(net_loopback.o)
    0x08013f84   0x08013f84   0x000000bc   Code   RO         1952    i.net_loop_iface_run  Net_Dbg_CM3_L.lib(net_loopback.o)
    0x08014040   0x08014040   0x00000070   Code   RO         1954    i.net_loop_send_frame  Net_Dbg_CM3_L.lib(net_loopback.o)
    0x080140b0   0x080140b0   0x000000c0   Code   RO         2698    i.net_mem_alloc     Net_Dbg_CM3_L.lib(net_mem.o)
    0x08014170   0x08014170   0x0000001c   Code   RO         2699    i.net_mem_avail     Net_Dbg_CM3_L.lib(net_mem.o)
    0x0801418c   0x0801418c   0x000000a4   Code   RO         2700    i.net_mem_free      Net_Dbg_CM3_L.lib(net_mem.o)
    0x08014230   0x08014230   0x00000070   Code   RO         2701    i.net_mem_init      Net_Dbg_CM3_L.lib(net_mem.o)
    0x080142a0   0x080142a0   0x00000048   Code   RO         2702    i.net_mem_shrink    Net_Dbg_CM3_L.lib(net_mem.o)
    0x080142e8   0x080142e8   0x00000064   Code   RO         2191    i.net_nbns_client_init  Net_Dbg_CM3_L.lib(net_nbns_client.o)
    0x0801434c   0x0801434c   0x000001c4   Code   RO         2548    i.net_ndp_cache_find  Net_Dbg_CM3_L.lib(net_ndp.o)
    0x08014510   0x08014510   0x00000078   Code   RO         2551    i.net_ndp_cache_refresh  Net_Dbg_CM3_L.lib(net_ndp.o)
    0x08014588   0x08014588   0x00000070   Code   RO         2554    i.net_ndp_enqueue   Net_Dbg_CM3_L.lib(net_ndp.o)
    0x080145f8   0x080145f8   0x00000374   Code   RO         2556    i.net_ndp_process   Net_Dbg_CM3_L.lib(net_ndp.o)
    0x0801496c   0x0801496c   0x00000038   Code   RO         2420    i.net_path          Net_Dbg_CM3_L.lib(net_sys.o)
    0x080149a4   0x080149a4   0x00000020   Code   RO         2391    i.net_ping_client_init  Net_Dbg_CM3_L.lib(net_ping_core.o)
    0x080149c4   0x080149c4   0x00000080   Code   RO         2392    i.net_ping_client_run  Net_Dbg_CM3_L.lib(net_ping_core.o)
    0x08014a44   0x08014a44   0x0000001c   Code   RO         2421    i.net_rand32        Net_Dbg_CM3_L.lib(net_sys.o)
    0x08014a60   0x08014a60   0x0000005c   Code   RO         2365    i.net_sntp_client_init  Net_Dbg_CM3_L.lib(net_sntp_client_core.o)
    0x08014abc   0x08014abc   0x00000058   Code   RO         2366    i.net_sntp_client_run  Net_Dbg_CM3_L.lib(net_sntp_client_core.o)
    0x08014b14   0x08014b14   0x0000002e   Code   RO         2728    i.net_strcasecmp    Net_Dbg_CM3_L.lib(net_common.o)
    0x08014b42   0x08014b42   0x00000016   Code   RO         2729    i.net_strchr        Net_Dbg_CM3_L.lib(net_common.o)
    0x08014b58   0x08014b58   0x0000001a   Code   RO         2730    i.net_strcmp        Net_Dbg_CM3_L.lib(net_common.o)
    0x08014b72   0x08014b72   0x00000012   Code   RO         2731    i.net_strcpy        Net_Dbg_CM3_L.lib(net_common.o)
    0x08014b84   0x08014b84   0x0000001c   Code   RO         2733    i.net_strnchr       Net_Dbg_CM3_L.lib(net_common.o)
    0x08014ba0   0x08014ba0   0x0000001a   Code   RO         2734    i.net_strncpy       Net_Dbg_CM3_L.lib(net_common.o)
    0x08014bba   0x08014bba   0x00000020   Code   RO         2735    i.net_strtoupper    Net_Dbg_CM3_L.lib(net_common.o)
    0x08014bda   0x08014bda   0x00000002   PAD
    0x08014bdc   0x08014bdc   0x0000000c   Code   RO         2422    i.net_sys_lock      Net_Dbg_CM3_L.lib(net_sys.o)
    0x08014be8   0x08014be8   0x00000016   Code   RO         2423    i.net_sys_resume    Net_Dbg_CM3_L.lib(net_sys.o)
    0x08014bfe   0x08014bfe   0x00000002   PAD
    0x08014c00   0x08014c00   0x00000014   Code   RO         2425    i.net_sys_tick      Net_Dbg_CM3_L.lib(net_sys.o)
    0x08014c14   0x08014c14   0x0000000c   Code   RO         2426    i.net_sys_unlock    Net_Dbg_CM3_L.lib(net_sys.o)
    0x08014c20   0x08014c20   0x00000020   Code   RO         2428    i.net_sys_wakeup    Net_Dbg_CM3_L.lib(net_sys.o)
    0x08014c40   0x08014c40   0x00000084   Code   RO         2083    i.net_tcp_abort     Net_Dbg_CM3_L.lib(net_tcp.o)
    0x08014cc4   0x08014cc4   0x000000e4   Code   RO         2086    i.net_tcp_close     Net_Dbg_CM3_L.lib(net_tcp.o)
    0x08014da8   0x08014da8   0x0000002e   Code   RO         2089    i.net_tcp_get_buf   Net_Dbg_CM3_L.lib(net_tcp.o)
    0x08014dd6   0x08014dd6   0x00000002   PAD
    0x08014dd8   0x08014dd8   0x00000034   Code   RO         2091    i.net_tcp_get_local_port  Net_Dbg_CM3_L.lib(net_tcp.o)
    0x08014e0c   0x08014e0c   0x00000028   Code   RO         2092    i.net_tcp_get_mss   Net_Dbg_CM3_L.lib(net_tcp.o)
    0x08014e34   0x08014e34   0x00000054   Code   RO         2094    i.net_tcp_get_peer  Net_Dbg_CM3_L.lib(net_tcp.o)
    0x08014e88   0x08014e88   0x00000070   Code   RO         2096    i.net_tcp_get_socket  Net_Dbg_CM3_L.lib(net_tcp.o)
    0x08014ef8   0x08014ef8   0x0000002c   Code   RO         2097    i.net_tcp_get_state  Net_Dbg_CM3_L.lib(net_tcp.o)
    0x08014f24   0x08014f24   0x00000034   Code   RO         2098    i.net_tcp_get_timer  Net_Dbg_CM3_L.lib(net_tcp.o)
    0x08014f58   0x08014f58   0x000000b0   Code   RO         2099    i.net_tcp_listen    Net_Dbg_CM3_L.lib(net_tcp.o)
    0x08015008   0x08015008   0x000007a8   Code   RO         2101    i.net_tcp_process   Net_Dbg_CM3_L.lib(net_tcp.o)
    0x080157b0   0x080157b0   0x0000015c   Code   RO         2105    i.net_tcp_send      Net_Dbg_CM3_L.lib(net_tcp.o)
    0x0801590c   0x0801590c   0x0000012c   Code   RO         2107    i.net_tcp_set_option  Net_Dbg_CM3_L.lib(net_tcp.o)
    0x08015a38   0x08015a38   0x00000028   Code   RO         2108    i.net_tcp_socket_init  Net_Dbg_CM3_L.lib(net_tcp.o)
    0x08015a60   0x08015a60   0x000003c0   Code   RO         2109    i.net_tcp_socket_run  Net_Dbg_CM3_L.lib(net_tcp.o)
    0x08015e20   0x08015e20   0x00000048   Code   RO         2017    i.net_udp_close     Net_Dbg_CM3_L.lib(net_udp.o)
    0x08015e68   0x08015e68   0x0000002e   Code   RO         2020    i.net_udp_get_buf   Net_Dbg_CM3_L.lib(net_udp.o)
    0x08015e96   0x08015e96   0x00000002   PAD
    0x08015e98   0x08015e98   0x00000070   Code   RO         2023    i.net_udp_get_socket  Net_Dbg_CM3_L.lib(net_udp.o)
    0x08015f08   0x08015f08   0x000000ac   Code   RO         2025    i.net_udp_open      Net_Dbg_CM3_L.lib(net_udp.o)
    0x08015fb4   0x08015fb4   0x00000158   Code   RO         2026    i.net_udp_process   Net_Dbg_CM3_L.lib(net_udp.o)
    0x0801610c   0x0801610c   0x00000012   Code   RO         2028    i.net_udp_send      Net_Dbg_CM3_L.lib(net_udp.o)
    0x0801611e   0x0801611e   0x00000002   PAD
    0x08016120   0x08016120   0x0000022c   Code   RO         2029    i.net_udp_send_if   Net_Dbg_CM3_L.lib(net_udp.o)
    0x0801634c   0x0801634c   0x00000024   Code   RO         2031    i.net_udp_socket_init  Net_Dbg_CM3_L.lib(net_udp.o)
    0x08016370   0x08016370   0x00000008   Code   RO         2736    i.net_ultoa         Net_Dbg_CM3_L.lib(net_common.o)
    0x08016378   0x08016378   0x00000030   Code   RO         2739    i.net_ultox         Net_Dbg_CM3_L.lib(net_common.o)
    0x080163a8   0x080163a8   0x0000004c   Code   RO         2740    i.net_xtoul         Net_Dbg_CM3_L.lib(net_common.o)
    0x080163f4   0x080163f4   0x0000001c   Code   RO         2395    i.ping_send_req     Net_Dbg_CM3_L.lib(net_ping_core.o)
    0x08016410   0x08016410   0x00000058   Code   RO         2257    i.proc_req_line     Net_Dbg_CM3_L.lib(net_http_server.o)
    0x08016468   0x08016468   0x0000001a   Code   RO         1974    i.que_free_list     Net_Dbg_CM3_L.lib(net_ip4_frag.o)
    0x08016482   0x08016482   0x000000a0   Code   RO         2258    i.read_script_line  Net_Dbg_CM3_L.lib(net_http_server.o)
    0x08016522   0x08016522   0x00000048   Code   RO         2259    i.search_delim      Net_Dbg_CM3_L.lib(net_http_server.o)
    0x0801656a   0x0801656a   0x00000002   PAD
    0x0801656c   0x0801656c   0x000000fc   Code   RO         2369    i.sntp_listener     Net_Dbg_CM3_L.lib(net_sntp_client_core.o)
    0x08016668   0x08016668   0x0000003c   Code   RO         2370    i.sntp_send_message  Net_Dbg_CM3_L.lib(net_sntp_client_core.o)
    0x080166a4   0x080166a4   0x00000018   Code   RO         2372    i.sntp_stop         Net_Dbg_CM3_L.lib(net_sntp_client_core.o)
    0x080166bc   0x080166bc   0x00000018   Code   RO         2429    i.sys_map_if        Net_Dbg_CM3_L.lib(net_sys.o)
    0x080166d4   0x080166d4   0x0000004c   Code   RO         2430    i.sys_proc_tick     Net_Dbg_CM3_L.lib(net_sys.o)
    0x08016720   0x08016720   0x00000110   Code   RO         2111    i.tcp_map_socket    Net_Dbg_CM3_L.lib(net_tcp.o)
    0x08016830   0x08016830   0x00000084   Code   RO         2112    i.tcp_parse_opt     Net_Dbg_CM3_L.lib(net_tcp.o)
    0x080168b4   0x080168b4   0x0000011c   Code   RO         2113    i.tcp_proc_acknr    Net_Dbg_CM3_L.lib(net_tcp.o)
    0x080169d0   0x080169d0   0x000000ac   Code   RO         2114    i.tcp_proc_dupack   Net_Dbg_CM3_L.lib(net_tcp.o)
    0x08016a7c   0x08016a7c   0x0000001a   Code   RO         2115    i.tcp_que_free      Net_Dbg_CM3_L.lib(net_tcp.o)
    0x08016a96   0x08016a96   0x0000001a   Code   RO         2116    i.tcp_que_init      Net_Dbg_CM3_L.lib(net_tcp.o)
    0x08016ab0   0x08016ab0   0x000000ac   Code   RO         2117    i.tcp_que_resend    Net_Dbg_CM3_L.lib(net_tcp.o)
    0x08016b5c   0x08016b5c   0x00000090   Code   RO         2118    i.tcp_send_ctrl     Net_Dbg_CM3_L.lib(net_tcp.o)
    0x08016bec   0x08016bec   0x0000007c   Code   RO         2119    i.tcp_send_data     Net_Dbg_CM3_L.lib(net_tcp.o)
    0x08016c68   0x08016c68   0x00000090   Code   RO         2120    i.tcp_send_reset    Net_Dbg_CM3_L.lib(net_tcp.o)
    0x08016cf8   0x08016cf8   0x00000044   Code   RO         2121    i.tcp_set_cwnd      Net_Dbg_CM3_L.lib(net_tcp.o)
    0x08016d3c   0x08016d3c   0x00000074   Code   RO         2122    i.tcp_transit       Net_Dbg_CM3_L.lib(net_tcp.o)
    0x08016db0   0x08016db0   0x0000010c   Code   RO         2123    i.tcp_write         Net_Dbg_CM3_L.lib(net_tcp.o)
    0x08016ebc   0x08016ebc   0x0000002c   Code   RO         2033    i.udp_port_in_use   Net_Dbg_CM3_L.lib(net_udp.o)
    0x08016ee8   0x08016ee8   0x00000044   Code   RO         2741    i.ul2str            Net_Dbg_CM3_L.lib(net_common.o)
    0x08016f2c   0x08016f2c   0x00000124   Code   RO         2260    i.utc_to_http       Net_Dbg_CM3_L.lib(net_http_server.o)
    0x08017050   0x08017050   0x00000024   Data   RO          154    .constdata          http_server.o
    0x08017074   0x08017074   0x00000004   Data   RO          265    .constdata          web.o
    0x08017078   0x08017078   0x00006ae2   Data   RO          266    .constdata          web.o
    0x0801db5a   0x0801db5a   0x00000002   PAD
    0x0801db5c   0x0801db5c   0x000000b0   Data   RO          267    .constdata          web.o
    0x0801dc0c   0x0801dc0c   0x00000018   Data   RO          285    .constdata          leds.o
    0x0801dc24   0x0801dc24   0x00000960   Data   RO          313    .constdata          lcd.o
    0x0801e584   0x0801e584   0x00000024   Data   RO          708    .constdata          rtx_lib.o
    0x0801e5a8   0x0801e5a8   0x00000024   Data   RO          709    .constdata          rtx_lib.o
    0x0801e5cc   0x0801e5cc   0x00000018   Data   RO          710    .constdata          rtx_lib.o
    0x0801e5e4   0x0801e5e4   0x00000004   Data   RO          712    .constdata          rtx_lib.o
    0x0801e5e8   0x0801e5e8   0x00000004   Data   RO         1053    .constdata          phy_lan8742a.o
    0x0801e5ec   0x0801e5ec   0x00000020   Data   RO         1054    .constdata          phy_lan8742a.o
    0x0801e60c   0x0801e60c   0x00000050   Data   RO         1081    .constdata          emac_stm32f4xx.o
    0x0801e65c   0x0801e65c   0x00000044   Data   RO         1082    .constdata          emac_stm32f4xx.o
    0x0801e6a0   0x0801e6a0   0x00000034   Data   RO         1124    .constdata          spi_stm32f4xx.o
    0x0801e6d4   0x0801e6d4   0x00000010   Data   RO         1125    .constdata          spi_stm32f4xx.o
    0x0801e6e4   0x0801e6e4   0x00000010   Data   RO         1126    .constdata          spi_stm32f4xx.o
    0x0801e6f4   0x0801e6f4   0x0000002c   Data   RO         1127    .constdata          spi_stm32f4xx.o
    0x0801e720   0x0801e720   0x00000018   Data   RO         1163    .constdata          eventrecorder.o
    0x0801e738   0x0801e738   0x00000008   Data   RO         1302    .constdata          stm32f4xx_hal_dma.o
    0x0801e740   0x0801e740   0x00000010   Data   RO         1646    .constdata          system_stm32f4xx.o
    0x0801e750   0x0801e750   0x00000008   Data   RO         1647    .constdata          system_stm32f4xx.o
    0x0801e758   0x0801e758   0x000000a8   Data   RO         1691    .constdata          net_config.o
    0x0801e800   0x0801e800   0x0000001c   Data   RO         1692    .constdata          net_config.o
    0x0801e81c   0x0801e81c   0x00000014   Data   RO         1693    .constdata          net_config.o
    0x0801e830   0x0801e830   0x0000000c   Data   RO         1694    .constdata          net_config.o
    0x0801e83c   0x0801e83c   0x00000010   Data   RO         1695    .constdata          net_config.o
    0x0801e84c   0x0801e84c   0x00000028   Data   RO         1696    .constdata          net_config.o
    0x0801e874   0x0801e874   0x0000002c   Data   RO         1697    .constdata          net_config.o
    0x0801e8a0   0x0801e8a0   0x00000008   Data   RO         1698    .constdata          net_config.o
    0x0801e8a8   0x0801e8a8   0x00000008   Data   RO         1699    .constdata          net_config.o
    0x0801e8b0   0x0801e8b0   0x00000008   Data   RO         1700    .constdata          net_config.o
    0x0801e8b8   0x0801e8b8   0x00000008   Data   RO         1701    .constdata          net_config.o
    0x0801e8c0   0x0801e8c0   0x00000008   Data   RO         1702    .constdata          net_config.o
    0x0801e8c8   0x0801e8c8   0x00000008   Data   RO         1703    .constdata          net_config.o
    0x0801e8d0   0x0801e8d0   0x00000008   Data   RO         1704    .constdata          net_config.o
    0x0801e8d8   0x0801e8d8   0x00000008   Data   RO         1705    .constdata          net_config.o
    0x0801e8e0   0x0801e8e0   0x00000004   Data   RO         1707    .constdata          net_config.o
    0x0801e8e4   0x0801e8e4   0x00000008   Data   RO         1708    .constdata          net_config.o
    0x0801e8ec   0x0801e8ec   0x0000000c   Data   RO         1709    .constdata          net_config.o
    0x0801e8f8   0x0801e8f8   0x00000018   Data   RO         1710    .constdata          net_config.o
    0x0801e910   0x0801e910   0x00000034   Data   RO         1711    .constdata          net_config.o
    0x0801e944   0x0801e944   0x00000008   Data   RO         1712    .constdata          net_config.o
    0x0801e94c   0x0801e94c   0x00000030   Data   RO         1713    .constdata          net_config.o
    0x0801e97c   0x0801e97c   0x00000028   Data   RO         1714    .constdata          net_config.o
    0x0801e9a4   0x0801e9a4   0x00000010   Data   RO         1716    .constdata          net_config.o
    0x0801e9b4   0x0801e9b4   0x00000010   Data   RO         1717    .constdata          net_config.o
    0x0801e9c4   0x0801e9c4   0x00000008   Data   RO         1929    .constdata          Net_Dbg_CM3_L.lib(net_igmp.o)
    0x0801e9cc   0x0801e9cc   0x0000002c   Data   RO         1955    .constdata          Net_Dbg_CM3_L.lib(net_loopback.o)
    0x0801e9f8   0x0801e9f8   0x0000000c   Data   RO         1956    .constdata          Net_Dbg_CM3_L.lib(net_loopback.o)
    0x0801ea04   0x0801ea04   0x00000008   Data   RO         2193    .constdata          Net_Dbg_CM3_L.lib(net_nbns_client.o)
    0x0801ea0c   0x0801ea0c   0x000000fa   Data   RO         2262    .constdata          Net_Dbg_CM3_L.lib(net_http_server.o)
    0x0801eb06   0x0801eb06   0x00000002   PAD
    0x0801eb08   0x0801eb08   0x00000018   Data   RO         2341    .constdata          Net_Dbg_CM3_L.lib(net_http_server_auth.o)
    0x0801eb20   0x0801eb20   0x00000012   Data   RO         2397    .constdata          Net_Dbg_CM3_L.lib(net_ping_core.o)
    0x0801eb32   0x0801eb32   0x00000010   Data   RO         2490    .constdata          Net_Dbg_CM3_L.lib(net_addr.o)
    0x0801eb42   0x0801eb42   0x00000006   Data   RO         2491    .constdata          Net_Dbg_CM3_L.lib(net_addr.o)
    0x0801eb48   0x0801eb48   0x00000004   Data   RO         2613    .constdata          Net_Dbg_CM3_L.lib(net_ip4.o)
    0x0801eb4c   0x0801eb4c   0x00000020   Data   RO         2648    .constdata          Net_Dbg_CM3_L.lib(net_ip6.o)
    0x0801eb6c   0x0801eb6c   0x00000018   Data   RO         2688    .constdata          Net_Dbg_CM3_L.lib(net_http_server_err.o)
    0x0801eb84   0x0801eb84   0x00000010   Data   RO         2742    .constdata          Net_Dbg_CM3_L.lib(net_common.o)
    0x0801eb94   0x0801eb94   0x00000090   Data   RO         2789    .constdata          Net_Dbg_CM3_L.lib(net_base64.o)
    0x0801ec24   0x0801ec24   0x00000004   Data   RO         2798    .constdata          Net_Dbg_CM3_L.lib(net_version.o)
    0x0801ec28   0x0801ec28   0x000000da   Data   RO          227    .conststring        http_server_cgi.o
    0x0801ed02   0x0801ed02   0x00000002   PAD
    0x0801ed04   0x0801ed04   0x00000078   Data   RO         1718    .conststring        net_config.o
    0x0801ed7c   0x0801ed7c   0x0000000d   Data   RO         1719    .conststring        net_config.o
    0x0801ed89   0x0801ed89   0x00000003   PAD
    0x0801ed8c   0x0801ed8c   0x00000038   Data   RO         1720    .conststring        net_config.o
    0x0801edc4   0x0801edc4   0x0000001d   Data   RO         1721    .conststring        net_config.o
    0x0801ede1   0x0801ede1   0x00000003   PAD
    0x0801ede4   0x0801ede4   0x0000000f   Data   RO         1722    .conststring        net_config.o
    0x0801edf3   0x0801edf3   0x00000001   PAD
    0x0801edf4   0x0801edf4   0x00000203   Data   RO         2689    .conststring        Net_Dbg_CM3_L.lib(net_http_server_err.o)
    0x0801eff7   0x0801eff7   0x00000001   PAD
    0x0801eff8   0x0801eff8   0x0000000b   Data   RO          652    .conststrlit        rtx_kernel.o
    0x0801f003   0x0801f003   0x00000001   PAD
    0x0801f004   0x0801f004   0x000000a8   Data   RO          713    .rodata             rtx_lib.o
    0x0801f0ac   0x0801f0ac   0x00000020   Data   RO         3149    Region$$Table       anon$$obj.o


    Execution Region RW_IRAM2 (Exec base: 0x10000000, Load base: 0x0801f204, Size: 0x000004a4, Max: 0x00010000, ABSOLUTE, UNINIT)

    Exec Addr    Load Addr    Size         Type   Attr      Idx    E Section Name        Object

    0x10000000        -       0x000004a4   Zero   RW         1162    .bss.noinit         eventrecorder.o


    Execution Region RW_IRAM1 (Exec base: 0x20000000, Load base: 0x0801f0cc, Size: 0x0000f6d8, Max: 0x00020000, ABSOLUTE, COMPRESSED[0x00000138])

    Exec Addr    Load Addr    Size         Type   Attr      Idx    E Section Name        Object

    0x20000000   COMPRESSED   0x00008000   Data   RW          700    .bss.os             rtx_lib.o
    0x20008000   COMPRESSED   0x00000040   Data   RW          701    .bss.os             rtx_lib.o
    0x20008040   COMPRESSED   0x00000001   Data   RW         1005    .bss.os             os_systick.o
    0x20008041   COMPRESSED   0x00000003   PAD
    0x20008044   COMPRESSED   0x00000034   Data   RW          702    .bss.os.msgqueue.cb  rtx_lib.o
    0x20008078   COMPRESSED   0x00000050   Data   RW          703    .bss.os.msgqueue.mem  rtx_lib.o
    0x200080c8   COMPRESSED   0x0000001c   Data   RW         1685    .bss.os.mutex.cb    net_config.o
    0x200080e4   COMPRESSED   0x0000001c   Data   RW         1686    .bss.os.mutex.cb    net_config.o
    0x20008100   COMPRESSED   0x00000010   Data   RW         1687    .bss.os.semaphore.cb  net_config.o
    0x20008110   COMPRESSED   0x00000044   Data   RW          704    .bss.os.thread.cb   rtx_lib.o
    0x20008154   COMPRESSED   0x00000044   Data   RW          705    .bss.os.thread.cb   rtx_lib.o
    0x20008198   COMPRESSED   0x00000044   Data   RW         1688    .bss.os.thread.cb   net_config.o
    0x200081dc   COMPRESSED   0x00000044   Data   RW         1689    .bss.os.thread.cb   net_config.o
    0x20008220   COMPRESSED   0x00000200   Data   RW          706    .bss.os.thread.idle.stack  rtx_lib.o
    0x20008420   COMPRESSED   0x00000200   Data   RW          707    .bss.os.thread.timer.stack  rtx_lib.o
    0x20008620   COMPRESSED   0x00000020   Data   RW         1690    .bss.os.timer.cb    net_config.o
    0x20008640   COMPRESSED   0x00000004   Data   RW            5    .data               main.o
    0x20008644   COMPRESSED   0x0000002a   Data   RW          155    .data               http_server.o
    0x2000866e   COMPRESSED   0x00000002   PAD
    0x20008670   COMPRESSED   0x00000010   Data   RW          156    .data               http_server.o
    0x20008680   COMPRESSED   0x00000008   Data   RW          228    .data               http_server_cgi.o
    0x20008688   COMPRESSED   0x00000010   Data   RW          314    .data               lcd.o
    0x20008698   COMPRESSED   0x00000004   Data   RW          357    .data               adc.o
    0x2000869c   COMPRESSED   0x0000000c   Data   RW         1196    .data               stm32f4xx_hal.o
    0x200086a8   COMPRESSED   0x00000004   Data   RW         1648    .data               system_stm32f4xx.o
    0x200086ac   COMPRESSED   0x00000004   Data   RW         1723    .data               net_config.o
    0x200086b0   COMPRESSED   0x00000006   Data   RW         1724    .data               net_config.o
    0x200086b6   COMPRESSED   0x00000004   Data   RW         1725    .data               net_config.o
    0x200086ba   COMPRESSED   0x00000004   Data   RW         1930    .data               Net_Dbg_CM3_L.lib(net_igmp.o)
    0x200086be   COMPRESSED   0x00000002   PAD
    0x200086c0   COMPRESSED   0x00000004   Data   RW         1957    .data               Net_Dbg_CM3_L.lib(net_loopback.o)
    0x200086c4   COMPRESSED   0x00000004   Data   RW         1975    .data               Net_Dbg_CM3_L.lib(net_ip4_frag.o)
    0x200086c8   COMPRESSED   0x00000001   Data   RW         1993    .data               Net_Dbg_CM3_L.lib(net_icmp.o)
    0x200086c9   COMPRESSED   0x00000001   PAD
    0x200086ca   COMPRESSED   0x00000002   Data   RW         2035    .data               Net_Dbg_CM3_L.lib(net_udp.o)
    0x200086cc   COMPRESSED   0x00000004   Data   RW         2126    .data               Net_Dbg_CM3_L.lib(net_tcp.o)
    0x200086d0   COMPRESSED   0x00000001   Data   RW         2194    .data               Net_Dbg_CM3_L.lib(net_nbns_client.o)
    0x200086d1   COMPRESSED   0x00000003   PAD
    0x200086d4   COMPRESSED   0x0000000c   Data   RW         2263    .data               Net_Dbg_CM3_L.lib(net_http_server.o)
    0x200086e0   COMPRESSED   0x00000008   Data   RW         2614    .data               Net_Dbg_CM3_L.lib(net_ip4.o)
    0x200086e8   COMPRESSED   0x00000004   Data   RW         2650    .data               Net_Dbg_CM3_L.lib(net_ip6.o)
    0x200086ec   COMPRESSED   0x000000a4   Data   RW          653    .data.os            rtx_kernel.o
    0x20008790        -       0x00000400   Zero   RW          151    .bss                http_server.o
    0x20008b90        -       0x00000018   Zero   RW          153    .bss                http_server.o
    0x20008ba8        -       0x00000050   Zero   RW          226    .bss                http_server_cgi.o
    0x20008bf8        -       0x00000374   Zero   RW          311    .bss                lcd.o
    0x20008f6c        -       0x0000000c   Zero   RW         1052    .bss                phy_lan8742a.o
    0x20008f78        -       0x000024cc   Zero   RW         1080    .bss                emac_stm32f4xx.o
    0x2000b444        -       0x00000010   Zero   RW         1122    .bss                spi_stm32f4xx.o
    0x2000b454        -       0x0000001c   Zero   RW         1123    .bss                spi_stm32f4xx.o
    0x2000b470        -       0x00000400   Zero   RW         1675    .bss                net_config.o
    0x2000b870        -       0x00000400   Zero   RW         1676    .bss                net_config.o
    0x2000bc70        -       0x00002ee0   Zero   RW         1677    .bss                net_config.o
    0x2000eb50        -       0x000000c8   Zero   RW         1678    .bss                net_config.o
    0x2000ec18        -       0x00000028   Zero   RW         1679    .bss                net_config.o
    0x2000ec40        -       0x00000018   Zero   RW         1680    .bss                net_config.o
    0x2000ec58        -       0x00000028   Zero   RW         1681    .bss                net_config.o
    0x2000ec80        -       0x00000050   Zero   RW         1682    .bss                net_config.o
    0x2000ecd0        -       0x00000228   Zero   RW         1683    .bss                net_config.o
    0x2000eef8        -       0x00000150   Zero   RW         1684    .bss                net_config.o
    0x2000f048        -       0x000000a0   Zero   RW         1819    .bss                Net_Dbg_CM3_L.lib(net_eth.o)
    0x2000f0e8        -       0x00000018   Zero   RW         1879    .bss                Net_Dbg_CM3_L.lib(net_arp.o)
    0x2000f100        -       0x0000001c   Zero   RW         2034    .bss                Net_Dbg_CM3_L.lib(net_udp.o)
    0x2000f11c        -       0x00000098   Zero   RW         2261    .bss                Net_Dbg_CM3_L.lib(net_http_server.o)
    0x2000f1b4        -       0x0000002c   Zero   RW         2373    .bss                Net_Dbg_CM3_L.lib(net_sntp_client_core.o)
    0x2000f1e0        -       0x0000002c   Zero   RW         2396    .bss                Net_Dbg_CM3_L.lib(net_ping_core.o)
    0x2000f20c        -       0x00000038   Zero   RW         2431    .bss                Net_Dbg_CM3_L.lib(net_sys.o)
    0x2000f244        -       0x00000024   Zero   RW         2432    .bss                Net_Dbg_CM3_L.lib(net_sys.o)
    0x2000f268        -       0x0000005c   Zero   RW         2489    .bss                Net_Dbg_CM3_L.lib(net_addr.o)
    0x2000f2c4        -       0x00000014   Zero   RW         2704    .bss                Net_Dbg_CM3_L.lib(net_mem.o)
    0x2000f2d8        -       0x00000400   Zero   RW         1635    STACK               startup_stm32f407xx.o


==============================================================================

Image component sizes


      Code (inc. data)   RO Data    RW Data    ZI Data      Debug   Object Name

       248         24          0          4          0       1765   adc.o
        96         10          0          0          0       1988   buttons_f429discovery.o
      2476        148        148          0       9420      47574   emac_stm32f4xx.o
      1452         40         24          0       1188      17460   eventrecorder.o
       312         68         36         58       1048      17300   http_server.o
      1884        338        218          8         80       8578   http_server_cgi.o
       148          8          0          0          0        620   irq_armv7m.o
      1556         52       2400         16        884       7653   lcd.o
       200         14         24          0          0       2185   leds.o
       276         30          0          4          0     708411   main.o
       356         26        853        254      15320      31981   net_config.o
       338          0          0          0          0        834   net_debug.o
       196         12          0          1          0       1992   os_systick.o
       428         10         36          0         12       6978   phy_lan8742a.o
         4          0          0          0          0        579   rtx_config.o
       260         14          0          0          0      17946   rtx_delay.o
      2392         88          0          0          0      45221   rtx_evr.o
      1740         96         11        164          0      28096   rtx_kernel.o
        24          0        268      34124          0       9887   rtx_lib.o
       292          0          0          0          0       3859   rtx_memory.o
      1984         48          0          0          0      15236   rtx_mempool.o
      2820         58          0          0          0      23764   rtx_msgqueue.o
      1368         30          0          0          0      10194   rtx_mutex.o
      1432         34          0          0          0      11964   rtx_semaphore.o
       668         18          0          0          0       8549   rtx_system.o
      4892        124          0          0          0      33701   rtx_thread.o
      1152         34          0          0          0      10297   rtx_timer.o
      2856         76        128          0         44      44395   spi_stm32f4xx.o
        36          8        392          0       1024        816   startup_stm32f407xx.o
       436         34          0         12          0      11060   stm32f4xx_hal.o
      2720         86          0          0          0       8855   stm32f4xx_hal_adc.o
      1828         44          0          0          0       6574   stm32f4xx_hal_adc_ex.o
       664         10          0          0          0      36174   stm32f4xx_hal_cortex.o
      1816         28          8          0          0       7677   stm32f4xx_hal_dma.o
       816         46          0          0          0       4011   stm32f4xx_hal_gpio.o
      1892         70          0          0          0       6183   stm32f4xx_hal_rcc.o
      9170        166          0          0          0      37680   stm32f4xx_hal_tim.o
      2992         62          0          0          0      13696   stm32f4xx_hal_tim_ex.o
        12          0          0          0          0        883   stm32f4xx_it.o
       208         34         24          4          0       1713   system_stm32f4xx.o
       120         10      27542          0          0       1676   web.o

    ----------------------------------------------------------------------
     54562       1998      32156      34654      29020    1256005   Object Totals
         0          0         32          0          0          0   (incl. Generated)
         2          0         12          5          0          0   (incl. Padding)

    ----------------------------------------------------------------------

      Code (inc. data)   RO Data    RW Data    ZI Data      Debug   Library Member Name

      1458         18         22          0         92       1624   net_addr.o
      2874        144          0          0         24       1548   net_arp.o
       120          6        144          0          0         84   net_base64.o
       622         10         16          0          0       1340   net_common.o
      3664        138          0          0        160       1600   net_eth.o
      6834       1268        250         12        152       2852   net_http_server.o
       266         66         24          0          0        368   net_http_server_auth.o
         0          0        539          0          0          0   net_http_server_err.o
       640         48          0          1          0        236   net_icmp.o
       812         60          0          0          0        332   net_icmp6.o
       972         46          8          4          0        680   net_igmp.o
      1188         82          4          8          0        956   net_ip4.o
       690         30          0          4          0        476   net_ip4_frag.o
       848         72         32          4          0        644   net_ip6.o
       348         28         56          4          0        256   net_loopback.o
       592         64          0          0         20        564   net_mem.o
       520         44          8          1          0        188   net_nbns_client.o
      3058        106          0          0          0       1404   net_ndp.o
       188         32         18          0         44        220   net_ping_core.o
       516         54          0          0         44        412   net_sntp_client_core.o
       834         84          0          0         92       1012   net_sys.o
      6566        282          0          4          0       2728   net_tcp.o
      1400         80          0          2         28        772   net_udp.o
         0          0          4          0          0          0   net_version.o
        86          0          0          0          0          0   __dczerorl2.o
         0          0          0          0          0          0   entry.o
         0          0          0          0          0          0   entry10a.o
         0          0          0          0          0          0   entry11a.o
         4          0          0          0          0          0   entry12b.o
         8          4          0          0          0          0   entry2.o
         4          0          0          0          0          0   entry5.o
         0          0          0          0          0          0   entry7b.o
         0          0          0          0          0          0   entry8b.o
         8          4          0          0          0          0   entry9a.o
        30          0          0          0          0          0   handlers.o
        36          8          0          0          0         68   init.o
         0          0          0          0          0          0   iusefp.o
        30          0          0          0          0         68   llshl.o
        36          0          0          0          0         68   llsshr.o
        32          0          0          0          0         68   llushr.o
        26          0          0          0          0         80   memcmp.o
        36          0          0          0          0         68   memcpya.o
        36          0          0          0          0        108   memseta.o
      2236         86          0          0          0        532   printfa.o
        28          0          0          0          0         76   strcmp.o
        18          0          0          0          0         68   strcpy.o
        14          0          0          0          0         68   strlen.o
        30          0          0          0          0         80   strncmp.o
        44          0          0          0          0         80   uidiv.o
        98          0          0          0          0         92   uldiv.o
        48          0          0          0          0         68   cdrcmple.o
       334          0          0          0          0        148   dadd.o
       222          0          0          0          0        100   ddiv.o
       186          0          0          0          0        176   depilogue.o
        48          0          0          0          0         68   dfixul.o
       228          0          0          0          0         96   dmul.o
        46          0          0          0          0         80   dscalb.o
        38          0          0          0          0         68   f2d.o
       110          0          0          0          0        168   fepilogue.o
        40          0          0          0          0         68   ffixui.o
        10          0          0          0          0         68   ffltui.o
       100          0          0          0          0         76   fmul.o
        24          0          0          0          0         68   fscalb.o

    ----------------------------------------------------------------------
     39334       2864       1128         50        656      23072   Library Totals
        50          0          3          6          0          0   (incl. Padding)

    ----------------------------------------------------------------------

      Code (inc. data)   RO Data    RW Data    ZI Data      Debug   Library Name

     35010       2762       1125         44        656      20296   Net_Dbg_CM3_L.lib
      2840        102          0          0          0       1524   mc_w.l
      1434          0          0          0          0       1252   mf_w.l

    ----------------------------------------------------------------------
     39334       2864       1128         50        656      23072   Library Totals

    ----------------------------------------------------------------------

==============================================================================


      Code (inc. data)   RO Data    RW Data    ZI Data      Debug   

     93896       4862      33284      34704      29676    1261109   Grand Totals
     93896       4862      33284        312      29676    1261109   ELF Image Totals (compressed)
     93896       4862      33284        312          0          0   ROM Totals

==============================================================================

    Total RO  Size (Code + RO Data)               127180 ( 124.20kB)
    Total RW  Size (RW Data + ZI Data)             64380 (  62.87kB)
    Total ROM Size (Code + RO Data + RW Data)     127492 ( 124.50kB)

==============================================================================

